Archive member included to satisfy reference by file (symbol)

c:/st/stm32cubeide_1.11.0/stm32cubeide/plugins/com.st.stm32cube.ide.mcu.externaltools.gnu-tools-for-stm32.10.3-2021.10.win32_1.0.100.202210260954/tools/bin/../lib/gcc/arm-none-eabi/10.3.1/../../../../arm-none-eabi/lib/thumb/v7e-m+fp/hard\libstdc++_nano.a(del_ops.o)
                              ./Core/Src/Button.o (operator delete(void*, unsigned int))
c:/st/stm32cubeide_1.11.0/stm32cubeide/plugins/com.st.stm32cube.ide.mcu.externaltools.gnu-tools-for-stm32.10.3-2021.10.win32_1.0.100.202210260954/tools/bin/../lib/gcc/arm-none-eabi/10.3.1/../../../../arm-none-eabi/lib/thumb/v7e-m+fp/hard\libstdc++_nano.a(del_opv.o)
                              ./Core/Src/Nextion.o (operator delete[](void*))
c:/st/stm32cubeide_1.11.0/stm32cubeide/plugins/com.st.stm32cube.ide.mcu.externaltools.gnu-tools-for-stm32.10.3-2021.10.win32_1.0.100.202210260954/tools/bin/../lib/gcc/arm-none-eabi/10.3.1/../../../../arm-none-eabi/lib/thumb/v7e-m+fp/hard\libstdc++_nano.a(guard.o)
                              ./Core/Src/MainWrapper.o (__cxa_guard_acquire)
c:/st/stm32cubeide_1.11.0/stm32cubeide/plugins/com.st.stm32cube.ide.mcu.externaltools.gnu-tools-for-stm32.10.3-2021.10.win32_1.0.100.202210260954/tools/bin/../lib/gcc/arm-none-eabi/10.3.1/../../../../arm-none-eabi/lib/thumb/v7e-m+fp/hard\libstdc++_nano.a(new_opv.o)
                              ./Core/Src/Nextion.o (operator new[](unsigned int))
c:/st/stm32cubeide_1.11.0/stm32cubeide/plugins/com.st.stm32cube.ide.mcu.externaltools.gnu-tools-for-stm32.10.3-2021.10.win32_1.0.100.202210260954/tools/bin/../lib/gcc/arm-none-eabi/10.3.1/../../../../arm-none-eabi/lib/thumb/v7e-m+fp/hard\libstdc++_nano.a(del_op.o)
                              c:/st/stm32cubeide_1.11.0/stm32cubeide/plugins/com.st.stm32cube.ide.mcu.externaltools.gnu-tools-for-stm32.10.3-2021.10.win32_1.0.100.202210260954/tools/bin/../lib/gcc/arm-none-eabi/10.3.1/../../../../arm-none-eabi/lib/thumb/v7e-m+fp/hard\libstdc++_nano.a(del_ops.o) (operator delete(void*))
c:/st/stm32cubeide_1.11.0/stm32cubeide/plugins/com.st.stm32cube.ide.mcu.externaltools.gnu-tools-for-stm32.10.3-2021.10.win32_1.0.100.202210260954/tools/bin/../lib/gcc/arm-none-eabi/10.3.1/../../../../arm-none-eabi/lib/thumb/v7e-m+fp/hard\libstdc++_nano.a(new_op.o)
                              c:/st/stm32cubeide_1.11.0/stm32cubeide/plugins/com.st.stm32cube.ide.mcu.externaltools.gnu-tools-for-stm32.10.3-2021.10.win32_1.0.100.202210260954/tools/bin/../lib/gcc/arm-none-eabi/10.3.1/../../../../arm-none-eabi/lib/thumb/v7e-m+fp/hard\libstdc++_nano.a(new_opv.o) (operator new(unsigned int))
c:/st/stm32cubeide_1.11.0/stm32cubeide/plugins/com.st.stm32cube.ide.mcu.externaltools.gnu-tools-for-stm32.10.3-2021.10.win32_1.0.100.202210260954/tools/bin/../lib/gcc/arm-none-eabi/10.3.1/../../../../arm-none-eabi/lib/thumb/v7e-m+fp/hard\libstdc++_nano.a(new_handler.o)
                              c:/st/stm32cubeide_1.11.0/stm32cubeide/plugins/com.st.stm32cube.ide.mcu.externaltools.gnu-tools-for-stm32.10.3-2021.10.win32_1.0.100.202210260954/tools/bin/../lib/gcc/arm-none-eabi/10.3.1/../../../../arm-none-eabi/lib/thumb/v7e-m+fp/hard\libstdc++_nano.a(new_op.o) (std::get_new_handler())
c:/st/stm32cubeide_1.11.0/stm32cubeide/plugins/com.st.stm32cube.ide.mcu.externaltools.gnu-tools-for-stm32.10.3-2021.10.win32_1.0.100.202210260954/tools/bin/../lib/gcc/arm-none-eabi/10.3.1/../../../../arm-none-eabi/lib/thumb/v7e-m+fp/hard\libc_nano.a(lib_a-abort.o)
                              c:/st/stm32cubeide_1.11.0/stm32cubeide/plugins/com.st.stm32cube.ide.mcu.externaltools.gnu-tools-for-stm32.10.3-2021.10.win32_1.0.100.202210260954/tools/bin/../lib/gcc/arm-none-eabi/10.3.1/../../../../arm-none-eabi/lib/thumb/v7e-m+fp/hard\libstdc++_nano.a(new_op.o) (abort)
c:/st/stm32cubeide_1.11.0/stm32cubeide/plugins/com.st.stm32cube.ide.mcu.externaltools.gnu-tools-for-stm32.10.3-2021.10.win32_1.0.100.202210260954/tools/bin/../lib/gcc/arm-none-eabi/10.3.1/../../../../arm-none-eabi/lib/thumb/v7e-m+fp/hard\libc_nano.a(lib_a-errno.o)
                              ./Core/Src/syscalls.o (__errno)
c:/st/stm32cubeide_1.11.0/stm32cubeide/plugins/com.st.stm32cube.ide.mcu.externaltools.gnu-tools-for-stm32.10.3-2021.10.win32_1.0.100.202210260954/tools/bin/../lib/gcc/arm-none-eabi/10.3.1/../../../../arm-none-eabi/lib/thumb/v7e-m+fp/hard\libc_nano.a(lib_a-exit.o)
                              c:/st/stm32cubeide_1.11.0/stm32cubeide/plugins/com.st.stm32cube.ide.mcu.externaltools.gnu-tools-for-stm32.10.3-2021.10.win32_1.0.100.202210260954/tools/bin/../lib/gcc/arm-none-eabi/10.3.1/../../../../arm-none-eabi/lib/thumb/v7e-m+fp/hard/crt0.o (exit)
c:/st/stm32cubeide_1.11.0/stm32cubeide/plugins/com.st.stm32cube.ide.mcu.externaltools.gnu-tools-for-stm32.10.3-2021.10.win32_1.0.100.202210260954/tools/bin/../lib/gcc/arm-none-eabi/10.3.1/../../../../arm-none-eabi/lib/thumb/v7e-m+fp/hard\libc_nano.a(lib_a-impure.o)
[...]
Memory Configuration

Name             Origin             Length             Attributes
RAM              0x0000000020000000 0x0000000000040000 xrw
FLASH            0x0000000008000000 0x0000000000080000 xr
*default*        0x0000000000000000 0xffffffffffffffff

Linker script and memory map

LOAD c:/st/stm32cubeide_1.11.0/stm32cubeide/plugins/com.st.stm32cube.ide.mcu.externaltools.gnu-tools-for-stm32.10.3-2021.10.win32_1.0.100.202210260954/tools/bin/../lib/gcc/arm-none-eabi/10.3.1/thumb/v7e-m+fp/hard/crti.o
LOAD c:/st/stm32cubeide_1.11.0/stm32cubeide/plugins/com.st.stm32cube.ide.mcu.externaltools.gnu-tools-for-stm32.10.3-2021.10.win32_1.0.100.202210260954/tools/bin/../lib/gcc/arm-none-eabi/10.3.1/thumb/v7e-m+fp/hard/crtbegin.o
LOAD c:/st/stm32cubeide_1.11.0/stm32cubeide/plugins/com.st.stm32cube.ide.mcu.externaltools.gnu-tools-for-stm32.10.3-2021.10.win32_1.0.100.202210260954/tools/bin/../lib/gcc/arm-none-eabi/10.3.1/../../../../arm-none-eabi/lib/thumb/v7e-m+fp/hard/crt0.o
LOAD ./Core/Src/Button.o
LOAD ./Core/Src/MainWrapper.o
LOAD ./Core/Src/Nextion.o
LOAD ./Core/Src/PCA9634.o
LOAD ./Core/Src/ShiftRegs.o
LOAD ./Core/Src/Utils.o
LOAD ./Core/Src/main.o
LOAD ./Core/Src/stm32f4xx_hal_msp.o
LOAD ./Core/Src/stm32f4xx_it.o
LOAD ./Core/Src/syscalls.o
LOAD ./Core/Src/sysmem.o
LOAD ./Core/Src/system_stm32f4xx.o
LOAD ./Core/Startup/startup_stm32f412vetx.o
LOAD ./Drivers/STM32F4xx_HAL_Driver/Src/stm32f4xx_hal.o
LOAD ./Drivers/STM32F4xx_HAL_Driver/Src/stm32f4xx_hal_adc.o
LOAD ./Drivers/STM32F4xx_HAL_Driver/Src/stm32f4xx_hal_adc_ex.o
LOAD ./Drivers/STM32F4xx_HAL_Driver/Src/stm32f4xx_hal_cortex.o
LOAD ./Drivers/STM32F4xx_HAL_Driver/Src/stm32f4xx_hal_dma.o
LOAD ./Drivers/STM32F4xx_HAL_Driver/Src/stm32f4xx_hal_dma_ex.o
LOAD ./Drivers/STM32F4xx_HAL_Driver/Src/stm32f4xx_hal_exti.o
LOAD ./Drivers/STM32F4xx_HAL_Driver/Src/stm32f4xx_hal_flash.o
LOAD ./Drivers/STM32F4xx_HAL_Driver/Src/stm32f4xx_hal_flash_ex.o
LOAD ./Drivers/STM32F4xx_HAL_Driver/Src/stm32f4xx_hal_flash_ramfunc.o
LOAD ./Drivers/STM32F4xx_HAL_Driver/Src/stm32f4xx_hal_gpio.o
LOAD ./Drivers/STM32F4xx_HAL_Driver/Src/stm32f4xx_hal_i2c.o
LOAD ./Drivers/STM32F4xx_HAL_Driver/Src/stm32f4xx_hal_i2c_ex.o
LOAD ./Drivers/STM32F4xx_HAL_Driver/Src/stm32f4xx_hal_pwr.o
LOAD ./Drivers/STM32F4xx_HAL_Driver/Src/stm32f4xx_hal_pwr_ex.o
LOAD ./Drivers/STM32F4xx_HAL_Driver/Src/stm32f4xx_hal_rcc.o
LOAD ./Drivers/STM32F4xx_HAL_Driver/Src/stm32f4xx_hal_rcc_ex.o
LOAD ./Drivers/STM32F4xx_HAL_Driver/Src/stm32f4xx_hal_spi.o
LOAD ./Drivers/STM32F4xx_HAL_Driver/Src/stm32f4xx_hal_tim.o
LOAD ./Drivers/STM32F4xx_HAL_Driver/Src/stm32f4xx_hal_tim_ex.o
LOAD ./Drivers/STM32F4xx_HAL_Driver/Src/stm32f4xx_hal_uart.o
LOAD ./Drivers/STM32F4xx_HAL_Driver/Src/stm32f4xx_ll_adc.o
START GROUP
LOAD c:/st/stm32cubeide_1.11.0/stm32cubeide/plugins/com.st.stm32cube.ide.mcu.externaltools.gnu-tools-for-stm32.10.3-2021.10.win32_1.0.100.202210260954/tools/bin/../lib/gcc/arm-none-eabi/10.3.1/../../../../arm-none-eabi/lib/thumb/v7e-m+fp/hard\libstdc++_nano.a
LOAD c:/st/stm32cubeide_1.11.0/stm32cubeide/plugins/com.st.stm32cube.ide.mcu.externaltools.gnu-tools-for-stm32.10.3-2021.10.win32_1.0.100.202210260954/tools/bin/../lib/gcc/arm-none-eabi/10.3.1/../../../../arm-none-eabi/lib/thumb/v7e-m+fp/hard\libsupc++_nano.a
END GROUP
LOAD c:/st/stm32cubeide_1.11.0/stm32cubeide/plugins/com.st.stm32cube.ide.mcu.externaltools.gnu-tools-for-stm32.10.3-2021.10.win32_1.0.100.202210260954/tools/bin/../lib/gcc/arm-none-eabi/10.3.1/../../../../arm-none-eabi/lib/thumb/v7e-m+fp/hard\libstdc++_nano.a
LOAD c:/st/stm32cubeide_1.11.0/stm32cubeide/plugins/com.st.stm32cube.ide.mcu.externaltools.gnu-tools-for-stm32.10.3-2021.10.win32_1.0.100.202210260954/tools/bin/../lib/gcc/arm-none-eabi/10.3.1/../../../../arm-none-eabi/lib/thumb/v7e-m+fp/hard\libm.a
LOAD c:/st/stm32cubeide_1.11.0/stm32cubeide/plugins/com.st.stm32cube.ide.mcu.externaltools.gnu-tools-for-stm32.10.3-2021.10.win32_1.0.100.202210260954/tools/bin/../lib/gcc/arm-none-eabi/10.3.1/../../../../arm-none-eabi/lib/thumb/v7e-m+fp/hard\libc_nano.a
START GROUP
LOAD c:/st/stm32cubeide_1.11.0/stm32cubeide/plugins/com.st.stm32cube.ide.mcu.externaltools.gnu-tools-for-stm32.10.3-2021.10.win32_1.0.100.202210260954/tools/bin/../lib/gcc/arm-none-eabi/10.3.1/thumb/v7e-m+fp/hard\libgcc.a
LOAD c:/st/stm32cubeide_1.11.0/stm32cubeide/plugins/com.st.stm32cube.ide.mcu.externaltools.gnu-tools-for-stm32.10.3-2021.10.win32_1.0.100.202210260954/tools/bin/../lib/gcc/arm-none-eabi/10.3.1/../../../../arm-none-eabi/lib/thumb/v7e-m+fp/hard\libc_nano.a
END GROUP
START GROUP
LOAD c:/st/stm32cubeide_1.11.0/stm32cubeide/plugins/com.st.stm32cube.ide.mcu.externaltools.gnu-tools-for-stm32.10.3-2021.10.win32_1.0.100.202210260954/tools/bin/../lib/gcc/arm-none-eabi/10.3.1/thumb/v7e-m+fp/hard\libgcc.a
LOAD c:/st/stm32cubeide_1.11.0/stm32cubeide/plugins/com.st.stm32cube.ide.mcu.externaltools.gnu-tools-for-stm32.10.3-2021.10.win32_1.0.100.202210260954/tools/bin/../lib/gcc/arm-none-eabi/10.3.1/../../../../arm-none-eabi/lib/thumb/v7e-m+fp/hard\libc_nano.a
LOAD c:/st/stm32cubeide_1.11.0/stm32cubeide/plugins/com.st.stm32cube.ide.mcu.externaltools.gnu-tools-for-stm32.10.3-2021.10.win32_1.0.100.202210260954/tools/bin/../lib/gcc/arm-none-eabi/10.3.1/../../../../arm-none-eabi/lib/thumb/v7e-m+fp/hard\libnosys.a
END GROUP
START GROUP
LOAD c:/st/stm32cubeide_1.11.0/stm32cubeide/plugins/com.st.stm32cube.ide.mcu.externaltools.gnu-tools-for-stm32.10.3-2021.10.win32_1.0.100.202210260954/tools/bin/../lib/gcc/arm-none-eabi/10.3.1/thumb/v7e-m+fp/hard\libgcc.a
LOAD c:/st/stm32cubeide_1.11.0/stm32cubeide/plugins/com.st.stm32cube.ide.mcu.externaltools.gnu-tools-for-stm32.10.3-2021.10.win32_1.0.100.202210260954/tools/bin/../lib/gcc/arm-none-eabi/10.3.1/../../../../arm-none-eabi/lib/thumb/v7e-m+fp/hard\libc_nano.a
LOAD c:/st/stm32cubeide_1.11.0/stm32cubeide/plugins/com.st.stm32cube.ide.mcu.externaltools.gnu-tools-for-stm32.10.3-2021.10.win32_1.0.100.202210260954/tools/bin/../lib/gcc/arm-none-eabi/10.3.1/../../../../arm-none-eabi/lib/thumb/v7e-m+fp/hard\libnosys.a
END GROUP
LOAD c:/st/stm32cubeide_1.11.0/stm32cubeide/plugins/com.st.stm32cube.ide.mcu.externaltools.gnu-tools-for-stm32.10.3-2021.10.win32_1.0.100.202210260954/tools/bin/../lib/gcc/arm-none-eabi/10.3.1/thumb/v7e-m+fp/hard/crtend.o
LOAD c:/st/stm32cubeide_1.11.0/stm32cubeide/plugins/com.st.stm32cube.ide.mcu.externaltools.gnu-tools-for-stm32.10.3-2021.10.win32_1.0.100.202210260954/tools/bin/../lib/gcc/arm-none-eabi/10.3.1/thumb/v7e-m+fp/hard/crtn.o
                0x0000000020040000                _estack = (ORIGIN (RAM) + LENGTH (RAM))
                0x0000000000000200                _Min_Heap_Size = 0x200
                0x0000000000000400                _Min_Stack_Size = 0x400

.isr_vector     0x0000000008000000      0x1c4
                0x0000000008000000                . = ALIGN (0x4)
 *(.isr_vector)
 .isr_vector    0x0000000008000000      0x1c4 ./Core/Startup/startup_stm32f412vetx.o
                0x0000000008000000                g_pfnVectors
                0x00000000080001c4                . = ALIGN (0x4)

.text           0x00000000080001d0     0x6658
                0x00000000080001d0                . = ALIGN (0x4)
 *(.text)
 .text          0x00000000080001d0       0x40 c:/st/stm32cubeide_1.11.0/stm32cubeide/plugins/com.st.stm32cube.ide.mcu.externaltools.gnu-tools-for-stm32.10.3-2021.10.win32_1.0.100.202210260954/tools/bin/../lib/gcc/arm-none-eabi/10.3.1/thumb/v7e-m+fp/hard/crtbegin.o
 .text          0x0000000008000210       0x10 c:/st/stm32cubeide_1.11.0/stm32cubeide/plugins/com.st.stm32cube.ide.mcu.externaltools.gnu-tools-for-stm32.10.3-2021.10.win32_1.0.100.202210260954/tools/bin/../lib/gcc/arm-none-eabi/10.3.1/../../../../arm-none-eabi/lib/thumb/v7e-m+fp/hard\libc_nano.a(lib_a-strlen.o)
                0x0000000008000210                strlen
 .text          0x0000000008000220       0xa0 c:/st/stm32cubeide_1.11.0/stm32cubeide/plugins/com.st.stm32cube.ide.mcu.externaltools.gnu-tools-for-stm32.10.3-2021.10.win32_1.0.100.202210260954/tools/bin/../lib/gcc/arm-none-eabi/10.3.1/../../../../arm-none-eabi/lib/thumb/v7e-m+fp/hard\libc_nano.a(lib_a-memchr.o)
                0x0000000008000220                memchr
 .text          0x00000000080002c0       0x30 c:/st/stm32cubeide_1.11.0/stm32cubeide/plugins/com.st.stm32cube.ide.mcu.externaltools.gnu-tools-for-stm32.10.3-2021.10.win32_1.0.100.202210260954/tools/bin/../lib/gcc/arm-none-eabi/10.3.1/thumb/v7e-m+fp/hard\libgcc.a(_aeabi_uldivmod.o)
                0x00000000080002c0                __aeabi_uldivmod
 .text          0x00000000080002f0      0x2d0 c:/st/stm32cubeide_1.11.0/stm32cubeide/plugins/com.st.stm32cube.ide.mcu.externaltools.gnu-tools-for-stm32.10.3-2021.10.win32_1.0.100.202210260954/tools/bin/../lib/gcc/arm-none-eabi/10.3.1/thumb/v7e-m+fp/hard\libgcc.a(_udivmoddi4.o)
                0x00000000080002f0                __udivmoddi4
 .text          0x00000000080005c0        0x4 c:/st/stm32cubeide_1.11.0/stm32cubeide/plugins/com.st.stm32cube.ide.mcu.externaltools.gnu-tools-for-stm32.10.3-2021.10.win32_1.0.100.202210260954/tools/bin/../lib/gcc/arm-none-eabi/10.3.1/thumb/v7e-m+fp/hard\libgcc.a(_dvmd_tls.o)
                0x00000000080005c0                __aeabi_idiv0
                0x00000000080005c0                __aeabi_ldiv0
 *(.text*)
 .text._ZN6ButtonC2Ev
                0x00000000080005c4       0x20 ./Core/Src/Button.o
                0x00000000080005c4                Button::Button()
                0x00000000080005c4                Button::Button()
 .text._ZN6ButtonD2Ev
                0x00000000080005e4       0x20 ./Core/Src/Button.o
                0x00000000080005e4                Button::~Button()
                0x00000000080005e4                Button::~Button()
 .text._ZN6ButtonD0Ev
                0x0000000008000604       0x20 ./Core/Src/Button.o
                0x0000000008000604                Button::~Button()
 .text._ZN3PinC2Ev
                0x0000000008000624       0x16 ./Core/Src/MainWrapper.o
                0x0000000008000624                Pin::Pin()
                0x0000000008000624                Pin::Pin()
 .text._ZN3PinC2EP12GPIO_TypeDeft
                0x000000000800063a       0x36 ./Core/Src/MainWrapper.o
                0x000000000800063a                Pin::Pin(GPIO_TypeDef*, unsigned short)
                0x000000000800063a                Pin::Pin(GPIO_TypeDef*, unsigned short)
 .text._ZN9ShiftRegsC2Ev
                0x0000000008000670       0x30 ./Core/Src/MainWrapper.o
                0x0000000008000670                ShiftRegs::ShiftRegs()
                0x0000000008000670                ShiftRegs::ShiftRegs()
 .text._ZN9ShiftRegsaSERKS_
                0x00000000080006a0       0x60 ./Core/Src/MainWrapper.o
                0x00000000080006a0                ShiftRegs::operator=(ShiftRegs const&)
 .text.Init     0x0000000008000700       0xe8 ./Core/Src/MainWrapper.o
                0x0000000008000700                Init
 .text.InitTest
                0x00000000080007e8       0x14 ./Core/Src/MainWrapper.o
                0x00000000080007e8                InitTest
 .text.Main     0x00000000080007fc      0x13c ./Core/Src/MainWrapper.o
                0x00000000080007fc                Main
 .text.MenuUpInterruptCallback
                0x0000000008000938       0x14 ./Core/Src/MainWrapper.o
                0x0000000008000938                MenuUpInterruptCallback
 .text.MenuDownInterruptCallback
                0x000000000800094c       0x14 ./Core/Src/MainWrapper.o
                0x000000000800094c                MenuDownInterruptCallback
 .text.MenuRightInterruptCallback
                0x0000000008000960       0x14 ./Core/Src/MainWrapper.o
                0x0000000008000960                MenuRightInterruptCallback
 .text.MenuActInterruptCallback
                0x0000000008000974       0x14 ./Core/Src/MainWrapper.o
                0x0000000008000974                MenuActInterruptCallback
 .text.MenuBackInterruptCallback
                0x0000000008000988       0x14 ./Core/Src/MainWrapper.o
                0x0000000008000988                MenuBackInterruptCallback
 .text.Enc1TurnInterruptCallback
                0x000000000800099c        0xe ./Core/Src/MainWrapper.o
                0x000000000800099c                Enc1TurnInterruptCallback
 .text.Enc2TurnInterruptCallback
                0x00000000080009aa        0xe ./Core/Src/MainWrapper.o
                0x00000000080009aa                Enc2TurnInterruptCallback
 .text._Z41__static_initialization_and_destruction_0ii
                0x00000000080009b8       0x74 ./Core/Src/MainWrapper.o
 .text._GLOBAL__sub_I_currentADCHandle
                0x0000000008000a2c       0x10 ./Core/Src/MainWrapper.o
 .text._GLOBAL__sub_D_currentADCHandle
                0x0000000008000a3c       0x10 ./Core/Src/MainWrapper.o
 .text._ZN7NextionC2Ev
                0x0000000008000a4c       0x4c ./Core/Src/Nextion.o
                0x0000000008000a4c                Nextion::Nextion()
                0x0000000008000a4c                Nextion::Nextion()
 .text._ZN7NextionD2Ev
                0x0000000008000a98       0x54 ./Core/Src/Nextion.o
                0x0000000008000a98                Nextion::~Nextion()
                0x0000000008000a98                Nextion::~Nextion()
 .text._ZN7NextionD0Ev
                0x0000000008000aec       0x20 ./Core/Src/Nextion.o
                0x0000000008000aec                Nextion::~Nextion()
 .text._ZN7Nextion7StartupEP20__UART_HandleTypeDef
                0x0000000008000b0c       0x38 ./Core/Src/Nextion.o
                0x0000000008000b0c                Nextion::Startup(__UART_HandleTypeDef*)
 .text._ZN7Nextion12CommandCheckEv
                0x0000000008000b44       0x2e ./Core/Src/Nextion.o
                0x0000000008000b44                Nextion::CommandCheck()
 *fill*         0x0000000008000b72        0x2 
 .text._ZN7Nextion11SendCommandEv
                0x0000000008000b74       0x64 ./Core/Src/Nextion.o
                0x0000000008000b74                Nextion::SendCommand()
 .text._ZN7Nextion11SendCommandEPKc
                0x0000000008000bd8       0x60 ./Core/Src/Nextion.o
                0x0000000008000bd8                Nextion::SendCommand(char const*)
 .text._ZN7Nextion9SetNumberEhi
                0x0000000008000c38       0x34 ./Core/Src/Nextion.o
                0x0000000008000c38                Nextion::SetNumber(unsigned char, int)
 .text._ZN7Nextion14SetProgressBarEhh
                0x0000000008000c6c       0x38 ./Core/Src/Nextion.o
                0x0000000008000c6c                Nextion::SetProgressBar(unsigned char, unsigned char)
 .text._ZN9ShiftRegsC2EP19__SPI_HandleTypeDef3PinS2_
                0x0000000008000ca4       0x84 ./Core/Src/ShiftRegs.o
                0x0000000008000ca4                ShiftRegs::ShiftRegs(__SPI_HandleTypeDef*, Pin, Pin)
                0x0000000008000ca4                ShiftRegs::ShiftRegs(__SPI_HandleTypeDef*, Pin, Pin)
 .text._ZN9ShiftRegsD2Ev
                0x0000000008000d28       0x30 ./Core/Src/ShiftRegs.o
                0x0000000008000d28                ShiftRegs::~ShiftRegs()
                0x0000000008000d28                ShiftRegs::~ShiftRegs()
 .text._ZN9ShiftRegsD0Ev
                0x0000000008000d58       0x20 ./Core/Src/ShiftRegs.o
                0x0000000008000d58                ShiftRegs::~ShiftRegs()
 .text._ZN9ShiftRegs4InitEv
                0x0000000008000d78       0x24 ./Core/Src/ShiftRegs.o
                0x0000000008000d78                ShiftRegs::Init()
 .text._ZN9ShiftRegs13IndicatorTestEv
                0x0000000008000d9c       0x4c ./Core/Src/ShiftRegs.o
                0x0000000008000d9c                ShiftRegs::IndicatorTest()
 .text._ZN9ShiftRegs8SetValueE8LEDStatej
                0x0000000008000de8       0x22 ./Core/Src/ShiftRegs.o
                0x0000000008000de8                ShiftRegs::SetValue(LEDState, unsigned int)
 .text._ZN9ShiftRegs8SetValueEhj
                0x0000000008000e0a       0x5a ./Core/Src/ShiftRegs.o
                0x0000000008000e0a                ShiftRegs::SetValue(unsigned char, unsigned int)
 .text._ZN9ShiftRegs11ToggleValueEj
                0x0000000008000e64       0x30 ./Core/Src/ShiftRegs.o
                0x0000000008000e64                ShiftRegs::ToggleValue(unsigned int)
 .text._ZN9ShiftRegs8GetValueEj
                0x0000000008000e94       0x2a ./Core/Src/ShiftRegs.o
                0x0000000008000e94                ShiftRegs::GetValue(unsigned int)
 .text._ZN9ShiftRegs6UpdateEv
                0x0000000008000ebe       0x70 ./Core/Src/ShiftRegs.o
                0x0000000008000ebe                ShiftRegs::Update()
 .text._ZN3Pin5WriteE13GPIO_PinState
                0x0000000008000f2e       0x3a ./Core/Src/Utils.o
                0x0000000008000f2e                Pin::Write(GPIO_PinState)
 .text._ZN3Pin5ClearEv
                0x0000000008000f68       0x22 ./Core/Src/Utils.o
                0x0000000008000f68                Pin::Clear()
 .text.HAL_GPIO_EXTI_Callback
                0x0000000008000f8a       0x86 ./Core/Src/main.o
                0x0000000008000f8a                HAL_GPIO_EXTI_Callback
 .text.main     0x0000000008001010       0xc4 ./Core/Src/main.o
                0x0000000008001010                main
 .text.SystemClock_Config
                0x00000000080010d4       0xd4 ./Core/Src/main.o
                0x00000000080010d4                SystemClock_Config
 .text.MX_ADC1_Init
                0x00000000080011a8       0xa8 ./Core/Src/main.o
 .text.MX_I2C1_Init
                0x0000000008001250       0x5c ./Core/Src/main.o
 .text.MX_SPI2_Init
                0x00000000080012ac       0x6c ./Core/Src/main.o
 .text.MX_SPI5_Init
                0x0000000008001318       0x70 ./Core/Src/main.o
 .text.MX_TIM2_Init
                0x0000000008001388      0x100 ./Core/Src/main.o
 .text.MX_TIM3_Init
                0x0000000008001488      0x138 ./Core/Src/main.o
 .text.MX_TIM6_Init
                0x00000000080015c0       0x7c ./Core/Src/main.o
 .text.MX_USART1_UART_Init
                0x000000000800163c       0x54 ./Core/Src/main.o
 .text.MX_USART2_UART_Init
                0x0000000008001690       0x54 ./Core/Src/main.o
 .text.MX_DMA_Init
                0x00000000080016e4       0x40 ./Core/Src/main.o
 .text.MX_GPIO_Init
                0x0000000008001724      0x26c ./Core/Src/main.o
 .text.Error_Handler
                0x0000000008001990        0xa ./Core/Src/main.o
                0x0000000008001990                Error_Handler
 *fill*         0x000000000800199a        0x2 
 .text.HAL_MspInit
                0x000000000800199c       0x50 ./Core/Src/stm32f4xx_hal_msp.o
                0x000000000800199c                HAL_MspInit
 .text.HAL_ADC_MspInit
                0x00000000080019ec      0x160 ./Core/Src/stm32f4xx_hal_msp.o
                0x00000000080019ec                HAL_ADC_MspInit
 .text.HAL_I2C_MspInit
                0x0000000008001b4c       0x90 ./Core/Src/stm32f4xx_hal_msp.o
                0x0000000008001b4c                HAL_I2C_MspInit
 .text.HAL_SPI_MspInit
                0x0000000008001bdc      0x100 ./Core/Src/stm32f4xx_hal_msp.o
                0x0000000008001bdc                HAL_SPI_MspInit
 .text.HAL_TIM_Base_MspInit
                0x0000000008001cdc       0xa4 ./Core/Src/stm32f4xx_hal_msp.o
                0x0000000008001cdc                HAL_TIM_Base_MspInit
 .text.HAL_TIM_MspPostInit
                0x0000000008001d80       0xc0 ./Core/Src/stm32f4xx_hal_msp.o
                0x0000000008001d80                HAL_TIM_MspPostInit
 .text.HAL_UART_MspInit
                0x0000000008001e40       0xf8 ./Core/Src/stm32f4xx_hal_msp.o
                0x0000000008001e40                HAL_UART_MspInit
 .text.NMI_Handler
                0x0000000008001f38        0x6 ./Core/Src/stm32f4xx_it.o
                0x0000000008001f38                NMI_Handler
 .text.HardFault_Handler
                0x0000000008001f3e        0x6 ./Core/Src/stm32f4xx_it.o
                0x0000000008001f3e                HardFault_Handler
 .text.MemManage_Handler
                0x0000000008001f44        0x6 ./Core/Src/stm32f4xx_it.o
                0x0000000008001f44                MemManage_Handler
 .text.BusFault_Handler
                0x0000000008001f4a        0x6 ./Core/Src/stm32f4xx_it.o
                0x0000000008001f4a                BusFault_Handler
 .text.UsageFault_Handler
                0x0000000008001f50        0x6 ./Core/Src/stm32f4xx_it.o
                0x0000000008001f50                UsageFault_Handler
 .text.SVC_Handler
                0x0000000008001f56        0xe ./Core/Src/stm32f4xx_it.o
                0x0000000008001f56                SVC_Handler
 .text.DebugMon_Handler
                0x0000000008001f64        0xe ./Core/Src/stm32f4xx_it.o
                0x0000000008001f64                DebugMon_Handler
 .text.PendSV_Handler
                0x0000000008001f72        0xe ./Core/Src/stm32f4xx_it.o
                0x0000000008001f72                PendSV_Handler
 .text.SysTick_Handler
                0x0000000008001f80        0xc ./Core/Src/stm32f4xx_it.o
                0x0000000008001f80                SysTick_Handler
 .text.EXTI0_IRQHandler
                0x0000000008001f8c        0xe ./Core/Src/stm32f4xx_it.o
                0x0000000008001f8c                EXTI0_IRQHandler
 .text.EXTI1_IRQHandler
                0x0000000008001f9a        0xe ./Core/Src/stm32f4xx_it.o
                0x0000000008001f9a                EXTI1_IRQHandler
 .text.EXTI3_IRQHandler
                0x0000000008001fa8        0xe ./Core/Src/stm32f4xx_it.o
                0x0000000008001fa8                EXTI3_IRQHandler
 .text.EXTI9_5_IRQHandler
                0x0000000008001fb6       0x1e ./Core/Src/stm32f4xx_it.o
                0x0000000008001fb6                EXTI9_5_IRQHandler
 .text.EXTI15_10_IRQHandler
                0x0000000008001fd4       0x30 ./Core/Src/stm32f4xx_it.o
                0x0000000008001fd4                EXTI15_10_IRQHandler
 .text.TIM6_IRQHandler
                0x0000000008002004       0x14 ./Core/Src/stm32f4xx_it.o
                0x0000000008002004                TIM6_IRQHandler
 .text.DMA2_Stream0_IRQHandler
                0x0000000008002018       0x14 ./Core/Src/stm32f4xx_it.o
                0x0000000008002018                DMA2_Stream0_IRQHandler
 .text._getpid  0x000000000800202c       0x10 ./Core/Src/syscalls.o
                0x000000000800202c                _getpid
 .text._kill    0x000000000800203c       0x20 ./Core/Src/syscalls.o
                0x000000000800203c                _kill
 .text._exit    0x000000000800205c       0x14 ./Core/Src/syscalls.o
                0x000000000800205c                _exit
 .text._sbrk    0x0000000008002070       0x6c ./Core/Src/sysmem.o
                0x0000000008002070                _sbrk
 .text.SystemInit
                0x00000000080020dc       0x24 ./Core/Src/system_stm32f4xx.o
                0x00000000080020dc                SystemInit
 .text.Reset_Handler
                0x0000000008002100       0x50 ./Core/Startup/startup_stm32f412vetx.o
                0x0000000008002100                Reset_Handler
 .text.Default_Handler
                0x0000000008002150        0x2 ./Core/Startup/startup_stm32f412vetx.o
                0x0000000008002150                RTC_Alarm_IRQHandler
                0x0000000008002150                EXTI2_IRQHandler
                0x0000000008002150                TIM8_CC_IRQHandler
                0x0000000008002150                FMPI2C1_EV_IRQHandler
                0x0000000008002150                SPI4_IRQHandler
                0x0000000008002150                TIM1_CC_IRQHandler
                0x0000000008002150                DMA2_Stream5_IRQHandler
                0x0000000008002150                DMA1_Stream5_IRQHandler
                0x0000000008002150                PVD_IRQHandler
                0x0000000008002150                SDIO_IRQHandler
                0x0000000008002150                TAMP_STAMP_IRQHandler
                0x0000000008002150                CAN2_RX1_IRQHandler
                0x0000000008002150                TIM8_TRG_COM_TIM14_IRQHandler
                0x0000000008002150                DFSDM1_FLT1_IRQHandler
                0x0000000008002150                TIM1_UP_TIM10_IRQHandler
                0x0000000008002150                TIM8_UP_TIM13_IRQHandler
                0x0000000008002150                I2C3_ER_IRQHandler
                0x0000000008002150                I2C2_EV_IRQHandler
                0x0000000008002150                DMA1_Stream2_IRQHandler
                0x0000000008002150                CAN1_RX0_IRQHandler
                0x0000000008002150                FPU_IRQHandler
                0x0000000008002150                CAN2_SCE_IRQHandler
                0x0000000008002150                DMA2_Stream2_IRQHandler
                0x0000000008002150                SPI1_IRQHandler
                0x0000000008002150                TIM1_BRK_TIM9_IRQHandler
                0x0000000008002150                CAN2_RX0_IRQHandler
                0x0000000008002150                DMA2_Stream3_IRQHandler
                0x0000000008002150                USART6_IRQHandler
                0x0000000008002150                USART3_IRQHandler
                0x0000000008002150                CAN1_RX1_IRQHandler
                0x0000000008002150                TIM4_IRQHandler
                0x0000000008002150                QUADSPI_IRQHandler
                0x0000000008002150                I2C1_EV_IRQHandler
                0x0000000008002150                DMA1_Stream6_IRQHandler
                0x0000000008002150                DMA1_Stream1_IRQHandler
                0x0000000008002150                TIM3_IRQHandler
                0x0000000008002150                RCC_IRQHandler
                0x0000000008002150                TIM8_BRK_TIM12_IRQHandler
                0x0000000008002150                Default_Handler
                0x0000000008002150                ADC_IRQHandler
                0x0000000008002150                DMA1_Stream7_IRQHandler
                0x0000000008002150                SPI5_IRQHandler
                0x0000000008002150                TIM7_IRQHandler
                0x0000000008002150                CAN2_TX_IRQHandler
                0x0000000008002150                TIM5_IRQHandler
                0x0000000008002150                DMA2_Stream7_IRQHandler
                0x0000000008002150                I2C3_EV_IRQHandler
                0x0000000008002150                RTC_WKUP_IRQHandler
                0x0000000008002150                SPI2_IRQHandler
                0x0000000008002150                DMA1_Stream0_IRQHandler
                0x0000000008002150                CAN1_TX_IRQHandler
                0x0000000008002150                FMPI2C1_ER_IRQHandler
                0x0000000008002150                EXTI4_IRQHandler
                0x0000000008002150                RNG_IRQHandler
                0x0000000008002150                WWDG_IRQHandler
                0x0000000008002150                TIM2_IRQHandler
                0x0000000008002150                OTG_FS_WKUP_IRQHandler
                0x0000000008002150                TIM1_TRG_COM_TIM11_IRQHandler
                0x0000000008002150                USART2_IRQHandler
                0x0000000008002150                DFSDM1_FLT0_IRQHandler
                0x0000000008002150                I2C2_ER_IRQHandler
                0x0000000008002150                DMA2_Stream1_IRQHandler
                0x0000000008002150                CAN1_SCE_IRQHandler
                0x0000000008002150                FLASH_IRQHandler
                0x0000000008002150                DMA2_Stream4_IRQHandler
                0x0000000008002150                USART1_IRQHandler
                0x0000000008002150                OTG_FS_IRQHandler
                0x0000000008002150                SPI3_IRQHandler
                0x0000000008002150                DMA1_Stream4_IRQHandler
                0x0000000008002150                I2C1_ER_IRQHandler
                0x0000000008002150                DMA2_Stream6_IRQHandler
                0x0000000008002150                DMA1_Stream3_IRQHandler
 *fill*         0x0000000008002152        0x2 
 .text.HAL_Init
                0x0000000008002154       0x44 ./Drivers/STM32F4xx_HAL_Driver/Src/stm32f4xx_hal.o
                0x0000000008002154                HAL_Init
 .text.HAL_InitTick
                0x0000000008002198       0x60 ./Drivers/STM32F4xx_HAL_Driver/Src/stm32f4xx_hal.o
                0x0000000008002198                HAL_InitTick
 .text.HAL_IncTick
                0x00000000080021f8       0x28 ./Drivers/STM32F4xx_HAL_Driver/Src/stm32f4xx_hal.o
                0x00000000080021f8                HAL_IncTick
 .text.HAL_GetTick
                0x0000000008002220       0x18 ./Drivers/STM32F4xx_HAL_Driver/Src/stm32f4xx_hal.o
                0x0000000008002220                HAL_GetTick
 .text.HAL_Delay
                0x0000000008002238       0x48 ./Drivers/STM32F4xx_HAL_Driver/Src/stm32f4xx_hal.o
                0x0000000008002238                HAL_Delay
 .text.HAL_ADC_Init
                0x0000000008002280       0xcc ./Drivers/STM32F4xx_HAL_Driver/Src/stm32f4xx_hal_adc.o
                0x0000000008002280                HAL_ADC_Init
 .text.HAL_ADC_ConvCpltCallback
                0x000000000800234c       0x14 ./Drivers/STM32F4xx_HAL_Driver/Src/stm32f4xx_hal_adc.o
                0x000000000800234c                HAL_ADC_ConvCpltCallback
 .text.HAL_ADC_ConvHalfCpltCallback
                0x0000000008002360       0x14 ./Drivers/STM32F4xx_HAL_Driver/Src/stm32f4xx_hal_adc.o
                0x0000000008002360                HAL_ADC_ConvHalfCpltCallback
 .text.HAL_ADC_LevelOutOfWindowCallback
                0x0000000008002374       0x14 ./Drivers/STM32F4xx_HAL_Driver/Src/stm32f4xx_hal_adc.o
                0x0000000008002374                HAL_ADC_LevelOutOfWindowCallback
 .text.HAL_ADC_ErrorCallback
                0x0000000008002388       0x14 ./Drivers/STM32F4xx_HAL_Driver/Src/stm32f4xx_hal_adc.o
                0x0000000008002388                HAL_ADC_ErrorCallback
 .text.HAL_ADC_ConfigChannel
                0x000000000800239c      0x244 ./Drivers/STM32F4xx_HAL_Driver/Src/stm32f4xx_hal_adc.o
                0x000000000800239c                HAL_ADC_ConfigChannel
 .text.ADC_Init
                0x00000000080025e0      0x1f8 ./Drivers/STM32F4xx_HAL_Driver/Src/stm32f4xx_hal_adc.o
 .text.HAL_ADCEx_InjectedConvCpltCallback
                0x00000000080027d8       0x14 ./Drivers/STM32F4xx_HAL_Driver/Src/stm32f4xx_hal_adc_ex.o
                0x00000000080027d8                HAL_ADCEx_InjectedConvCpltCallback
 .text.__NVIC_SetPriorityGrouping
                0x00000000080027ec       0x48 ./Drivers/STM32F4xx_HAL_Driver/Src/stm32f4xx_hal_cortex.o
 .text.__NVIC_GetPriorityGrouping
                0x0000000008002834       0x1c ./Drivers/STM32F4xx_HAL_Driver/Src/stm32f4xx_hal_cortex.o
 .text.__NVIC_EnableIRQ
                0x0000000008002850       0x3c ./Drivers/STM32F4xx_HAL_Driver/Src/stm32f4xx_hal_cortex.o
 .text.__NVIC_SetPriority
                0x000000000800288c       0x54 ./Drivers/STM32F4xx_HAL_Driver/Src/stm32f4xx_hal_cortex.o
 .text.NVIC_EncodePriority
                0x00000000080028e0       0x66 ./Drivers/STM32F4xx_HAL_Driver/Src/stm32f4xx_hal_cortex.o
 *fill*         0x0000000008002946        0x2 
 .text.SysTick_Config
                0x0000000008002948       0x44 ./Drivers/STM32F4xx_HAL_Driver/Src/stm32f4xx_hal_cortex.o
 .text.HAL_NVIC_SetPriorityGrouping
                0x000000000800298c       0x16 ./Drivers/STM32F4xx_HAL_Driver/Src/stm32f4xx_hal_cortex.o
                0x000000000800298c                HAL_NVIC_SetPriorityGrouping
 .text.HAL_NVIC_SetPriority
                0x00000000080029a2       0x38 ./Drivers/STM32F4xx_HAL_Driver/Src/stm32f4xx_hal_cortex.o
                0x00000000080029a2                HAL_NVIC_SetPriority
 .text.HAL_NVIC_EnableIRQ
                0x00000000080029da       0x1c ./Drivers/STM32F4xx_HAL_Driver/Src/stm32f4xx_hal_cortex.o
                0x00000000080029da                HAL_NVIC_EnableIRQ
 .text.HAL_SYSTICK_Config
                0x00000000080029f6       0x18 ./Drivers/STM32F4xx_HAL_Driver/Src/stm32f4xx_hal_cortex.o
                0x00000000080029f6                HAL_SYSTICK_Config
 *fill*         0x0000000008002a0e        0x2 
 .text.HAL_DMA_Init
                0x0000000008002a10      0x15c ./Drivers/STM32F4xx_HAL_Driver/Src/stm32f4xx_hal_dma.o
                0x0000000008002a10                HAL_DMA_Init
 .text.HAL_DMA_IRQHandler
                0x0000000008002b6c      0x314 ./Drivers/STM32F4xx_HAL_Driver/Src/stm32f4xx_hal_dma.o
                0x0000000008002b6c                HAL_DMA_IRQHandler
 .text.DMA_CalcBaseAndBitshift
                0x0000000008002e80       0x6c ./Drivers/STM32F4xx_HAL_Driver/Src/stm32f4xx_hal_dma.o
 .text.DMA_CheckFifoParam
                0x0000000008002eec       0xf8 ./Drivers/STM32F4xx_HAL_Driver/Src/stm32f4xx_hal_dma.o
 .text.HAL_GPIO_Init
                0x0000000008002fe4      0x308 ./Drivers/STM32F4xx_HAL_Driver/Src/stm32f4xx_hal_gpio.o
                0x0000000008002fe4                HAL_GPIO_Init
 .text.HAL_GPIO_ReadPin
                0x00000000080032ec       0x30 ./Drivers/STM32F4xx_HAL_Driver/Src/stm32f4xx_hal_gpio.o
                0x00000000080032ec                HAL_GPIO_ReadPin
 .text.HAL_GPIO_WritePin
                0x000000000800331c       0x32 ./Drivers/STM32F4xx_HAL_Driver/Src/stm32f4xx_hal_gpio.o
                0x000000000800331c                HAL_GPIO_WritePin
 *fill*         0x000000000800334e        0x2 
 .text.HAL_GPIO_EXTI_IRQHandler
                0x0000000008003350       0x30 ./Drivers/STM32F4xx_HAL_Driver/Src/stm32f4xx_hal_gpio.o
                0x0000000008003350                HAL_GPIO_EXTI_IRQHandler
 .text.HAL_I2C_Init
                0x0000000008003380      0x288 ./Drivers/STM32F4xx_HAL_Driver/Src/stm32f4xx_hal_i2c.o
                0x0000000008003380                HAL_I2C_Init
 .text.HAL_RCC_ClockConfig
                0x0000000008003608      0x1cc ./Drivers/STM32F4xx_HAL_Driver/Src/stm32f4xx_hal_rcc.o
                0x0000000008003608                HAL_RCC_ClockConfig
 .text.HAL_RCC_GetSysClockFreq
                0x00000000080037d4      0x208 ./Drivers/STM32F4xx_HAL_Driver/Src/stm32f4xx_hal_rcc.o
                0x00000000080037d4                HAL_RCC_GetSysClockFreq
 .text.HAL_RCC_GetHCLKFreq
                0x00000000080039dc       0x18 ./Drivers/STM32F4xx_HAL_Driver/Src/stm32f4xx_hal_rcc.o
                0x00000000080039dc                HAL_RCC_GetHCLKFreq
 .text.HAL_RCC_GetPCLK1Freq
                0x00000000080039f4       0x28 ./Drivers/STM32F4xx_HAL_Driver/Src/stm32f4xx_hal_rcc.o
                0x00000000080039f4                HAL_RCC_GetPCLK1Freq
 .text.HAL_RCC_GetPCLK2Freq
                0x0000000008003a1c       0x28 ./Drivers/STM32F4xx_HAL_Driver/Src/stm32f4xx_hal_rcc.o
                0x0000000008003a1c                HAL_RCC_GetPCLK2Freq
 .text.HAL_RCC_OscConfig
                0x0000000008003a44      0x508 ./Drivers/STM32F4xx_HAL_Driver/Src/stm32f4xx_hal_rcc_ex.o
                0x0000000008003a44                HAL_RCC_OscConfig
 .text.HAL_SPI_Init
                0x0000000008003f4c      0x112 ./Drivers/STM32F4xx_HAL_Driver/Src/stm32f4xx_hal_spi.o
                0x0000000008003f4c                HAL_SPI_Init
 .text.HAL_SPI_Transmit
                0x000000000800405e      0x278 ./Drivers/STM32F4xx_HAL_Driver/Src/stm32f4xx_hal_spi.o
                0x000000000800405e                HAL_SPI_Transmit
 *fill*         0x00000000080042d6        0x2 
 .text.SPI_WaitFlagStateUntilTimeout
                0x00000000080042d8      0x110 ./Drivers/STM32F4xx_HAL_Driver/Src/stm32f4xx_hal_spi.o
 .text.SPI_EndRxTxTransaction
                0x00000000080043e8       0x84 ./Drivers/STM32F4xx_HAL_Driver/Src/stm32f4xx_hal_spi.o
 .text.HAL_TIM_Base_Init
                0x000000000800446c       0x9e ./Drivers/STM32F4xx_HAL_Driver/Src/stm32f4xx_hal_tim.o
                0x000000000800446c                HAL_TIM_Base_Init
 .text.HAL_TIM_PWM_Init
                0x000000000800450a       0x9e ./Drivers/STM32F4xx_HAL_Driver/Src/stm32f4xx_hal_tim.o
                0x000000000800450a                HAL_TIM_PWM_Init
 .text.HAL_TIM_PWM_MspInit
                0x00000000080045a8       0x14 ./Drivers/STM32F4xx_HAL_Driver/Src/stm32f4xx_hal_tim.o
                0x00000000080045a8                HAL_TIM_PWM_MspInit
 .text.HAL_TIM_PWM_Start
                0x00000000080045bc      0x190 ./Drivers/STM32F4xx_HAL_Driver/Src/stm32f4xx_hal_tim.o
                0x00000000080045bc                HAL_TIM_PWM_Start
 .text.HAL_TIM_OnePulse_Init
                0x000000000800474c       0xa0 ./Drivers/STM32F4xx_HAL_Driver/Src/stm32f4xx_hal_tim.o
                0x000000000800474c                HAL_TIM_OnePulse_Init
 .text.HAL_TIM_OnePulse_MspInit
                0x00000000080047ec       0x14 ./Drivers/STM32F4xx_HAL_Driver/Src/stm32f4xx_hal_tim.o
                0x00000000080047ec                HAL_TIM_OnePulse_MspInit
 .text.HAL_TIM_IRQHandler
                0x0000000008004800      0x210 ./Drivers/STM32F4xx_HAL_Driver/Src/stm32f4xx_hal_tim.o
                0x0000000008004800                HAL_TIM_IRQHandler
 .text.HAL_TIM_PWM_ConfigChannel
                0x0000000008004a10      0x184 ./Drivers/STM32F4xx_HAL_Driver/Src/stm32f4xx_hal_tim.o
                0x0000000008004a10                HAL_TIM_PWM_ConfigChannel
 .text.HAL_TIM_ConfigClockSource
                0x0000000008004b94      0x18e ./Drivers/STM32F4xx_HAL_Driver/Src/stm32f4xx_hal_tim.o
                0x0000000008004b94                HAL_TIM_ConfigClockSource
 .text.HAL_TIM_PeriodElapsedCallback
                0x0000000008004d22       0x14 ./Drivers/STM32F4xx_HAL_Driver/Src/stm32f4xx_hal_tim.o
                0x0000000008004d22                HAL_TIM_PeriodElapsedCallback
 .text.HAL_TIM_OC_DelayElapsedCallback
                0x0000000008004d36       0x14 ./Drivers/STM32F4xx_HAL_Driver/Src/stm32f4xx_hal_tim.o
                0x0000000008004d36                HAL_TIM_OC_DelayElapsedCallback
 .text.HAL_TIM_IC_CaptureCallback
                0x0000000008004d4a       0x14 ./Drivers/STM32F4xx_HAL_Driver/Src/stm32f4xx_hal_tim.o
                0x0000000008004d4a                HAL_TIM_IC_CaptureCallback
 .text.HAL_TIM_PWM_PulseFinishedCallback
                0x0000000008004d5e       0x14 ./Drivers/STM32F4xx_HAL_Driver/Src/stm32f4xx_hal_tim.o
                0x0000000008004d5e                HAL_TIM_PWM_PulseFinishedCallback
 .text.HAL_TIM_TriggerCallback
                0x0000000008004d72       0x14 ./Drivers/STM32F4xx_HAL_Driver/Src/stm32f4xx_hal_tim.o
                0x0000000008004d72                HAL_TIM_TriggerCallback
 *fill*         0x0000000008004d86        0x2 
 .text.TIM_Base_SetConfig
                0x0000000008004d88      0x140 ./Drivers/STM32F4xx_HAL_Driver/Src/stm32f4xx_hal_tim.o
                0x0000000008004d88                TIM_Base_SetConfig
 .text.TIM_OC1_SetConfig
                0x0000000008004ec8       0xe0 ./Drivers/STM32F4xx_HAL_Driver/Src/stm32f4xx_hal_tim.o
 .text.TIM_OC2_SetConfig
                0x0000000008004fa8       0xec ./Drivers/STM32F4xx_HAL_Driver/Src/stm32f4xx_hal_tim.o
                0x0000000008004fa8                TIM_OC2_SetConfig
 .text.TIM_OC3_SetConfig
                0x0000000008005094       0xe8 ./Drivers/STM32F4xx_HAL_Driver/Src/stm32f4xx_hal_tim.o
 .text.TIM_OC4_SetConfig
                0x000000000800517c       0xac ./Drivers/STM32F4xx_HAL_Driver/Src/stm32f4xx_hal_tim.o
 .text.TIM_TI1_ConfigInputStage
                0x0000000008005228       0x5e ./Drivers/STM32F4xx_HAL_Driver/Src/stm32f4xx_hal_tim.o
 .text.TIM_TI2_ConfigInputStage
                0x0000000008005286       0x60 ./Drivers/STM32F4xx_HAL_Driver/Src/stm32f4xx_hal_tim.o
 .text.TIM_ITRx_SetConfig
                0x00000000080052e6       0x36 ./Drivers/STM32F4xx_HAL_Driver/Src/stm32f4xx_hal_tim.o
 .text.TIM_ETR_SetConfig
                0x000000000800531c       0x40 ./Drivers/STM32F4xx_HAL_Driver/Src/stm32f4xx_hal_tim.o
                0x000000000800531c                TIM_ETR_SetConfig
 .text.TIM_CCxChannelCmd
                0x000000000800535c       0x4a ./Drivers/STM32F4xx_HAL_Driver/Src/stm32f4xx_hal_tim.o
                0x000000000800535c                TIM_CCxChannelCmd
 *fill*         0x00000000080053a6        0x2 
 .text.HAL_TIMEx_MasterConfigSynchronization
                0x00000000080053a8       0xf8 ./Drivers/STM32F4xx_HAL_Driver/Src/stm32f4xx_hal_tim_ex.o
                0x00000000080053a8                HAL_TIMEx_MasterConfigSynchronization
 .text.HAL_TIMEx_CommutCallback
                0x00000000080054a0       0x14 ./Drivers/STM32F4xx_HAL_Driver/Src/stm32f4xx_hal_tim_ex.o
                0x00000000080054a0                HAL_TIMEx_CommutCallback
 .text.HAL_TIMEx_BreakCallback
                0x00000000080054b4       0x14 ./Drivers/STM32F4xx_HAL_Driver/Src/stm32f4xx_hal_tim_ex.o
                0x00000000080054b4                HAL_TIMEx_BreakCallback
 .text.HAL_UART_Init
                0x00000000080054c8       0x9a ./Drivers/STM32F4xx_HAL_Driver/Src/stm32f4xx_hal_uart.o
                0x00000000080054c8                HAL_UART_Init
 .text.HAL_UART_Transmit
                0x0000000008005562      0x124 ./Drivers/STM32F4xx_HAL_Driver/Src/stm32f4xx_hal_uart.o
                0x0000000008005562                HAL_UART_Transmit
 .text.HAL_UART_Receive
                0x0000000008005686      0x144 ./Drivers/STM32F4xx_HAL_Driver/Src/stm32f4xx_hal_uart.o
                0x0000000008005686                HAL_UART_Receive
 .text.UART_WaitOnFlagUntilTimeout
                0x00000000080057ca       0xdc ./Drivers/STM32F4xx_HAL_Driver/Src/stm32f4xx_hal_uart.o
 *fill*         0x00000000080058a6        0x2 
 .text.UART_SetConfig
                0x00000000080058a8      0x4e8 ./Drivers/STM32F4xx_HAL_Driver/Src/stm32f4xx_hal_uart.o
 .text._ZdlPvj  0x0000000008005d90        0x4 c:/st/stm32cubeide_1.11.0/stm32cubeide/plugins/com.st.stm32cube.ide.mcu.externaltools.gnu-tools-for-stm32.10.3-2021.10.win32_1.0.100.202210260954/tools/bin/../lib/gcc/arm-none-eabi/10.3.1/../../../../arm-none-eabi/lib/thumb/v7e-m+fp/hard\libstdc++_nano.a(del_ops.o)
                0x0000000008005d90                operator delete(void*, unsigned int)
 .text._ZdaPv   0x0000000008005d94        0x4 c:/st/stm32cubeide_1.11.0/stm32cubeide/plugins/com.st.stm32cube.ide.mcu.externaltools.gnu-tools-for-stm32.10.3-2021.10.win32_1.0.100.202210260954/tools/bin/../lib/gcc/arm-none-eabi/10.3.1/../../../../arm-none-eabi/lib/thumb/v7e-m+fp/hard\libstdc++_nano.a(del_opv.o)
                0x0000000008005d94                operator delete[](void*)
 .text.__cxa_guard_acquire
                0x0000000008005d98       0x18 c:/st/stm32cubeide_1.11.0/stm32cubeide/plugins/com.st.stm32cube.ide.mcu.externaltools.gnu-tools-for-stm32.10.3-2021.10.win32_1.0.100.202210260954/tools/bin/../lib/gcc/arm-none-eabi/10.3.1/../../../../arm-none-eabi/lib/thumb/v7e-m+fp/hard\libstdc++_nano.a(guard.o)
                0x0000000008005d98                __cxa_guard_acquire
 .text.__cxa_guard_release
                0x0000000008005db0        0x6 c:/st/stm32cubeide_1.11.0/stm32cubeide/plugins/com.st.stm32cube.ide.mcu.externaltools.gnu-tools-for-stm32.10.3-2021.10.win32_1.0.100.202210260954/tools/bin/../lib/gcc/arm-none-eabi/10.3.1/../../../../arm-none-eabi/lib/thumb/v7e-m+fp/hard\libstdc++_nano.a(guard.o)
                0x0000000008005db0                __cxa_guard_release
 .text._Znaj    0x0000000008005db6        0x4 c:/st/stm32cubeide_1.11.0/stm32cubeide/plugins/com.st.stm32cube.ide.mcu.externaltools.gnu-tools-for-stm32.10.3-2021.10.win32_1.0.100.202210260954/tools/bin/../lib/gcc/arm-none-eabi/10.3.1/../../../../arm-none-eabi/lib/thumb/v7e-m+fp/hard\libstdc++_nano.a(new_opv.o)
                0x0000000008005db6                operator new[](unsigned int)
 .text._ZdlPv   0x0000000008005dba        0x4 c:/st/stm32cubeide_1.11.0/stm32cubeide/plugins/com.st.stm32cube.ide.mcu.externaltools.gnu-tools-for-stm32.10.3-2021.10.win32_1.0.100.202210260954/tools/bin/../lib/gcc/arm-none-eabi/10.3.1/../../../../arm-none-eabi/lib/thumb/v7e-m+fp/hard\libstdc++_nano.a(del_op.o)
                0x0000000008005dba                operator delete(void*)
 .text._Znwj    0x0000000008005dbe       0x22 c:/st/stm32cubeide_1.11.0/stm32cubeide/plugins/com.st.stm32cube.ide.mcu.externaltools.gnu-tools-for-stm32.10.3-2021.10.win32_1.0.100.202210260954/tools/bin/../lib/gcc/arm-none-eabi/10.3.1/../../../../arm-none-eabi/lib/thumb/v7e-m+fp/hard\libstdc++_nano.a(new_op.o)
                0x0000000008005dbe                operator new(unsigned int)
 .text._ZSt15get_new_handlerv
                0x0000000008005de0       0x10 c:/st/stm32cubeide_1.11.0/stm32cubeide/plugins/com.st.stm32cube.ide.mcu.externaltools.gnu-tools-for-stm32.10.3-2021.10.win32_1.0.100.202210260954/tools/bin/../lib/gcc/arm-none-eabi/10.3.1/../../../../arm-none-eabi/lib/thumb/v7e-m+fp/hard\libstdc++_nano.a(new_handler.o)
                0x0000000008005de0                std::get_new_handler()
 .text.abort    0x0000000008005df0        0xe c:/st/stm32cubeide_1.11.0/stm32cubeide/plugins/com.st.stm32cube.ide.mcu.externaltools.gnu-tools-for-stm32.10.3-2021.10.win32_1.0.100.202210260954/tools/bin/../lib/gcc/arm-none-eabi/10.3.1/../../../../arm-none-eabi/lib/thumb/v7e-m+fp/hard\libc_nano.a(lib_a-abort.o)
                0x0000000008005df0                abort
 *fill*         0x0000000008005dfe        0x2 
 .text.__errno  0x0000000008005e00        0xc c:/st/stm32cubeide_1.11.0/stm32cubeide/plugins/com.st.stm32cube.ide.mcu.externaltools.gnu-tools-for-stm32.10.3-2021.10.win32_1.0.100.202210260954/tools/bin/../lib/gcc/arm-none-eabi/10.3.1/../../../../arm-none-eabi/lib/thumb/v7e-m+fp/hard\libc_nano.a(lib_a-errno.o)
                0x0000000008005e00                __errno
 .text.__libc_init_array
                0x0000000008005e0c       0x48 c:/st/stm32cubeide_1.11.0/stm32cubeide/plugins/com.st.stm32cube.ide.mcu.externaltools.gnu-tools-for-stm32.10.3-2021.10.win32_1.0.100.202210260954/tools/bin/../lib/gcc/arm-none-eabi/10.3.1/../../../../arm-none-eabi/lib/thumb/v7e-m+fp/hard\libc_nano.a(lib_a-init.o)
                0x0000000008005e0c                __libc_init_array
 .text.malloc   0x0000000008005e54       0x10 c:/st/stm32cubeide_1.11.0/stm32cubeide/plugins/com.st.stm32cube.ide.mcu.externaltools.gnu-tools-for-stm32.10.3-2021.10.win32_1.0.100.202210260954/tools/bin/../lib/gcc/arm-none-eabi/10.3.1/../../../../arm-none-eabi/lib/thumb/v7e-m+fp/hard\libc_nano.a(lib_a-malloc.o)
                0x0000000008005e54                malloc
 .text.free     0x0000000008005e64       0x10 c:/st/stm32cubeide_1.11.0/stm32cubeide/plugins/com.st.stm32cube.ide.mcu.externaltools.gnu-tools-for-stm32.10.3-2021.10.win32_1.0.100.202210260954/tools/bin/../lib/gcc/arm-none-eabi/10.3.1/../../../../arm-none-eabi/lib/thumb/v7e-m+fp/hard\libc_nano.a(lib_a-malloc.o)
                0x0000000008005e64                free
 .text.memset   0x0000000008005e74       0x10 c:/st/stm32cubeide_1.11.0/stm32cubeide/plugins/com.st.stm32cube.ide.mcu.externaltools.gnu-tools-for-stm32.10.3-2021.10.win32_1.0.100.202210260954/tools/bin/../lib/gcc/arm-none-eabi/10.3.1/../../../../arm-none-eabi/lib/thumb/v7e-m+fp/hard\libc_nano.a(lib_a-memset.o)
                0x0000000008005e74                memset
 .text._free_r  0x0000000008005e84       0x98 c:/st/stm32cubeide_1.11.0/stm32cubeide/plugins/com.st.stm32cube.ide.mcu.externaltools.gnu-tools-for-stm32.10.3-2021.10.win32_1.0.100.202210260954/tools/bin/../lib/gcc/arm-none-eabi/10.3.1/../../../../arm-none-eabi/lib/thumb/v7e-m+fp/hard\libc_nano.a(lib_a-nano-freer.o)
                0x0000000008005e84                _free_r
 .text.sbrk_aligned
                0x0000000008005f1c       0x40 c:/st/stm32cubeide_1.11.0/stm32cubeide/plugins/com.st.stm32cube.ide.mcu.externaltools.gnu-tools-for-stm32.10.3-2021.10.win32_1.0.100.202210260954/tools/bin/../lib/gcc/arm-none-eabi/10.3.1/../../../../arm-none-eabi/lib/thumb/v7e-m+fp/hard\libc_nano.a(lib_a-nano-mallocr.o)
 .text._malloc_r
                0x0000000008005f5c       0xe8 c:/st/stm32cubeide_1.11.0/stm32cubeide/plugins/com.st.stm32cube.ide.mcu.externaltools.gnu-tools-for-stm32.10.3-2021.10.win32_1.0.100.202210260954/tools/bin/../lib/gcc/arm-none-eabi/10.3.1/../../../../arm-none-eabi/lib/thumb/v7e-m+fp/hard\libc_nano.a(lib_a-nano-mallocr.o)
                0x0000000008005f5c                _malloc_r
 .text._sbrk_r  0x0000000008006044       0x20 c:/st/stm32cubeide_1.11.0/stm32cubeide/plugins/com.st.stm32cube.ide.mcu.externaltools.gnu-tools-for-stm32.10.3-2021.10.win32_1.0.100.202210260954/tools/bin/../lib/gcc/arm-none-eabi/10.3.1/../../../../arm-none-eabi/lib/thumb/v7e-m+fp/hard\libc_nano.a(lib_a-sbrkr.o)
                0x0000000008006044                _sbrk_r
 .text._raise_r
                0x0000000008006064       0x50 c:/st/stm32cubeide_1.11.0/stm32cubeide/plugins/com.st.stm32cube.ide.mcu.externaltools.gnu-tools-for-stm32.10.3-2021.10.win32_1.0.100.202210260954/tools/bin/../lib/gcc/arm-none-eabi/10.3.1/../../../../arm-none-eabi/lib/thumb/v7e-m+fp/hard\libc_nano.a(lib_a-signal.o)
                0x0000000008006064                _raise_r
 .text.raise    0x00000000080060b4       0x10 c:/st/stm32cubeide_1.11.0/stm32cubeide/plugins/com.st.stm32cube.ide.mcu.externaltools.gnu-tools-for-stm32.10.3-2021.10.win32_1.0.100.202210260954/tools/bin/../lib/gcc/arm-none-eabi/10.3.1/../../../../arm-none-eabi/lib/thumb/v7e-m+fp/hard\libc_nano.a(lib_a-signal.o)
                0x00000000080060b4                raise
 .text._kill_r  0x00000000080060c4       0x24 c:/st/stm32cubeide_1.11.0/stm32cubeide/plugins/com.st.stm32cube.ide.mcu.externaltools.gnu-tools-for-stm32.10.3-2021.10.win32_1.0.100.202210260954/tools/bin/../lib/gcc/arm-none-eabi/10.3.1/../../../../arm-none-eabi/lib/thumb/v7e-m+fp/hard\libc_nano.a(lib_a-signalr.o)
                0x00000000080060c4                _kill_r
 .text._getpid_r
                0x00000000080060e8        0x4 c:/st/stm32cubeide_1.11.0/stm32cubeide/plugins/com.st.stm32cube.ide.mcu.externaltools.gnu-tools-for-stm32.10.3-2021.10.win32_1.0.100.202210260954/tools/bin/../lib/gcc/arm-none-eabi/10.3.1/../../../../arm-none-eabi/lib/thumb/v7e-m+fp/hard\libc_nano.a(lib_a-signalr.o)
                0x00000000080060e8                _getpid_r
 .text.snprintf
                0x00000000080060ec       0x68 c:/st/stm32cubeide_1.11.0/stm32cubeide/plugins/com.st.stm32cube.ide.mcu.externaltools.gnu-tools-for-stm32.10.3-2021.10.win32_1.0.100.202210260954/tools/bin/../lib/gcc/arm-none-eabi/10.3.1/../../../../arm-none-eabi/lib/thumb/v7e-m+fp/hard\libc_nano.a(lib_a-snprintf.o)
                0x00000000080060ec                sniprintf
                0x00000000080060ec                snprintf
 .text.__malloc_lock
                0x0000000008006154        0xc c:/st/stm32cubeide_1.11.0/stm32cubeide/plugins/com.st.stm32cube.ide.mcu.externaltools.gnu-tools-for-stm32.10.3-2021.10.win32_1.0.100.202210260954/tools/bin/../lib/gcc/arm-none-eabi/10.3.1/../../../../arm-none-eabi/lib/thumb/v7e-m+fp/hard\libc_nano.a(lib_a-mlock.o)
                0x0000000008006154                __malloc_lock
 .text.__malloc_unlock
                0x0000000008006160        0xc c:/st/stm32cubeide_1.11.0/stm32cubeide/plugins/com.st.stm32cube.ide.mcu.externaltools.gnu-tools-for-stm32.10.3-2021.10.win32_1.0.100.202210260954/tools/bin/../lib/gcc/arm-none-eabi/10.3.1/../../../../arm-none-eabi/lib/thumb/v7e-m+fp/hard\libc_nano.a(lib_a-mlock.o)
                0x0000000008006160                __malloc_unlock
 .text.__ssputs_r
                0x000000000800616c       0xb6 c:/st/stm32cubeide_1.11.0/stm32cubeide/plugins/com.st.stm32cube.ide.mcu.externaltools.gnu-tools-for-stm32.10.3-2021.10.win32_1.0.100.202210260954/tools/bin/../lib/gcc/arm-none-eabi/10.3.1/../../../../arm-none-eabi/lib/thumb/v7e-m+fp/hard\libc_nano.a(lib_a-nano-svfprintf.o)
                0x000000000800616c                __ssputs_r
 *fill*         0x0000000008006222        0x2 
 .text._svfprintf_r
                0x0000000008006224      0x200 c:/st/stm32cubeide_1.11.0/stm32cubeide/plugins/com.st.stm32cube.ide.mcu.externaltools.gnu-tools-for-stm32.10.3-2021.10.win32_1.0.100.202210260954/tools/bin/../lib/gcc/arm-none-eabi/10.3.1/../../../../arm-none-eabi/lib/thumb/v7e-m+fp/hard\libc_nano.a(lib_a-nano-svfprintf.o)
                0x0000000008006224                _svfiprintf_r
                0x0000000008006224                _svfprintf_r
 .text._printf_common
                0x0000000008006424       0xda c:/st/stm32cubeide_1.11.0/stm32cubeide/plugins/com.st.stm32cube.ide.mcu.externaltools.gnu-tools-for-stm32.10.3-2021.10.win32_1.0.100.202210260954/tools/bin/../lib/gcc/arm-none-eabi/10.3.1/../../../../arm-none-eabi/lib/thumb/v7e-m+fp/hard\libc_nano.a(lib_a-nano-vfprintf_i.o)
                0x0000000008006424                _printf_common
 *fill*         0x00000000080064fe        0x2 
 .text._printf_i
                0x0000000008006500      0x24c c:/st/stm32cubeide_1.11.0/stm32cubeide/plugins/com.st.stm32cube.ide.mcu.externaltools.gnu-tools-for-stm32.10.3-2021.10.win32_1.0.100.202210260954/tools/bin/../lib/gcc/arm-none-eabi/10.3.1/../../../../arm-none-eabi/lib/thumb/v7e-m+fp/hard\libc_nano.a(lib_a-nano-vfprintf_i.o)
                0x0000000008006500                _printf_i
 .text.__retarget_lock_acquire_recursive
                0x000000000800674c        0x2 c:/st/stm32cubeide_1.11.0/stm32cubeide/plugins/com.st.stm32cube.ide.mcu.externaltools.gnu-tools-for-stm32.10.3-2021.10.win32_1.0.100.202210260954/tools/bin/../lib/gcc/arm-none-eabi/10.3.1/../../../../arm-none-eabi/lib/thumb/v7e-m+fp/hard\libc_nano.a(lib_a-lock.o)
                0x000000000800674c                __retarget_lock_acquire_recursive
 .text.__retarget_lock_release_recursive
                0x000000000800674e        0x2 c:/st/stm32cubeide_1.11.0/stm32cubeide/plugins/com.st.stm32cube.ide.mcu.externaltools.gnu-tools-for-stm32.10.3-2021.10.win32_1.0.100.202210260954/tools/bin/../lib/gcc/arm-none-eabi/10.3.1/../../../../arm-none-eabi/lib/thumb/v7e-m+fp/hard\libc_nano.a(lib_a-lock.o)
                0x000000000800674e                __retarget_lock_release_recursive
 .text.memcpy   0x0000000008006750       0x1c c:/st/stm32cubeide_1.11.0/stm32cubeide/plugins/com.st.stm32cube.ide.mcu.externaltools.gnu-tools-for-stm32.10.3-2021.10.win32_1.0.100.202210260954/tools/bin/../lib/gcc/arm-none-eabi/10.3.1/../../../../arm-none-eabi/lib/thumb/v7e-m+fp/hard\libc_nano.a(lib_a-memcpy-stub.o)
                0x0000000008006750                memcpy
 .text.memmove  0x000000000800676c       0x34 c:/st/stm32cubeide_1.11.0/stm32cubeide/plugins/com.st.stm32cube.ide.mcu.externaltools.gnu-tools-for-stm32.10.3-2021.10.win32_1.0.100.202210260954/tools/bin/../lib/gcc/arm-none-eabi/10.3.1/../../../../arm-none-eabi/lib/thumb/v7e-m+fp/hard\libc_nano.a(lib_a-memmove.o)
                0x000000000800676c                memmove
 .text._realloc_r
                0x00000000080067a0       0x5e c:/st/stm32cubeide_1.11.0/stm32cubeide/plugins/com.st.stm32cube.ide.mcu.externaltools.gnu-tools-for-stm32.10.3-2021.10.win32_1.0.100.202210260954/tools/bin/../lib/gcc/arm-none-eabi/10.3.1/../../../../arm-none-eabi/lib/thumb/v7e-m+fp/hard\libc_nano.a(lib_a-nano-reallocr.o)
                0x00000000080067a0                _realloc_r
 .text._malloc_usable_size_r
                0x00000000080067fe       0x10 c:/st/stm32cubeide_1.11.0/stm32cubeide/plugins/com.st.stm32cube.ide.mcu.externaltools.gnu-tools-for-stm32.10.3-2021.10.win32_1.0.100.202210260954/tools/bin/../lib/gcc/arm-none-eabi/10.3.1/../../../../arm-none-eabi/lib/thumb/v7e-m+fp/hard\libc_nano.a(lib_a-nano-msizer.o)
                0x00000000080067fe                _malloc_usable_size_r
 *(.glue_7)
 .glue_7        0x000000000800680e        0x0 linker stubs
 *(.glue_7t)
 .glue_7t       0x000000000800680e        0x0 linker stubs
 *(.eh_frame)
 *fill*         0x000000000800680e        0x2 
 .eh_frame      0x0000000008006810        0x0 c:/st/stm32cubeide_1.11.0/stm32cubeide/plugins/com.st.stm32cube.ide.mcu.externaltools.gnu-tools-for-stm32.10.3-2021.10.win32_1.0.100.202210260954/tools/bin/../lib/gcc/arm-none-eabi/10.3.1/thumb/v7e-m+fp/hard/crtbegin.o
 *(.init)
 .init          0x0000000008006810        0x4 c:/st/stm32cubeide_1.11.0/stm32cubeide/plugins/com.st.stm32cube.ide.mcu.externaltools.gnu-tools-for-stm32.10.3-2021.10.win32_1.0.100.202210260954/tools/bin/../lib/gcc/arm-none-eabi/10.3.1/thumb/v7e-m+fp/hard/crti.o
                0x0000000008006810                _init
 .init          0x0000000008006814        0x8 c:/st/stm32cubeide_1.11.0/stm32cubeide/plugins/com.st.stm32cube.ide.mcu.externaltools.gnu-tools-for-stm32.10.3-2021.10.win32_1.0.100.202210260954/tools/bin/../lib/gcc/arm-none-eabi/10.3.1/thumb/v7e-m+fp/hard/crtn.o
 *(.fini)
 .fini          0x000000000800681c        0x4 c:/st/stm32cubeide_1.11.0/stm32cubeide/plugins/com.st.stm32cube.ide.mcu.externaltools.gnu-tools-for-stm32.10.3-2021.10.win32_1.0.100.202210260954/tools/bin/../lib/gcc/arm-none-eabi/10.3.1/thumb/v7e-m+fp/hard/crti.o
                0x000000000800681c                _fini
 .fini          0x0000000008006820        0x8 c:/st/stm32cubeide_1.11.0/stm32cubeide/plugins/com.st.stm32cube.ide.mcu.externaltools.gnu-tools-for-stm32.10.3-2021.10.win32_1.0.100.202210260954/tools/bin/../lib/gcc/arm-none-eabi/10.3.1/thumb/v7e-m+fp/hard/crtn.o
                0x0000000008006828                . = ALIGN (0x4)
                0x0000000008006828                _etext = .

.vfp11_veneer   0x0000000008006828        0x0
 .vfp11_veneer  0x0000000008006828        0x0 linker stubs

.v4_bx          0x0000000008006828        0x0
 .v4_bx         0x0000000008006828        0x0 linker stubs

.iplt           0x0000000008006828        0x0
 .iplt          0x0000000008006828        0x0 c:/st/stm32cubeide_1.11.0/stm32cubeide/plugins/com.st.stm32cube.ide.mcu.externaltools.gnu-tools-for-stm32.10.3-2021.10.win32_1.0.100.202210260954/tools/bin/../lib/gcc/arm-none-eabi/10.3.1/thumb/v7e-m+fp/hard/crtbegin.o

.rodata         0x0000000008006828      0x120
                0x0000000008006828                . = ALIGN (0x4)
 *(.rodata)
 .rodata        0x0000000008006828       0x98 ./Core/Src/Nextion.o
 *(.rodata*)
 .rodata._ZTV6Button
                0x00000000080068c0       0x10 ./Core/Src/Button.o
                0x00000000080068c0                vtable for Button
 .rodata._ZL8NEXT_END
                0x00000000080068d0        0x3 ./Core/Src/Nextion.o
 *fill*         0x00000000080068d3        0x1 
 .rodata._ZTV7Nextion
                0x00000000080068d4       0x10 ./Core/Src/Nextion.o
                0x00000000080068d4                vtable for Nextion
 .rodata._ZTV9ShiftRegs
                0x00000000080068e4       0x10 ./Core/Src/ShiftRegs.o
                0x00000000080068e4                vtable for ShiftRegs
 .rodata.AHBPrescTable
                0x00000000080068f4       0x10 ./Core/Src/system_stm32f4xx.o
                0x00000000080068f4                AHBPrescTable
 .rodata.APBPrescTable
                0x0000000008006904        0x8 ./Core/Src/system_stm32f4xx.o
                0x0000000008006904                APBPrescTable
 .rodata.flagBitshiftOffset.0
                0x000000000800690c        0x8 ./Drivers/STM32F4xx_HAL_Driver/Src/stm32f4xx_hal_dma.o
 .rodata._svfprintf_r.str1.1
                0x0000000008006914       0x11 c:/st/stm32cubeide_1.11.0/stm32cubeide/plugins/com.st.stm32cube.ide.mcu.externaltools.gnu-tools-for-stm32.10.3-2021.10.win32_1.0.100.202210260954/tools/bin/../lib/gcc/arm-none-eabi/10.3.1/../../../../arm-none-eabi/lib/thumb/v7e-m+fp/hard\libc_nano.a(lib_a-nano-svfprintf.o)
 .rodata._printf_i.str1.1
                0x0000000008006925       0x22 c:/st/stm32cubeide_1.11.0/stm32cubeide/plugins/com.st.stm32cube.ide.mcu.externaltools.gnu-tools-for-stm32.10.3-2021.10.win32_1.0.100.202210260954/tools/bin/../lib/gcc/arm-none-eabi/10.3.1/../../../../arm-none-eabi/lib/thumb/v7e-m+fp/hard\libc_nano.a(lib_a-nano-vfprintf_i.o)
                0x0000000008006948                . = ALIGN (0x4)
 *fill*         0x0000000008006947        0x1 

.ARM.extab      0x0000000008006948        0x0
                0x0000000008006948                . = ALIGN (0x4)
 *(.ARM.extab* .gnu.linkonce.armextab.*)
                0x0000000008006948                . = ALIGN (0x4)

.ARM            0x0000000008006948        0x8
                0x0000000008006948                . = ALIGN (0x4)
                0x0000000008006948                __exidx_start = .
 *(.ARM.exidx*)
 .ARM.exidx     0x0000000008006948        0x8 c:/st/stm32cubeide_1.11.0/stm32cubeide/plugins/com.st.stm32cube.ide.mcu.externaltools.gnu-tools-for-stm32.10.3-2021.10.win32_1.0.100.202210260954/tools/bin/../lib/gcc/arm-none-eabi/10.3.1/thumb/v7e-m+fp/hard\libgcc.a(_udivmoddi4.o)
                0x0000000008006950                __exidx_end = .
                0x0000000008006950                . = ALIGN (0x4)

.rel.dyn        0x0000000008006950        0x0
 .rel.iplt      0x0000000008006950        0x0 c:/st/stm32cubeide_1.11.0/stm32cubeide/plugins/com.st.stm32cube.ide.mcu.externaltools.gnu-tools-for-stm32.10.3-2021.10.win32_1.0.100.202210260954/tools/bin/../lib/gcc/arm-none-eabi/10.3.1/thumb/v7e-m+fp/hard/crtbegin.o

.preinit_array  0x0000000008006950        0x0
                0x0000000008006950                . = ALIGN (0x4)
                0x0000000008006950                PROVIDE (__preinit_array_start = .)
 *(.preinit_array*)
                0x0000000008006950                PROVIDE (__preinit_array_end = .)
                0x0000000008006950                . = ALIGN (0x4)

.init_array     0x0000000008006950        0x8
                0x0000000008006950                . = ALIGN (0x4)
                0x0000000008006950                PROVIDE (__init_array_start = .)
 *(SORT_BY_NAME(.init_array.*))
 *(.init_array*)
 .init_array    0x0000000008006950        0x4 c:/st/stm32cubeide_1.11.0/stm32cubeide/plugins/com.st.stm32cube.ide.mcu.externaltools.gnu-tools-for-stm32.10.3-2021.10.win32_1.0.100.202210260954/tools/bin/../lib/gcc/arm-none-eabi/10.3.1/thumb/v7e-m+fp/hard/crtbegin.o
 .init_array    0x0000000008006954        0x4 ./Core/Src/MainWrapper.o
                0x0000000008006958                PROVIDE (__init_array_end = .)
                0x0000000008006958                . = ALIGN (0x4)

.fini_array     0x0000000008006958        0x8
                0x0000000008006958                . = ALIGN (0x4)
                [!provide]                        PROVIDE (__fini_array_start = .)
 *(SORT_BY_NAME(.fini_array.*))
 *(.fini_array*)
 .fini_array    0x0000000008006958        0x4 c:/st/stm32cubeide_1.11.0/stm32cubeide/plugins/com.st.stm32cube.ide.mcu.externaltools.gnu-tools-for-stm32.10.3-2021.10.win32_1.0.100.202210260954/tools/bin/../lib/gcc/arm-none-eabi/10.3.1/thumb/v7e-m+fp/hard/crtbegin.o
 .fini_array    0x000000000800695c        0x4 ./Core/Src/MainWrapper.o
                [!provide]                        PROVIDE (__fini_array_end = .)
                0x0000000008006960                . = ALIGN (0x4)
                0x0000000008006960                _sidata = LOADADDR (.data)

.data           0x0000000020000000       0x70 load address 0x0000000008006960
                0x0000000020000000                . = ALIGN (0x4)
                0x0000000020000000                _sdata = .
 *(.data)
 *(.data*)
 .data.SystemCoreClock
                0x0000000020000000        0x4 ./Core/Src/system_stm32f4xx.o
                0x0000000020000000                SystemCoreClock
 .data.uwTickPrio
                0x0000000020000004        0x4 ./Drivers/STM32F4xx_HAL_Driver/Src/stm32f4xx_hal.o
                0x0000000020000004                uwTickPrio
 .data.uwTickFreq
                0x0000000020000008        0x1 ./Drivers/STM32F4xx_HAL_Driver/Src/stm32f4xx_hal.o
                0x0000000020000008                uwTickFreq
 *fill*         0x0000000020000009        0x3 
 .data._impure_ptr
                0x000000002000000c        0x4 c:/st/stm32cubeide_1.11.0/stm32cubeide/plugins/com.st.stm32cube.ide.mcu.externaltools.gnu-tools-for-stm32.10.3-2021.10.win32_1.0.100.202210260954/tools/bin/../lib/gcc/arm-none-eabi/10.3.1/../../../../arm-none-eabi/lib/thumb/v7e-m+fp/hard\libc_nano.a(lib_a-impure.o)
                0x000000002000000c                _impure_ptr
 .data.impure_data
                0x0000000020000010       0x60 c:/st/stm32cubeide_1.11.0/stm32cubeide/plugins/com.st.stm32cube.ide.mcu.externaltools.gnu-tools-for-stm32.10.3-2021.10.win32_1.0.100.202210260954/tools/bin/../lib/gcc/arm-none-eabi/10.3.1/../../../../arm-none-eabi/lib/thumb/v7e-m+fp/hard\libc_nano.a(lib_a-impure.o)
 *(.RamFunc)
 *(.RamFunc*)
                0x0000000020000070                . = ALIGN (0x4)
                0x0000000020000070                _edata = .

.igot.plt       0x0000000020000070        0x0 load address 0x00000000080069d0
 .igot.plt      0x0000000020000070        0x0 c:/st/stm32cubeide_1.11.0/stm32cubeide/plugins/com.st.stm32cube.ide.mcu.externaltools.gnu-tools-for-stm32.10.3-2021.10.win32_1.0.100.202210260954/tools/bin/../lib/gcc/arm-none-eabi/10.3.1/thumb/v7e-m+fp/hard/crtbegin.o
                0x0000000020000070                . = ALIGN (0x4)

.bss            0x0000000020000070      0x3e8 load address 0x00000000080069d0
                0x0000000020000070                _sbss = .
                0x0000000020000070                __bss_start__ = _sbss
 *(.bss)
 .bss           0x0000000020000070       0x1c c:/st/stm32cubeide_1.11.0/stm32cubeide/plugins/com.st.stm32cube.ide.mcu.externaltools.gnu-tools-for-stm32.10.3-2021.10.win32_1.0.100.202210260954/tools/bin/../lib/gcc/arm-none-eabi/10.3.1/thumb/v7e-m+fp/hard/crtbegin.o
 *(.bss*)
 .bss.currentADCHandle
                0x000000002000008c        0x4 ./Core/Src/MainWrapper.o
                0x000000002000008c                currentADCHandle
 .bss.currentADCMemHandle
                0x0000000020000090        0x4 ./Core/Src/MainWrapper.o
                0x0000000020000090                currentADCMemHandle
 .bss.i2cHandle
                0x0000000020000094        0x4 ./Core/Src/MainWrapper.o
                0x0000000020000094                i2cHandle
 .bss.graphHandle
                0x0000000020000098        0x4 ./Core/Src/MainWrapper.o
                0x0000000020000098                graphHandle
 .bss.spiHandle
                0x000000002000009c        0x4 ./Core/Src/MainWrapper.o
                0x000000002000009c                spiHandle
 .bss.pwm2Handle
                0x00000000200000a0        0x4 ./Core/Src/MainWrapper.o
                0x00000000200000a0                pwm2Handle
 .bss.pwm3Handle
                0x00000000200000a4        0x4 ./Core/Src/MainWrapper.o
                0x00000000200000a4                pwm3Handle
 .bss.screenHandle
                0x00000000200000a8        0x4 ./Core/Src/MainWrapper.o
                0x00000000200000a8                screenHandle
 .bss.midiHandle
                0x00000000200000ac        0x4 ./Core/Src/MainWrapper.o
                0x00000000200000ac                midiHandle
 .bss.shiftReg  0x00000000200000b0       0x24 ./Core/Src/MainWrapper.o
                0x00000000200000b0                shiftReg
 .bss.screen    0x00000000200000d4       0x18 ./Core/Src/MainWrapper.o
                0x00000000200000d4                screen
 .bss.menuUp    0x00000000200000ec       0x10 ./Core/Src/MainWrapper.o
                0x00000000200000ec                menuUp
 .bss.menuDown  0x00000000200000fc       0x10 ./Core/Src/MainWrapper.o
                0x00000000200000fc                menuDown
 .bss.count     0x000000002000010c        0x1 ./Core/Src/MainWrapper.o
                0x000000002000010c                count
 .bss.menuLeftPrev
                0x000000002000010d        0x1 ./Core/Src/MainWrapper.o
                0x000000002000010d                menuLeftPrev
 .bss._ZZ4MainE8menuLeft
                0x000000002000010e        0x1 ./Core/Src/MainWrapper.o
 *fill*         0x000000002000010f        0x1 
 .bss._ZGVZ4MainE8menuLeft
                0x0000000020000110        0x4 ./Core/Src/MainWrapper.o
 .bss.hadc1     0x0000000020000114       0x64 ./Core/Src/main.o
                0x0000000020000114                hadc1
 .bss.hdma_adc1
                0x0000000020000178       0x60 ./Core/Src/main.o
                0x0000000020000178                hdma_adc1
 .bss.hi2c1     0x00000000200001d8       0x54 ./Core/Src/main.o
                0x00000000200001d8                hi2c1
 .bss.hspi2     0x000000002000022c       0x58 ./Core/Src/main.o
                0x000000002000022c                hspi2
 .bss.hspi5     0x0000000020000284       0x58 ./Core/Src/main.o
                0x0000000020000284                hspi5
 .bss.htim2     0x00000000200002dc       0x48 ./Core/Src/main.o
                0x00000000200002dc                htim2
 .bss.htim3     0x0000000020000324       0x48 ./Core/Src/main.o
                0x0000000020000324                htim3
 .bss.htim6     0x000000002000036c       0x48 ./Core/Src/main.o
                0x000000002000036c                htim6
 .bss.huart1    0x00000000200003b4       0x44 ./Core/Src/main.o
                0x00000000200003b4                huart1
 .bss.huart2    0x00000000200003f8       0x44 ./Core/Src/main.o
                0x00000000200003f8                huart2
 .bss.__sbrk_heap_end
                0x000000002000043c        0x4 ./Core/Src/sysmem.o
 .bss.uwTick    0x0000000020000440        0x4 ./Drivers/STM32F4xx_HAL_Driver/Src/stm32f4xx_hal.o
                0x0000000020000440                uwTick
 .bss._ZN12_GLOBAL__N_113__new_handlerE
                0x0000000020000444        0x4 c:/st/stm32cubeide_1.11.0/stm32cubeide/plugins/com.st.stm32cube.ide.mcu.externaltools.gnu-tools-for-stm32.10.3-2021.10.win32_1.0.100.202210260954/tools/bin/../lib/gcc/arm-none-eabi/10.3.1/../../../../arm-none-eabi/lib/thumb/v7e-m+fp/hard\libstdc++_nano.a(new_handler.o)
 .bss.__malloc_free_list
                0x0000000020000448        0x4 c:/st/stm32cubeide_1.11.0/stm32cubeide/plugins/com.st.stm32cube.ide.mcu.externaltools.gnu-tools-for-stm32.10.3-2021.10.win32_1.0.100.202210260954/tools/bin/../lib/gcc/arm-none-eabi/10.3.1/../../../../arm-none-eabi/lib/thumb/v7e-m+fp/hard\libc_nano.a(lib_a-nano-mallocr.o)
                0x0000000020000448                __malloc_free_list
 .bss.__malloc_sbrk_start
                0x000000002000044c        0x4 c:/st/stm32cubeide_1.11.0/stm32cubeide/plugins/com.st.stm32cube.ide.mcu.externaltools.gnu-tools-for-stm32.10.3-2021.10.win32_1.0.100.202210260954/tools/bin/../lib/gcc/arm-none-eabi/10.3.1/../../../../arm-none-eabi/lib/thumb/v7e-m+fp/hard\libc_nano.a(lib_a-nano-mallocr.o)
                0x000000002000044c                __malloc_sbrk_start
 .bss.errno     0x0000000020000450        0x4 c:/st/stm32cubeide_1.11.0/stm32cubeide/plugins/com.st.stm32cube.ide.mcu.externaltools.gnu-tools-for-stm32.10.3-2021.10.win32_1.0.100.202210260954/tools/bin/../lib/gcc/arm-none-eabi/10.3.1/../../../../arm-none-eabi/lib/thumb/v7e-m+fp/hard\libc_nano.a(lib_a-reent.o)
                0x0000000020000450                errno
 .bss.__lock___malloc_recursive_mutex
                0x0000000020000454        0x1 c:/st/stm32cubeide_1.11.0/stm32cubeide/plugins/com.st.stm32cube.ide.mcu.externaltools.gnu-tools-for-stm32.10.3-2021.10.win32_1.0.100.202210260954/tools/bin/../lib/gcc/arm-none-eabi/10.3.1/../../../../arm-none-eabi/lib/thumb/v7e-m+fp/hard\libc_nano.a(lib_a-lock.o)
                0x0000000020000454                __lock___malloc_recursive_mutex
 *(COMMON)
                0x0000000020000458                . = ALIGN (0x4)
 *fill*         0x0000000020000455        0x3 
                0x0000000020000458                _ebss = .
                0x0000000020000458                __bss_end__ = _ebss

._user_heap_stack
                0x0000000020000458      0x600 load address 0x00000000080069d0
                0x0000000020000458                . = ALIGN (0x8)
                [!provide]                        PROVIDE (end = .)
                0x0000000020000458                PROVIDE (_end = .)
                0x0000000020000658                . = (. + _Min_Heap_Size)
 *fill*         0x0000000020000458      0x200 
                0x0000000020000a58                . = (. + _Min_Stack_Size)
 *fill*         0x0000000020000658      0x400 
                0x0000000020000a58                . = ALIGN (0x8)

/DISCARD/
 libc.a(*)
 libm.a(*)
 libgcc.a(*)

.ARM.attributes
                0x0000000000000000       0x30
 *(.ARM.attributes)
 .ARM.attributes
                0x0000000000000000       0x1e c:/st/stm32cubeide_1.11.0/stm32cubeide/plugins/com.st.stm32cube.ide.mcu.externaltools.gnu-tools-for-stm32.10.3-2021.10.win32_1.0.100.202210260954/tools/bin/../lib/gcc/arm-none-eabi/10.3.1/thumb/v7e-m+fp/hard/crti.o
 .ARM.attributes
                0x000000000000001e       0x34 c:/st/stm32cubeide_1.11.0/stm32cubeide/plugins/com.st.stm32cube.ide.mcu.externaltools.gnu-tools-for-stm32.10.3-2021.10.win32_1.0.100.202210260954/tools/bin/../lib/gcc/arm-none-eabi/10.3.1/thumb/v7e-m+fp/hard/crtbegin.o
 .ARM.attributes
                0x0000000000000052       0x34 ./Core/Src/Button.o
 .ARM.attributes
                0x0000000000000086       0x34 ./Core/Src/MainWrapper.o
 .ARM.attributes
                0x00000000000000ba       0x34 ./Core/Src/Nextion.o
 .ARM.attributes
                0x00000000000000ee       0x34 ./Core/Src/ShiftRegs.o
 .ARM.attributes
                0x0000000000000122       0x34 ./Core/Src/Utils.o
 .ARM.attributes
                0x0000000000000156       0x34 ./Core/Src/main.o
 .ARM.attributes
                0x000000000000018a       0x34 ./Core/Src/stm32f4xx_hal_msp.o
 .ARM.attributes
                0x00000000000001be       0x34 ./Core/Src/stm32f4xx_it.o
 .ARM.attributes
                0x00000000000001f2       0x34 ./Core/Src/syscalls.o
 .ARM.attributes
                0x0000000000000226       0x34 ./Core/Src/sysmem.o
 .ARM.attributes
                0x000000000000025a       0x34 ./Core/Src/system_stm32f4xx.o
 .ARM.attributes
                0x000000000000028e       0x21 ./Core/Startup/startup_stm32f412vetx.o
 .ARM.attributes
                0x00000000000002af       0x34 ./Drivers/STM32F4xx_HAL_Driver/Src/stm32f4xx_hal.o
 .ARM.attributes
                0x00000000000002e3       0x34 ./Drivers/STM32F4xx_HAL_Driver/Src/stm32f4xx_hal_adc.o
 .ARM.attributes
                0x0000000000000317       0x34 ./Drivers/STM32F4xx_HAL_Driver/Src/stm32f4xx_hal_adc_ex.o
 .ARM.attributes
                0x000000000000034b       0x34 ./Drivers/STM32F4xx_HAL_Driver/Src/stm32f4xx_hal_cortex.o
 .ARM.attributes
                0x000000000000037f       0x34 ./Drivers/STM32F4xx_HAL_Driver/Src/stm32f4xx_hal_dma.o
 .ARM.attributes
                0x00000000000003b3       0x34 ./Drivers/STM32F4xx_HAL_Driver/Src/stm32f4xx_hal_gpio.o
 .ARM.attributes
                0x00000000000003e7       0x34 ./Drivers/STM32F4xx_HAL_Driver/Src/stm32f4xx_hal_i2c.o
 .ARM.attributes
                0x000000000000041b       0x34 ./Drivers/STM32F4xx_HAL_Driver/Src/stm32f4xx_hal_rcc.o
 .ARM.attributes
                0x000000000000044f       0x34 ./Drivers/STM32F4xx_HAL_Driver/Src/stm32f4xx_hal_rcc_ex.o
 .ARM.attributes
                0x0000000000000483       0x34 ./Drivers/STM32F4xx_HAL_Driver/Src/stm32f4xx_hal_spi.o
 .ARM.attributes
                0x00000000000004b7       0x34 ./Drivers/STM32F4xx_HAL_Driver/Src/stm32f4xx_hal_tim.o
 .ARM.attributes
                0x00000000000004eb       0x34 ./Drivers/STM32F4xx_HAL_Driver/Src/stm32f4xx_hal_tim_ex.o
 .ARM.attributes
                0x000000000000051f       0x34 ./Drivers/STM32F4xx_HAL_Driver/Src/stm32f4xx_hal_uart.o
 .ARM.attributes
                0x0000000000000553       0x34 c:/st/stm32cubeide_1.11.0/stm32cubeide/plugins/com.st.stm32cube.ide.mcu.externaltools.gnu-tools-for-stm32.10.3-2021.10.win32_1.0.100.202210260954/tools/bin/../lib/gcc/arm-none-eabi/10.3.1/../../../../arm-none-eabi/lib/thumb/v7e-m+fp/hard\libstdc++_nano.a(del_ops.o)
 .ARM.attributes
                0x0000000000000587       0x34 c:/st/stm32cubeide_1.11.0/stm32cubeide/plugins/com.st.stm32cube.ide.mcu.externaltools.gnu-tools-for-stm32.10.3-2021.10.win32_1.0.100.202210260954/tools/bin/../lib/gcc/arm-none-eabi/10.3.1/../../../../arm-none-eabi/lib/thumb/v7e-m+fp/hard\libstdc++_nano.a(del_opv.o)
 .ARM.attributes
                0x00000000000005bb       0x34 c:/st/stm32cubeide_1.11.0/stm32cubeide/plugins/com.st.stm32cube.ide.mcu.externaltools.gnu-tools-for-stm32.10.3-2021.10.win32_1.0.100.202210260954/tools/bin/../lib/gcc/arm-none-eabi/10.3.1/../../../../arm-none-eabi/lib/thumb/v7e-m+fp/hard\libstdc++_nano.a(guard.o)
 .ARM.attributes
                0x00000000000005ef       0x34 c:/st/stm32cubeide_1.11.0/stm32cubeide/plugins/com.st.stm32cube.ide.mcu.externaltools.gnu-tools-for-stm32.10.3-2021.10.win32_1.0.100.202210260954/tools/bin/../lib/gcc/arm-none-eabi/10.3.1/../../../../arm-none-eabi/lib/thumb/v7e-m+fp/hard\libstdc++_nano.a(new_opv.o)
 .ARM.attributes
                0x0000000000000623       0x34 c:/st/stm32cubeide_1.11.0/stm32cubeide/plugins/com.st.stm32cube.ide.mcu.externaltools.gnu-tools-for-stm32.10.3-2021.10.win32_1.0.100.202210260954/tools/bin/../lib/gcc/arm-none-eabi/10.3.1/../../../../arm-none-eabi/lib/thumb/v7e-m+fp/hard\libstdc++_nano.a(del_op.o)
 .ARM.attributes
                0x0000000000000657       0x34 c:/st/stm32cubeide_1.11.0/stm32cubeide/plugins/com.st.stm32cube.ide.mcu.externaltools.gnu-tools-for-stm32.10.3-2021.10.win32_1.0.100.202210260954/tools/bin/../lib/gcc/arm-none-eabi/10.3.1/../../../../arm-none-eabi/lib/thumb/v7e-m+fp/hard\libstdc++_nano.a(new_op.o)
 .ARM.attributes
                0x000000000000068b       0x34 c:/st/stm32cubeide_1.11.0/stm32cubeide/plugins/com.st.stm32cube.ide.mcu.externaltools.gnu-tools-for-stm32.10.3-2021.10.win32_1.0.100.202210260954/tools/bin/../lib/gcc/arm-none-eabi/10.3.1/../../../../arm-none-eabi/lib/thumb/v7e-m+fp/hard\libstdc++_nano.a(new_handler.o)
 .ARM.attributes
                0x00000000000006bf       0x34 c:/st/stm32cubeide_1.11.0/stm32cubeide/plugins/com.st.stm32cube.ide.mcu.externaltools.gnu-tools-for-stm32.10.3-2021.10.win32_1.0.100.202210260954/tools/bin/../lib/gcc/arm-none-eabi/10.3.1/../../../../arm-none-eabi/lib/thumb/v7e-m+fp/hard\libc_nano.a(lib_a-abort.o)
 .ARM.attributes
                0x00000000000006f3       0x34 c:/st/stm32cubeide_1.11.0/stm32cubeide/plugins/com.st.stm32cube.ide.mcu.externaltools.gnu-tools-for-stm32.10.3-2021.10.win32_1.0.100.202210260954/tools/bin/../lib/gcc/arm-none-eabi/10.3.1/../../../../arm-none-eabi/lib/thumb/v7e-m+fp/hard\libc_nano.a(lib_a-errno.o)
 .ARM.attributes
                0x0000000000000727       0x34 c:/st/stm32cubeide_1.11.0/stm32cubeide/plugins/com.st.stm32cube.ide.mcu.externaltools.gnu-tools-for-stm32.10.3-2021.10.win32_1.0.100.202210260954/tools/bin/../lib/gcc/arm-none-eabi/10.3.1/../../../../arm-none-eabi/lib/thumb/v7e-m+fp/hard\libc_nano.a(lib_a-impure.o)
 .ARM.attributes
                0x000000000000075b       0x34 c:/st/stm32cubeide_1.11.0/stm32cubeide/plugins/com.st.stm32cube.ide.mcu.externaltools.gnu-tools-for-stm32.10.3-2021.10.win32_1.0.100.202210260954/tools/bin/../lib/gcc/arm-none-eabi/10.3.1/../../../../arm-none-eabi/lib/thumb/v7e-m+fp/hard\libc_nano.a(lib_a-init.o)
 .ARM.attributes
                0x000000000000078f       0x34 c:/st/stm32cubeide_1.11.0/stm32cubeide/plugins/com.st.stm32cube.ide.mcu.externaltools.gnu-tools-for-stm32.10.3-2021.10.win32_1.0.100.202210260954/tools/bin/../lib/gcc/arm-none-eabi/10.3.1/../../../../arm-none-eabi/lib/thumb/v7e-m+fp/hard\libc_nano.a(lib_a-malloc.o)
 .ARM.attributes
                0x00000000000007c3       0x34 c:/st/stm32cubeide_1.11.0/stm32cubeide/plugins/com.st.stm32cube.ide.mcu.externaltools.gnu-tools-for-stm32.10.3-2021.10.win32_1.0.100.202210260954/tools/bin/../lib/gcc/arm-none-eabi/10.3.1/../../../../arm-none-eabi/lib/thumb/v7e-m+fp/hard\libc_nano.a(lib_a-memset.o)
 .ARM.attributes
                0x00000000000007f7       0x34 c:/st/stm32cubeide_1.11.0/stm32cubeide/plugins/com.st.stm32cube.ide.mcu.externaltools.gnu-tools-for-stm32.10.3-2021.10.win32_1.0.100.202210260954/tools/bin/../lib/gcc/arm-none-eabi/10.3.1/../../../../arm-none-eabi/lib/thumb/v7e-m+fp/hard\libc_nano.a(lib_a-nano-freer.o)
 .ARM.attributes
                0x000000000000082b       0x34 c:/st/stm32cubeide_1.11.0/stm32cubeide/plugins/com.st.stm32cube.ide.mcu.externaltools.gnu-tools-for-stm32.10.3-2021.10.win32_1.0.100.202210260954/tools/bin/../lib/gcc/arm-none-eabi/10.3.1/../../../../arm-none-eabi/lib/thumb/v7e-m+fp/hard\libc_nano.a(lib_a-nano-mallocr.o)
 .ARM.attributes
                0x000000000000085f       0x34 c:/st/stm32cubeide_1.11.0/stm32cubeide/plugins/com.st.stm32cube.ide.mcu.externaltools.gnu-tools-for-stm32.10.3-2021.10.win32_1.0.100.202210260954/tools/bin/../lib/gcc/arm-none-eabi/10.3.1/../../../../arm-none-eabi/lib/thumb/v7e-m+fp/hard\libc_nano.a(lib_a-sbrkr.o)
 .ARM.attributes
                0x0000000000000893       0x34 c:/st/stm32cubeide_1.11.0/stm32cubeide/plugins/com.st.stm32cube.ide.mcu.externaltools.gnu-tools-for-stm32.10.3-2021.10.win32_1.0.100.202210260954/tools/bin/../lib/gcc/arm-none-eabi/10.3.1/../../../../arm-none-eabi/lib/thumb/v7e-m+fp/hard\libc_nano.a(lib_a-signal.o)
 .ARM.attributes
                0x00000000000008c7       0x34 c:/st/stm32cubeide_1.11.0/stm32cubeide/plugins/com.st.stm32cube.ide.mcu.externaltools.gnu-tools-for-stm32.10.3-2021.10.win32_1.0.100.202210260954/tools/bin/../lib/gcc/arm-none-eabi/10.3.1/../../../../arm-none-eabi/lib/thumb/v7e-m+fp/hard\libc_nano.a(lib_a-signalr.o)
 .ARM.attributes
                0x00000000000008fb       0x34 c:/st/stm32cubeide_1.11.0/stm32cubeide/plugins/com.st.stm32cube.ide.mcu.externaltools.gnu-tools-for-stm32.10.3-2021.10.win32_1.0.100.202210260954/tools/bin/../lib/gcc/arm-none-eabi/10.3.1/../../../../arm-none-eabi/lib/thumb/v7e-m+fp/hard\libc_nano.a(lib_a-snprintf.o)
 .ARM.attributes
                0x000000000000092f       0x17 c:/st/stm32cubeide_1.11.0/stm32cubeide/plugins/com.st.stm32cube.ide.mcu.externaltools.gnu-tools-for-stm32.10.3-2021.10.win32_1.0.100.202210260954/tools/bin/../lib/gcc/arm-none-eabi/10.3.1/../../../../arm-none-eabi/lib/thumb/v7e-m+fp/hard\libc_nano.a(lib_a-strlen.o)
 .ARM.attributes
                0x0000000000000946       0x34 c:/st/stm32cubeide_1.11.0/stm32cubeide/plugins/com.st.stm32cube.ide.mcu.externaltools.gnu-tools-for-stm32.10.3-2021.10.win32_1.0.100.202210260954/tools/bin/../lib/gcc/arm-none-eabi/10.3.1/../../../../arm-none-eabi/lib/thumb/v7e-m+fp/hard\libc_nano.a(lib_a-mlock.o)
 .ARM.attributes
                0x000000000000097a       0x34 c:/st/stm32cubeide_1.11.0/stm32cubeide/plugins/com.st.stm32cube.ide.mcu.externaltools.gnu-tools-for-stm32.10.3-2021.10.win32_1.0.100.202210260954/tools/bin/../lib/gcc/arm-none-eabi/10.3.1/../../../../arm-none-eabi/lib/thumb/v7e-m+fp/hard\libc_nano.a(lib_a-nano-svfprintf.o)
 .ARM.attributes
                0x00000000000009ae       0x34 c:/st/stm32cubeide_1.11.0/stm32cubeide/plugins/com.st.stm32cube.ide.mcu.externaltools.gnu-tools-for-stm32.10.3-2021.10.win32_1.0.100.202210260954/tools/bin/../lib/gcc/arm-none-eabi/10.3.1/../../../../arm-none-eabi/lib/thumb/v7e-m+fp/hard\libc_nano.a(lib_a-nano-vfprintf_i.o)
 .ARM.attributes
                0x00000000000009e2       0x34 c:/st/stm32cubeide_1.11.0/stm32cubeide/plugins/com.st.stm32cube.ide.mcu.externaltools.gnu-tools-for-stm32.10.3-2021.10.win32_1.0.100.202210260954/tools/bin/../lib/gcc/arm-none-eabi/10.3.1/../../../../arm-none-eabi/lib/thumb/v7e-m+fp/hard\libc_nano.a(lib_a-reent.o)
 .ARM.attributes
                0x0000000000000a16       0x34 c:/st/stm32cubeide_1.11.0/stm32cubeide/plugins/com.st.stm32cube.ide.mcu.externaltools.gnu-tools-for-stm32.10.3-2021.10.win32_1.0.100.202210260954/tools/bin/../lib/gcc/arm-none-eabi/10.3.1/../../../../arm-none-eabi/lib/thumb/v7e-m+fp/hard\libc_nano.a(lib_a-lock.o)
 .ARM.attributes
                0x0000000000000a4a       0x1c c:/st/stm32cubeide_1.11.0/stm32cubeide/plugins/com.st.stm32cube.ide.mcu.externaltools.gnu-tools-for-stm32.10.3-2021.10.win32_1.0.100.202210260954/tools/bin/../lib/gcc/arm-none-eabi/10.3.1/../../../../arm-none-eabi/lib/thumb/v7e-m+fp/hard\libc_nano.a(lib_a-memchr.o)
 .ARM.attributes
                0x0000000000000a66       0x34 c:/st/stm32cubeide_1.11.0/stm32cubeide/plugins/com.st.stm32cube.ide.mcu.externaltools.gnu-tools-for-stm32.10.3-2021.10.win32_1.0.100.202210260954/tools/bin/../lib/gcc/arm-none-eabi/10.3.1/../../../../arm-none-eabi/lib/thumb/v7e-m+fp/hard\libc_nano.a(lib_a-memcpy-stub.o)
 .ARM.attributes
                0x0000000000000a9a       0x34 c:/st/stm32cubeide_1.11.0/stm32cubeide/plugins/com.st.stm32cube.ide.mcu.externaltools.gnu-tools-for-stm32.10.3-2021.10.win32_1.0.100.202210260954/tools/bin/../lib/gcc/arm-none-eabi/10.3.1/../../../../arm-none-eabi/lib/thumb/v7e-m+fp/hard\libc_nano.a(lib_a-memmove.o)
 .ARM.attributes
                0x0000000000000ace       0x34 c:/st/stm32cubeide_1.11.0/stm32cubeide/plugins/com.st.stm32cube.ide.mcu.externaltools.gnu-tools-for-stm32.10.3-2021.10.win32_1.0.100.202210260954/tools/bin/../lib/gcc/arm-none-eabi/10.3.1/../../../../arm-none-eabi/lib/thumb/v7e-m+fp/hard\libc_nano.a(lib_a-nano-reallocr.o)
 .ARM.attributes
                0x0000000000000b02       0x34 c:/st/stm32cubeide_1.11.0/stm32cubeide/plugins/com.st.stm32cube.ide.mcu.externaltools.gnu-tools-for-stm32.10.3-2021.10.win32_1.0.100.202210260954/tools/bin/../lib/gcc/arm-none-eabi/10.3.1/../../../../arm-none-eabi/lib/thumb/v7e-m+fp/hard\libc_nano.a(lib_a-nano-msizer.o)
 .ARM.attributes
                0x0000000000000b36       0x1e c:/st/stm32cubeide_1.11.0/stm32cubeide/plugins/com.st.stm32cube.ide.mcu.externaltools.gnu-tools-for-stm32.10.3-2021.10.win32_1.0.100.202210260954/tools/bin/../lib/gcc/arm-none-eabi/10.3.1/thumb/v7e-m+fp/hard\libgcc.a(_aeabi_uldivmod.o)
 .ARM.attributes
                0x0000000000000b54       0x34 c:/st/stm32cubeide_1.11.0/stm32cubeide/plugins/com.st.stm32cube.ide.mcu.externaltools.gnu-tools-for-stm32.10.3-2021.10.win32_1.0.100.202210260954/tools/bin/../lib/gcc/arm-none-eabi/10.3.1/thumb/v7e-m+fp/hard\libgcc.a(_udivmoddi4.o)
 .ARM.attributes
                0x0000000000000b88       0x1e c:/st/stm32cubeide_1.11.0/stm32cubeide/plugins/com.st.stm32cube.ide.mcu.externaltools.gnu-tools-for-stm32.10.3-2021.10.win32_1.0.100.202210260954/tools/bin/../lib/gcc/arm-none-eabi/10.3.1/thumb/v7e-m+fp/hard\libgcc.a(_dvmd_tls.o)
 .ARM.attributes
                0x0000000000000ba6       0x1e c:/st/stm32cubeide_1.11.0/stm32cubeide/plugins/com.st.stm32cube.ide.mcu.externaltools.gnu-tools-for-stm32.10.3-2021.10.win32_1.0.100.202210260954/tools/bin/../lib/gcc/arm-none-eabi/10.3.1/thumb/v7e-m+fp/hard/crtn.o
OUTPUT(LightDrum.elf elf32-littlearm)
LOAD linker stubs
LOAD c:/st/stm32cubeide_1.11.0/stm32cubeide/plugins/com.st.stm32cube.ide.mcu.externaltools.gnu-tools-for-stm32.10.3-2021.10.win32_1.0.100.202210260954/tools/bin/../lib/gcc/arm-none-eabi/10.3.1/../../../../arm-none-eabi/lib/thumb/v7e-m+fp/hard\libc.a
LOAD c:/st/stm32cubeide_1.11.0/stm32cubeide/plugins/com.st.stm32cube.ide.mcu.externaltools.gnu-tools-for-stm32.10.3-2021.10.win32_1.0.100.202210260954/tools/bin/../lib/gcc/arm-none-eabi/10.3.1/../../../../arm-none-eabi/lib/thumb/v7e-m+fp/hard\libm.a
LOAD c:/st/stm32cubeide_1.11.0/stm32cubeide/plugins/com.st.stm32cube.ide.mcu.externaltools.gnu-tools-for-stm32.10.3-2021.10.win32_1.0.100.202210260954/tools/bin/../lib/gcc/arm-none-eabi/10.3.1/thumb/v7e-m+fp/hard\libgcc.a

.debug_info     0x0000000000000000    0x1e981
 .debug_info    0x0000000000000000      0x4bd ./Core/Src/Button.o
 .debug_info    0x00000000000004bd     0x3442 ./Core/Src/MainWrapper.o
 .debug_info    0x00000000000038ff     0x266e ./Core/Src/Nextion.o
 .debug_info    0x0000000000005f6d     0x2ee0 ./Core/Src/ShiftRegs.o
 .debug_info    0x0000000000008e4d      0x3d1 ./Core/Src/Utils.o
 .debug_info    0x000000000000921e     0x1fc4 ./Core/Src/main.o
 .debug_info    0x000000000000b1e2     0x1b74 ./Core/Src/stm32f4xx_hal_msp.o
 .debug_info    0x000000000000cd56      0x7ee ./Core/Src/stm32f4xx_it.o
 .debug_info    0x000000000000d544      0x6e0 ./Core/Src/syscalls.o
 .debug_info    0x000000000000dc24      0x171 ./Core/Src/sysmem.o
 .debug_info    0x000000000000dd95      0x55b ./Core/Src/system_stm32f4xx.o
 .debug_info    0x000000000000e2f0       0x22 ./Core/Startup/startup_stm32f412vetx.o
 .debug_info    0x000000000000e312      0x9a2 ./Drivers/STM32F4xx_HAL_Driver/Src/stm32f4xx_hal.o
 .debug_info    0x000000000000ecb4      0xef0 ./Drivers/STM32F4xx_HAL_Driver/Src/stm32f4xx_hal_adc.o
 .debug_info    0x000000000000fba4      0xc52 ./Drivers/STM32F4xx_HAL_Driver/Src/stm32f4xx_hal_adc_ex.o
 .debug_info    0x00000000000107f6      0xe09 ./Drivers/STM32F4xx_HAL_Driver/Src/stm32f4xx_hal_cortex.o
 .debug_info    0x00000000000115ff      0x94f ./Drivers/STM32F4xx_HAL_Driver/Src/stm32f4xx_hal_dma.o
 .debug_info    0x0000000000011f4e      0x7be ./Drivers/STM32F4xx_HAL_Driver/Src/stm32f4xx_hal_gpio.o
 .debug_info    0x000000000001270c     0x2617 ./Drivers/STM32F4xx_HAL_Driver/Src/stm32f4xx_hal_i2c.o
 .debug_info    0x0000000000014d23      0x9ab ./Drivers/STM32F4xx_HAL_Driver/Src/stm32f4xx_hal_rcc.o
 .debug_info    0x00000000000156ce      0x801 ./Drivers/STM32F4xx_HAL_Driver/Src/stm32f4xx_hal_rcc_ex.o
 .debug_info    0x0000000000015ecf     0x1758 ./Drivers/STM32F4xx_HAL_Driver/Src/stm32f4xx_hal_spi.o
 .debug_info    0x0000000000017627     0x2bbe ./Drivers/STM32F4xx_HAL_Driver/Src/stm32f4xx_hal_tim.o
 .debug_info    0x000000000001a1e5     0x15e0 ./Drivers/STM32F4xx_HAL_Driver/Src/stm32f4xx_hal_tim_ex.o
 .debug_info    0x000000000001b7c5     0x31bc ./Drivers/STM32F4xx_HAL_Driver/Src/stm32f4xx_hal_uart.o

.debug_abbrev   0x0000000000000000     0x3cd5
 .debug_abbrev  0x0000000000000000      0x299 ./Core/Src/Button.o
 .debug_abbrev  0x0000000000000299      0x533 ./Core/Src/MainWrapper.o
 .debug_abbrev  0x00000000000007cc      0x3c4 ./Core/Src/Nextion.o
 .debug_abbrev  0x0000000000000b90      0x5ed ./Core/Src/ShiftRegs.o
 .debug_abbrev  0x000000000000117d      0x1e5 ./Core/Src/Utils.o
 .debug_abbrev  0x0000000000001362      0x2c0 ./Core/Src/main.o
 .debug_abbrev  0x0000000000001622      0x247 ./Core/Src/stm32f4xx_hal_msp.o
 .debug_abbrev  0x0000000000001869      0x1b3 ./Core/Src/stm32f4xx_it.o
 .debug_abbrev  0x0000000000001a1c      0x1b3 ./Core/Src/syscalls.o
 .debug_abbrev  0x0000000000001bcf       0xbb ./Core/Src/sysmem.o
 .debug_abbrev  0x0000000000001c8a      0x116 ./Core/Src/system_stm32f4xx.o
 .debug_abbrev  0x0000000000001da0       0x12 ./Core/Startup/startup_stm32f412vetx.o
 .debug_abbrev  0x0000000000001db2      0x20d ./Drivers/STM32F4xx_HAL_Driver/Src/stm32f4xx_hal.o
 .debug_abbrev  0x0000000000001fbf      0x244 ./Drivers/STM32F4xx_HAL_Driver/Src/stm32f4xx_hal_adc.o
 .debug_abbrev  0x0000000000002203      0x25f ./Drivers/STM32F4xx_HAL_Driver/Src/stm32f4xx_hal_adc_ex.o
 .debug_abbrev  0x0000000000002462      0x316 ./Drivers/STM32F4xx_HAL_Driver/Src/stm32f4xx_hal_cortex.o
 .debug_abbrev  0x0000000000002778      0x25b ./Drivers/STM32F4xx_HAL_Driver/Src/stm32f4xx_hal_dma.o
 .debug_abbrev  0x00000000000029d3      0x1c4 ./Drivers/STM32F4xx_HAL_Driver/Src/stm32f4xx_hal_gpio.o
 .debug_abbrev  0x0000000000002b97      0x297 ./Drivers/STM32F4xx_HAL_Driver/Src/stm32f4xx_hal_i2c.o
 .debug_abbrev  0x0000000000002e2e      0x2aa ./Drivers/STM32F4xx_HAL_Driver/Src/stm32f4xx_hal_rcc.o
 .debug_abbrev  0x00000000000030d8      0x1d9 ./Drivers/STM32F4xx_HAL_Driver/Src/stm32f4xx_hal_rcc_ex.o
 .debug_abbrev  0x00000000000032b1      0x26e ./Drivers/STM32F4xx_HAL_Driver/Src/stm32f4xx_hal_spi.o
 .debug_abbrev  0x000000000000351f      0x25d ./Drivers/STM32F4xx_HAL_Driver/Src/stm32f4xx_hal_tim.o
 .debug_abbrev  0x000000000000377c      0x265 ./Drivers/STM32F4xx_HAL_Driver/Src/stm32f4xx_hal_tim_ex.o
 .debug_abbrev  0x00000000000039e1      0x2f4 ./Drivers/STM32F4xx_HAL_Driver/Src/stm32f4xx_hal_uart.o

.debug_aranges  0x0000000000000000     0x1630
 .debug_aranges
                0x0000000000000000       0x30 ./Core/Src/Button.o
 .debug_aranges
                0x0000000000000030       0xc8 ./Core/Src/MainWrapper.o
 .debug_aranges
                0x00000000000000f8       0xc0 ./Core/Src/Nextion.o
 .debug_aranges
                0x00000000000001b8       0x80 ./Core/Src/ShiftRegs.o
 .debug_aranges
                0x0000000000000238       0x38 ./Core/Src/Utils.o
 .debug_aranges
                0x0000000000000270       0x90 ./Core/Src/main.o
 .debug_aranges
                0x0000000000000300       0x78 ./Core/Src/stm32f4xx_hal_msp.o
 .debug_aranges
                0x0000000000000378       0x98 ./Core/Src/stm32f4xx_it.o
 .debug_aranges
                0x0000000000000410       0xa8 ./Core/Src/syscalls.o
 .debug_aranges
                0x00000000000004b8       0x20 ./Core/Src/sysmem.o
 .debug_aranges
                0x00000000000004d8       0x28 ./Core/Src/system_stm32f4xx.o
 .debug_aranges
                0x0000000000000500       0x28 ./Core/Startup/startup_stm32f412vetx.o
 .debug_aranges
                0x0000000000000528       0xf0 ./Drivers/STM32F4xx_HAL_Driver/Src/stm32f4xx_hal.o
 .debug_aranges
                0x0000000000000618       0xf8 ./Drivers/STM32F4xx_HAL_Driver/Src/stm32f4xx_hal_adc.o
 .debug_aranges
                0x0000000000000710       0x90 ./Drivers/STM32F4xx_HAL_Driver/Src/stm32f4xx_hal_adc_ex.o
 .debug_aranges