Archive member included to satisfy reference by file (symbol)

c:/st/stm32cubeide_1.11.0/stm32cubeide/plugins/com.st.stm32cube.ide.mcu.externaltools.gnu-tools-for-stm32.10.3-2021.10.win32_1.0.100.202210260954/tools/bin/../lib/gcc/arm-none-eabi/10.3.1/../../../../arm-none-eabi/lib/thumb/v7e-m+fp/hard\libstdc++_nano.a(del_ops.o)
                              ./Core/Src/Nextion.o (operator delete(void*, unsigned int))
c:/st/stm32cubeide_1.11.0/stm32cubeide/plugins/com.st.stm32cube.ide.mcu.externaltools.gnu-tools-for-stm32.10.3-2021.10.win32_1.0.100.202210260954/tools/bin/../lib/gcc/arm-none-eabi/10.3.1/../../../../arm-none-eabi/lib/thumb/v7e-m+fp/hard\libstdc++_nano.a(del_opv.o)
                              ./Core/Src/Nextion.o (operator delete[](void*))
c:/st/stm32cubeide_1.11.0/stm32cubeide/plugins/com.st.stm32cube.ide.mcu.externaltools.gnu-tools-for-stm32.10.3-2021.10.win32_1.0.100.202210260954/tools/bin/../lib/gcc/arm-none-eabi/10.3.1/../../../../arm-none-eabi/lib/thumb/v7e-m+fp/hard\libstdc++_nano.a(new_op.o)
                              ./Core/Src/ShiftRegs.o (operator new(unsigned int))
c:/st/stm32cubeide_1.11.0/stm32cubeide/plugins/com.st.stm32cube.ide.mcu.externaltools.gnu-tools-for-stm32.10.3-2021.10.win32_1.0.100.202210260954/tools/bin/../lib/gcc/arm-none-eabi/10.3.1/../../../../arm-none-eabi/lib/thumb/v7e-m+fp/hard\libstdc++_nano.a(new_opv.o)
                              ./Core/Src/Nextion.o (operator new[](unsigned int))
c:/st/stm32cubeide_1.11.0/stm32cubeide/plugins/com.st.stm32cube.ide.mcu.externaltools.gnu-tools-for-stm32.10.3-2021.10.win32_1.0.100.202210260954/tools/bin/../lib/gcc/arm-none-eabi/10.3.1/../../../../arm-none-eabi/lib/thumb/v7e-m+fp/hard\libstdc++_nano.a(del_op.o)
                              c:/st/stm32cubeide_1.11.0/stm32cubeide/plugins/com.st.stm32cube.ide.mcu.externaltools.gnu-tools-for-stm32.10.3-2021.10.win32_1.0.100.202210260954/tools/bin/../lib/gcc/arm-none-eabi/10.3.1/../../../../arm-none-eabi/lib/thumb/v7e-m+fp/hard\libstdc++_nano.a(del_ops.o) (operator delete(void*))
c:/st/stm32cubeide_1.11.0/stm32cubeide/plugins/com.st.stm32cube.ide.mcu.externaltools.gnu-tools-for-stm32.10.3-2021.10.win32_1.0.100.202210260954/tools/bin/../lib/gcc/arm-none-eabi/10.3.1/../../../../arm-none-eabi/lib/thumb/v7e-m+fp/hard\libstdc++_nano.a(new_handler.o)
                              c:/st/stm32cubeide_1.11.0/stm32cubeide/plugins/com.st.stm32cube.ide.mcu.externaltools.gnu-tools-for-stm32.10.3-2021.10.win32_1.0.100.202210260954/tools/bin/../lib/gcc/arm-none-eabi/10.3.1/../../../../arm-none-eabi/lib/thumb/v7e-m+fp/hard\libstdc++_nano.a(new_op.o) (std::get_new_handler())
c:/st/stm32cubeide_1.11.0/stm32cubeide/plugins/com.st.stm32cube.ide.mcu.externaltools.gnu-tools-for-stm32.10.3-2021.10.win32_1.0.100.202210260954/tools/bin/../lib/gcc/arm-none-eabi/10.3.1/../../../../arm-none-eabi/lib/thumb/v7e-m+fp/hard\libc_nano.a(lib_a-abort.o)
                              c:/st/stm32cubeide_1.11.0/stm32cubeide/plugins/com.st.stm32cube.ide.mcu.externaltools.gnu-tools-for-stm32.10.3-2021.10.win32_1.0.100.202210260954/tools/bin/../lib/gcc/arm-none-eabi/10.3.1/../../../../arm-none-eabi/lib/thumb/v7e-m+fp/hard\libstdc++_nano.a(new_op.o) (abort)
c:/st/stm32cubeide_1.11.0/stm32cubeide/plugins/com.st.stm32cube.ide.mcu.externaltools.gnu-tools-for-stm32.10.3-2021.10.win32_1.0.100.202210260954/tools/bin/../lib/gcc/arm-none-eabi/10.3.1/../../../../arm-none-eabi/lib/thumb/v7e-m+fp/hard\libc_nano.a(lib_a-errno.o)
                              ./Core/Src/syscalls.o (__errno)
c:/st/stm32cubeide_1.11.0/stm32cubeide/plugins/com.st.stm32cube.ide.mcu.externaltools.gnu-tools-for-stm32.10.3-2021.10.win32_1.0.100.202210260954/tools/bin/../lib/gcc/arm-none-eabi/10.3.1/../../../../arm-none-eabi/lib/thumb/v7e-m+fp/hard\libc_nano.a(lib_a-exit.o)
                              c:/st/stm32cubeide_1.11.0/stm32cubeide/plugins/com.st.stm32cube.ide.mcu.externaltools.gnu-tools-for-stm32.10.3-2021.10.win32_1.0.100.202210260954/tools/bin/../lib/gcc/arm-none-eabi/10.3.1/../../../../arm-none-eabi/lib/thumb/v7e-m+fp/hard/crt0.o (exit)
c:/st/stm32cubeide_1.11.0/stm32cubeide/plugins/com.st.stm32cube.ide.mcu.externaltools.gnu-tools-for-stm32.10.3-2021.10.win32_1.0.100.202210260954/tools/bin/../lib/gcc/arm-none-eabi/10.3.1/../../../../arm-none-eabi/lib/thumb/v7e-m+fp/hard\libc_nano.a(lib_a-impure.o)
                              c:/st/stm32cubeide_1.11.0/stm32cubeide/plugins/com.st.stm32cube.ide.mcu.externaltools.gnu-tools-for-stm32.10.3-2021.10.win32_1.0.100.202210260954/tools/bin/../lib/gcc/arm-none-eabi/10.3.1/../../../../arm-none-eabi/lib/thumb/v7e-m+fp/hard\libc_nano.a(lib_a-exit.o) (_global_impure_ptr)
c:/st/stm32cubeide_1.11.0/stm32cubeide/plugins/com.st.stm32cube.ide.mcu.externaltools.gnu-tools-for-stm32.10.3-2021.10.win32_1.0.100.202210260954/tools/bin/../lib/gcc/arm-none-eabi/10.3.1/../../../../arm-none-eabi/lib/thumb/v7e-m+fp/hard\libc_nano.a(lib_a-init.o)
[...]
Memory Configuration

Name             Origin             Length             Attributes
RAM              0x0000000020000000 0x0000000000040000 xrw
FLASH            0x0000000008000000 0x0000000000080000 xr
*default*        0x0000000000000000 0xffffffffffffffff

Linker script and memory map

LOAD c:/st/stm32cubeide_1.11.0/stm32cubeide/plugins/com.st.stm32cube.ide.mcu.externaltools.gnu-tools-for-stm32.10.3-2021.10.win32_1.0.100.202210260954/tools/bin/../lib/gcc/arm-none-eabi/10.3.1/thumb/v7e-m+fp/hard/crti.o
LOAD c:/st/stm32cubeide_1.11.0/stm32cubeide/plugins/com.st.stm32cube.ide.mcu.externaltools.gnu-tools-for-stm32.10.3-2021.10.win32_1.0.100.202210260954/tools/bin/../lib/gcc/arm-none-eabi/10.3.1/thumb/v7e-m+fp/hard/crtbegin.o
LOAD c:/st/stm32cubeide_1.11.0/stm32cubeide/plugins/com.st.stm32cube.ide.mcu.externaltools.gnu-tools-for-stm32.10.3-2021.10.win32_1.0.100.202210260954/tools/bin/../lib/gcc/arm-none-eabi/10.3.1/../../../../arm-none-eabi/lib/thumb/v7e-m+fp/hard/crt0.o
LOAD ./Core/Src/MainWrapper.o
LOAD ./Core/Src/Nextion.o
LOAD ./Core/Src/PCA9634.o
LOAD ./Core/Src/ShiftRegs.o
LOAD ./Core/Src/Utils.o
LOAD ./Core/Src/main.o
LOAD ./Core/Src/stm32f4xx_hal_msp.o
LOAD ./Core/Src/stm32f4xx_it.o
LOAD ./Core/Src/syscalls.o
LOAD ./Core/Src/sysmem.o
LOAD ./Core/Src/system_stm32f4xx.o
LOAD ./Core/Startup/startup_stm32f412vetx.o
LOAD ./Drivers/STM32F4xx_HAL_Driver/Src/stm32f4xx_hal.o
LOAD ./Drivers/STM32F4xx_HAL_Driver/Src/stm32f4xx_hal_adc.o
LOAD ./Drivers/STM32F4xx_HAL_Driver/Src/stm32f4xx_hal_adc_ex.o
LOAD ./Drivers/STM32F4xx_HAL_Driver/Src/stm32f4xx_hal_cortex.o
LOAD ./Drivers/STM32F4xx_HAL_Driver/Src/stm32f4xx_hal_dma.o
LOAD ./Drivers/STM32F4xx_HAL_Driver/Src/stm32f4xx_hal_dma_ex.o
LOAD ./Drivers/STM32F4xx_HAL_Driver/Src/stm32f4xx_hal_exti.o
LOAD ./Drivers/STM32F4xx_HAL_Driver/Src/stm32f4xx_hal_flash.o
LOAD ./Drivers/STM32F4xx_HAL_Driver/Src/stm32f4xx_hal_flash_ex.o
LOAD ./Drivers/STM32F4xx_HAL_Driver/Src/stm32f4xx_hal_flash_ramfunc.o
LOAD ./Drivers/STM32F4xx_HAL_Driver/Src/stm32f4xx_hal_gpio.o
LOAD ./Drivers/STM32F4xx_HAL_Driver/Src/stm32f4xx_hal_i2c.o
LOAD ./Drivers/STM32F4xx_HAL_Driver/Src/stm32f4xx_hal_i2c_ex.o
LOAD ./Drivers/STM32F4xx_HAL_Driver/Src/stm32f4xx_hal_pwr.o
LOAD ./Drivers/STM32F4xx_HAL_Driver/Src/stm32f4xx_hal_pwr_ex.o
LOAD ./Drivers/STM32F4xx_HAL_Driver/Src/stm32f4xx_hal_rcc.o
LOAD ./Drivers/STM32F4xx_HAL_Driver/Src/stm32f4xx_hal_rcc_ex.o
LOAD ./Drivers/STM32F4xx_HAL_Driver/Src/stm32f4xx_hal_spi.o
LOAD ./Drivers/STM32F4xx_HAL_Driver/Src/stm32f4xx_hal_tim.o
LOAD ./Drivers/STM32F4xx_HAL_Driver/Src/stm32f4xx_hal_tim_ex.o
LOAD ./Drivers/STM32F4xx_HAL_Driver/Src/stm32f4xx_hal_uart.o
LOAD ./Drivers/STM32F4xx_HAL_Driver/Src/stm32f4xx_ll_adc.o
START GROUP
LOAD c:/st/stm32cubeide_1.11.0/stm32cubeide/plugins/com.st.stm32cube.ide.mcu.externaltools.gnu-tools-for-stm32.10.3-2021.10.win32_1.0.100.202210260954/tools/bin/../lib/gcc/arm-none-eabi/10.3.1/../../../../arm-none-eabi/lib/thumb/v7e-m+fp/hard\libstdc++_nano.a
LOAD c:/st/stm32cubeide_1.11.0/stm32cubeide/plugins/com.st.stm32cube.ide.mcu.externaltools.gnu-tools-for-stm32.10.3-2021.10.win32_1.0.100.202210260954/tools/bin/../lib/gcc/arm-none-eabi/10.3.1/../../../../arm-none-eabi/lib/thumb/v7e-m+fp/hard\libsupc++_nano.a
END GROUP
LOAD c:/st/stm32cubeide_1.11.0/stm32cubeide/plugins/com.st.stm32cube.ide.mcu.externaltools.gnu-tools-for-stm32.10.3-2021.10.win32_1.0.100.202210260954/tools/bin/../lib/gcc/arm-none-eabi/10.3.1/../../../../arm-none-eabi/lib/thumb/v7e-m+fp/hard\libstdc++_nano.a
LOAD c:/st/stm32cubeide_1.11.0/stm32cubeide/plugins/com.st.stm32cube.ide.mcu.externaltools.gnu-tools-for-stm32.10.3-2021.10.win32_1.0.100.202210260954/tools/bin/../lib/gcc/arm-none-eabi/10.3.1/../../../../arm-none-eabi/lib/thumb/v7e-m+fp/hard\libm.a
LOAD c:/st/stm32cubeide_1.11.0/stm32cubeide/plugins/com.st.stm32cube.ide.mcu.externaltools.gnu-tools-for-stm32.10.3-2021.10.win32_1.0.100.202210260954/tools/bin/../lib/gcc/arm-none-eabi/10.3.1/../../../../arm-none-eabi/lib/thumb/v7e-m+fp/hard\libc_nano.a
START GROUP
LOAD c:/st/stm32cubeide_1.11.0/stm32cubeide/plugins/com.st.stm32cube.ide.mcu.externaltools.gnu-tools-for-stm32.10.3-2021.10.win32_1.0.100.202210260954/tools/bin/../lib/gcc/arm-none-eabi/10.3.1/thumb/v7e-m+fp/hard\libgcc.a
LOAD c:/st/stm32cubeide_1.11.0/stm32cubeide/plugins/com.st.stm32cube.ide.mcu.externaltools.gnu-tools-for-stm32.10.3-2021.10.win32_1.0.100.202210260954/tools/bin/../lib/gcc/arm-none-eabi/10.3.1/../../../../arm-none-eabi/lib/thumb/v7e-m+fp/hard\libc_nano.a
END GROUP
START GROUP
LOAD c:/st/stm32cubeide_1.11.0/stm32cubeide/plugins/com.st.stm32cube.ide.mcu.externaltools.gnu-tools-for-stm32.10.3-2021.10.win32_1.0.100.202210260954/tools/bin/../lib/gcc/arm-none-eabi/10.3.1/thumb/v7e-m+fp/hard\libgcc.a
LOAD c:/st/stm32cubeide_1.11.0/stm32cubeide/plugins/com.st.stm32cube.ide.mcu.externaltools.gnu-tools-for-stm32.10.3-2021.10.win32_1.0.100.202210260954/tools/bin/../lib/gcc/arm-none-eabi/10.3.1/../../../../arm-none-eabi/lib/thumb/v7e-m+fp/hard\libc_nano.a
LOAD c:/st/stm32cubeide_1.11.0/stm32cubeide/plugins/com.st.stm32cube.ide.mcu.externaltools.gnu-tools-for-stm32.10.3-2021.10.win32_1.0.100.202210260954/tools/bin/../lib/gcc/arm-none-eabi/10.3.1/../../../../arm-none-eabi/lib/thumb/v7e-m+fp/hard\libnosys.a
END GROUP
START GROUP
LOAD c:/st/stm32cubeide_1.11.0/stm32cubeide/plugins/com.st.stm32cube.ide.mcu.externaltools.gnu-tools-for-stm32.10.3-2021.10.win32_1.0.100.202210260954/tools/bin/../lib/gcc/arm-none-eabi/10.3.1/thumb/v7e-m+fp/hard\libgcc.a
LOAD c:/st/stm32cubeide_1.11.0/stm32cubeide/plugins/com.st.stm32cube.ide.mcu.externaltools.gnu-tools-for-stm32.10.3-2021.10.win32_1.0.100.202210260954/tools/bin/../lib/gcc/arm-none-eabi/10.3.1/../../../../arm-none-eabi/lib/thumb/v7e-m+fp/hard\libc_nano.a
LOAD c:/st/stm32cubeide_1.11.0/stm32cubeide/plugins/com.st.stm32cube.ide.mcu.externaltools.gnu-tools-for-stm32.10.3-2021.10.win32_1.0.100.202210260954/tools/bin/../lib/gcc/arm-none-eabi/10.3.1/../../../../arm-none-eabi/lib/thumb/v7e-m+fp/hard\libnosys.a
END GROUP
LOAD c:/st/stm32cubeide_1.11.0/stm32cubeide/plugins/com.st.stm32cube.ide.mcu.externaltools.gnu-tools-for-stm32.10.3-2021.10.win32_1.0.100.202210260954/tools/bin/../lib/gcc/arm-none-eabi/10.3.1/thumb/v7e-m+fp/hard/crtend.o
LOAD c:/st/stm32cubeide_1.11.0/stm32cubeide/plugins/com.st.stm32cube.ide.mcu.externaltools.gnu-tools-for-stm32.10.3-2021.10.win32_1.0.100.202210260954/tools/bin/../lib/gcc/arm-none-eabi/10.3.1/thumb/v7e-m+fp/hard/crtn.o
                0x0000000020040000                _estack = (ORIGIN (RAM) + LENGTH (RAM))
                0x0000000000000200                _Min_Heap_Size = 0x200
                0x0000000000000400                _Min_Stack_Size = 0x400

.isr_vector     0x0000000008000000      0x1c4
                0x0000000008000000                . = ALIGN (0x4)
 *(.isr_vector)
 .isr_vector    0x0000000008000000      0x1c4 ./Core/Startup/startup_stm32f412vetx.o
                0x0000000008000000                g_pfnVectors
                0x00000000080001c4                . = ALIGN (0x4)

.text           0x00000000080001c4     0x55b0
                0x00000000080001c4                . = ALIGN (0x4)
 *(.text)
 .text          0x00000000080001c4       0x40 c:/st/stm32cubeide_1.11.0/stm32cubeide/plugins/com.st.stm32cube.ide.mcu.externaltools.gnu-tools-for-stm32.10.3-2021.10.win32_1.0.100.202210260954/tools/bin/../lib/gcc/arm-none-eabi/10.3.1/thumb/v7e-m+fp/hard/crtbegin.o
 .text          0x0000000008000204       0x10 c:/st/stm32cubeide_1.11.0/stm32cubeide/plugins/com.st.stm32cube.ide.mcu.externaltools.gnu-tools-for-stm32.10.3-2021.10.win32_1.0.100.202210260954/tools/bin/../lib/gcc/arm-none-eabi/10.3.1/../../../../arm-none-eabi/lib/thumb/v7e-m+fp/hard\libc_nano.a(lib_a-strlen.o)
                0x0000000008000204                strlen
 .text          0x0000000008000214       0x30 c:/st/stm32cubeide_1.11.0/stm32cubeide/plugins/com.st.stm32cube.ide.mcu.externaltools.gnu-tools-for-stm32.10.3-2021.10.win32_1.0.100.202210260954/tools/bin/../lib/gcc/arm-none-eabi/10.3.1/thumb/v7e-m+fp/hard\libgcc.a(_aeabi_uldivmod.o)
                0x0000000008000214                __aeabi_uldivmod
 .text          0x0000000008000244      0x2d0 c:/st/stm32cubeide_1.11.0/stm32cubeide/plugins/com.st.stm32cube.ide.mcu.externaltools.gnu-tools-for-stm32.10.3-2021.10.win32_1.0.100.202210260954/tools/bin/../lib/gcc/arm-none-eabi/10.3.1/thumb/v7e-m+fp/hard\libgcc.a(_udivmoddi4.o)
                0x0000000008000244                __udivmoddi4
 .text          0x0000000008000514        0x4 c:/st/stm32cubeide_1.11.0/stm32cubeide/plugins/com.st.stm32cube.ide.mcu.externaltools.gnu-tools-for-stm32.10.3-2021.10.win32_1.0.100.202210260954/tools/bin/../lib/gcc/arm-none-eabi/10.3.1/thumb/v7e-m+fp/hard\libgcc.a(_dvmd_tls.o)
                0x0000000008000514                __aeabi_idiv0
                0x0000000008000514                __aeabi_ldiv0
 *(.text*)
 .text._ZN3PinC2Ev
                0x0000000008000518       0x16 ./Core/Src/MainWrapper.o
                0x0000000008000518                Pin::Pin()
                0x0000000008000518                Pin::Pin()
 .text._ZN3PinC2EP12GPIO_TypeDeft
                0x000000000800052e       0x36 ./Core/Src/MainWrapper.o
                0x000000000800052e                Pin::Pin(GPIO_TypeDef*, unsigned short)
                0x000000000800052e                Pin::Pin(GPIO_TypeDef*, unsigned short)
 .text._ZN9ShiftRegsC2Ev
                0x0000000008000564       0x30 ./Core/Src/MainWrapper.o
                0x0000000008000564                ShiftRegs::ShiftRegs()
                0x0000000008000564                ShiftRegs::ShiftRegs()
 .text._ZN9ShiftRegsaSERKS_
                0x0000000008000594       0x74 ./Core/Src/MainWrapper.o
                0x0000000008000594                ShiftRegs::operator=(ShiftRegs const&)
 .text.Init     0x0000000008000608       0xec ./Core/Src/MainWrapper.o
                0x0000000008000608                Init
 .text.Main     0x00000000080006f4       0x3c ./Core/Src/MainWrapper.o
                0x00000000080006f4                Main
 .text._Z41__static_initialization_and_destruction_0ii
                0x0000000008000730       0x54 ./Core/Src/MainWrapper.o
 .text._GLOBAL__sub_I_currentADCHandle
                0x0000000008000784       0x10 ./Core/Src/MainWrapper.o
 .text._GLOBAL__sub_D_currentADCHandle
                0x0000000008000794       0x10 ./Core/Src/MainWrapper.o
 .text._ZN7NextionC2Ev
                0x00000000080007a4       0x4c ./Core/Src/Nextion.o
                0x00000000080007a4                Nextion::Nextion()
                0x00000000080007a4                Nextion::Nextion()
 .text._ZN7NextionD2Ev
                0x00000000080007f0       0x54 ./Core/Src/Nextion.o
                0x00000000080007f0                Nextion::~Nextion()
                0x00000000080007f0                Nextion::~Nextion()
 .text._ZN7NextionD0Ev
                0x0000000008000844       0x20 ./Core/Src/Nextion.o
                0x0000000008000844                Nextion::~Nextion()
 .text._ZN7Nextion7StartupEP20__UART_HandleTypeDef
                0x0000000008000864       0x38 ./Core/Src/Nextion.o
                0x0000000008000864                Nextion::Startup(__UART_HandleTypeDef*)
 .text._ZN7Nextion12CommandCheckEv
                0x000000000800089c       0x2e ./Core/Src/Nextion.o
                0x000000000800089c                Nextion::CommandCheck()
 *fill*         0x00000000080008ca        0x2 
 .text._ZN7Nextion11SendCommandEPKc
                0x00000000080008cc       0x60 ./Core/Src/Nextion.o
                0x00000000080008cc                Nextion::SendCommand(char const*)
 .text._ZN9ShiftRegsC2EP19__SPI_HandleTypeDef3PinS2_13DataDirection
                0x000000000800092c       0x98 ./Core/Src/ShiftRegs.o
                0x000000000800092c                ShiftRegs::ShiftRegs(__SPI_HandleTypeDef*, Pin, Pin, DataDirection)
                0x000000000800092c                ShiftRegs::ShiftRegs(__SPI_HandleTypeDef*, Pin, Pin, DataDirection)
 .text._ZN9ShiftRegsD2Ev
                0x00000000080009c4       0x30 ./Core/Src/ShiftRegs.o
                0x00000000080009c4                ShiftRegs::~ShiftRegs()
                0x00000000080009c4                ShiftRegs::~ShiftRegs()
 .text._ZN9ShiftRegsD0Ev
                0x00000000080009f4       0x20 ./Core/Src/ShiftRegs.o
                0x00000000080009f4                ShiftRegs::~ShiftRegs()
 .text._ZN9ShiftRegs4InitEv
                0x0000000008000a14       0x24 ./Core/Src/ShiftRegs.o
                0x0000000008000a14                ShiftRegs::Init()
 .text._ZN9ShiftRegs8SetValueEhj
                0x0000000008000a38       0x62 ./Core/Src/ShiftRegs.o
                0x0000000008000a38                ShiftRegs::SetValue(unsigned char, unsigned int)
 .text._ZN9ShiftRegs11ToggleValueEj
                0x0000000008000a9a       0x30 ./Core/Src/ShiftRegs.o
                0x0000000008000a9a                ShiftRegs::ToggleValue(unsigned int)
 .text._ZN9ShiftRegs8GetValueEj
                0x0000000008000aca       0x2c ./Core/Src/ShiftRegs.o
                0x0000000008000aca                ShiftRegs::GetValue(unsigned int)
 .text._ZN9ShiftRegs6UpdateEv
                0x0000000008000af6       0x92 ./Core/Src/ShiftRegs.o
                0x0000000008000af6                ShiftRegs::Update()
 .text._ZN3Pin5WriteE13GPIO_PinState
                0x0000000008000b88       0x3a ./Core/Src/Utils.o
                0x0000000008000b88                Pin::Write(GPIO_PinState)
 .text._ZN3Pin5ClearEv
                0x0000000008000bc2       0x22 ./Core/Src/Utils.o
                0x0000000008000bc2                Pin::Clear()
 .text.main     0x0000000008000be4       0xbc ./Core/Src/main.o
                0x0000000008000be4                main
 .text.SystemClock_Config
                0x0000000008000ca0       0xd4 ./Core/Src/main.o
                0x0000000008000ca0                SystemClock_Config
 .text.MX_ADC1_Init
                0x0000000008000d74       0xa8 ./Core/Src/main.o
 .text.MX_I2C1_Init
                0x0000000008000e1c       0x5c ./Core/Src/main.o
 .text.MX_SPI2_Init
                0x0000000008000e78       0x6c ./Core/Src/main.o
 .text.MX_SPI5_Init
                0x0000000008000ee4       0x70 ./Core/Src/main.o
 .text.MX_TIM2_Init
                0x0000000008000f54      0x100 ./Core/Src/main.o
 .text.MX_TIM3_Init
                0x0000000008001054      0x138 ./Core/Src/main.o
 .text.MX_USART1_UART_Init
                0x000000000800118c       0x54 ./Core/Src/main.o
 .text.MX_USART2_UART_Init
                0x00000000080011e0       0x54 ./Core/Src/main.o
 .text.MX_DMA_Init
                0x0000000008001234       0x40 ./Core/Src/main.o
 .text.MX_GPIO_Init
                0x0000000008001274      0x200 ./Core/Src/main.o
 .text.Error_Handler
                0x0000000008001474        0xa ./Core/Src/main.o
                0x0000000008001474                Error_Handler
 *fill*         0x000000000800147e        0x2 
 .text.HAL_MspInit
                0x0000000008001480       0x50 ./Core/Src/stm32f4xx_hal_msp.o
                0x0000000008001480                HAL_MspInit
 .text.HAL_ADC_MspInit
                0x00000000080014d0      0x160 ./Core/Src/stm32f4xx_hal_msp.o
                0x00000000080014d0                HAL_ADC_MspInit
 .text.HAL_I2C_MspInit
                0x0000000008001630       0x90 ./Core/Src/stm32f4xx_hal_msp.o
                0x0000000008001630                HAL_I2C_MspInit
 .text.HAL_SPI_MspInit
                0x00000000080016c0      0x100 ./Core/Src/stm32f4xx_hal_msp.o
                0x00000000080016c0                HAL_SPI_MspInit
 .text.HAL_TIM_Base_MspInit
                0x00000000080017c0       0x6c ./Core/Src/stm32f4xx_hal_msp.o
                0x00000000080017c0                HAL_TIM_Base_MspInit
 .text.HAL_TIM_MspPostInit
                0x000000000800182c       0xc0 ./Core/Src/stm32f4xx_hal_msp.o
                0x000000000800182c                HAL_TIM_MspPostInit
 .text.HAL_UART_MspInit
                0x00000000080018ec       0xf8 ./Core/Src/stm32f4xx_hal_msp.o
                0x00000000080018ec                HAL_UART_MspInit
 .text.NMI_Handler
                0x00000000080019e4        0x6 ./Core/Src/stm32f4xx_it.o
                0x00000000080019e4                NMI_Handler
 .text.HardFault_Handler
                0x00000000080019ea        0x6 ./Core/Src/stm32f4xx_it.o
                0x00000000080019ea                HardFault_Handler
 .text.MemManage_Handler
                0x00000000080019f0        0x6 ./Core/Src/stm32f4xx_it.o
                0x00000000080019f0                MemManage_Handler
 .text.BusFault_Handler
                0x00000000080019f6        0x6 ./Core/Src/stm32f4xx_it.o
                0x00000000080019f6                BusFault_Handler
 .text.UsageFault_Handler
                0x00000000080019fc        0x6 ./Core/Src/stm32f4xx_it.o
                0x00000000080019fc                UsageFault_Handler
 .text.SVC_Handler
                0x0000000008001a02        0xe ./Core/Src/stm32f4xx_it.o
                0x0000000008001a02                SVC_Handler
 .text.DebugMon_Handler
                0x0000000008001a10        0xe ./Core/Src/stm32f4xx_it.o
                0x0000000008001a10                DebugMon_Handler
 .text.PendSV_Handler
                0x0000000008001a1e        0xe ./Core/Src/stm32f4xx_it.o
                0x0000000008001a1e                PendSV_Handler
 .text.SysTick_Handler
                0x0000000008001a2c        0xc ./Core/Src/stm32f4xx_it.o
                0x0000000008001a2c                SysTick_Handler
 .text.DMA2_Stream0_IRQHandler
                0x0000000008001a38       0x14 ./Core/Src/stm32f4xx_it.o
                0x0000000008001a38                DMA2_Stream0_IRQHandler
 .text._getpid  0x0000000008001a4c       0x10 ./Core/Src/syscalls.o
                0x0000000008001a4c                _getpid
 .text._kill    0x0000000008001a5c       0x20 ./Core/Src/syscalls.o
                0x0000000008001a5c                _kill
 .text._exit    0x0000000008001a7c       0x14 ./Core/Src/syscalls.o
                0x0000000008001a7c                _exit
 .text._sbrk    0x0000000008001a90       0x6c ./Core/Src/sysmem.o
                0x0000000008001a90                _sbrk
 .text.SystemInit
                0x0000000008001afc       0x24 ./Core/Src/system_stm32f4xx.o
                0x0000000008001afc                SystemInit
 .text.Reset_Handler
                0x0000000008001b20       0x50 ./Core/Startup/startup_stm32f412vetx.o
                0x0000000008001b20                Reset_Handler
 .text.Default_Handler
                0x0000000008001b70        0x2 ./Core/Startup/startup_stm32f412vetx.o
                0x0000000008001b70                RTC_Alarm_IRQHandler
                0x0000000008001b70                EXTI2_IRQHandler
                0x0000000008001b70                TIM8_CC_IRQHandler
                0x0000000008001b70                FMPI2C1_EV_IRQHandler
                0x0000000008001b70                SPI4_IRQHandler
                0x0000000008001b70                TIM1_CC_IRQHandler
                0x0000000008001b70                DMA2_Stream5_IRQHandler
                0x0000000008001b70                DMA1_Stream5_IRQHandler
                0x0000000008001b70                TIM6_IRQHandler
                0x0000000008001b70                PVD_IRQHandler
                0x0000000008001b70                SDIO_IRQHandler
                0x0000000008001b70                TAMP_STAMP_IRQHandler
                0x0000000008001b70                CAN2_RX1_IRQHandler
                0x0000000008001b70                EXTI3_IRQHandler
                0x0000000008001b70                TIM8_TRG_COM_TIM14_IRQHandler
                0x0000000008001b70                DFSDM1_FLT1_IRQHandler
                0x0000000008001b70                TIM1_UP_TIM10_IRQHandler
                0x0000000008001b70                TIM8_UP_TIM13_IRQHandler
                0x0000000008001b70                I2C3_ER_IRQHandler
                0x0000000008001b70                EXTI0_IRQHandler
                0x0000000008001b70                I2C2_EV_IRQHandler
                0x0000000008001b70                DMA1_Stream2_IRQHandler
                0x0000000008001b70                CAN1_RX0_IRQHandler
                0x0000000008001b70                FPU_IRQHandler
                0x0000000008001b70                CAN2_SCE_IRQHandler
                0x0000000008001b70                DMA2_Stream2_IRQHandler
                0x0000000008001b70                SPI1_IRQHandler
                0x0000000008001b70                TIM1_BRK_TIM9_IRQHandler
                0x0000000008001b70                CAN2_RX0_IRQHandler
                0x0000000008001b70                DMA2_Stream3_IRQHandler
                0x0000000008001b70                USART6_IRQHandler
                0x0000000008001b70                USART3_IRQHandler
                0x0000000008001b70                CAN1_RX1_IRQHandler
                0x0000000008001b70                TIM4_IRQHandler
                0x0000000008001b70                QUADSPI_IRQHandler
                0x0000000008001b70                I2C1_EV_IRQHandler
                0x0000000008001b70                DMA1_Stream6_IRQHandler
                0x0000000008001b70                DMA1_Stream1_IRQHandler
                0x0000000008001b70                TIM3_IRQHandler
                0x0000000008001b70                RCC_IRQHandler
                0x0000000008001b70                TIM8_BRK_TIM12_IRQHandler
                0x0000000008001b70                Default_Handler
                0x0000000008001b70                EXTI15_10_IRQHandler
                0x0000000008001b70                ADC_IRQHandler
                0x0000000008001b70                DMA1_Stream7_IRQHandler
                0x0000000008001b70                SPI5_IRQHandler
                0x0000000008001b70                TIM7_IRQHandler
                0x0000000008001b70                CAN2_TX_IRQHandler
                0x0000000008001b70                TIM5_IRQHandler
                0x0000000008001b70                DMA2_Stream7_IRQHandler
                0x0000000008001b70                I2C3_EV_IRQHandler
                0x0000000008001b70                EXTI9_5_IRQHandler
                0x0000000008001b70                RTC_WKUP_IRQHandler
                0x0000000008001b70                SPI2_IRQHandler
                0x0000000008001b70                DMA1_Stream0_IRQHandler
                0x0000000008001b70                CAN1_TX_IRQHandler
                0x0000000008001b70                FMPI2C1_ER_IRQHandler
                0x0000000008001b70                EXTI4_IRQHandler
                0x0000000008001b70                RNG_IRQHandler
                0x0000000008001b70                WWDG_IRQHandler
                0x0000000008001b70                TIM2_IRQHandler
                0x0000000008001b70                OTG_FS_WKUP_IRQHandler
                0x0000000008001b70                TIM1_TRG_COM_TIM11_IRQHandler
                0x0000000008001b70                EXTI1_IRQHandler
                0x0000000008001b70                USART2_IRQHandler
                0x0000000008001b70                DFSDM1_FLT0_IRQHandler
                0x0000000008001b70                I2C2_ER_IRQHandler
                0x0000000008001b70                DMA2_Stream1_IRQHandler
                0x0000000008001b70                CAN1_SCE_IRQHandler
                0x0000000008001b70                FLASH_IRQHandler
                0x0000000008001b70                DMA2_Stream4_IRQHandler
                0x0000000008001b70                USART1_IRQHandler
                0x0000000008001b70                OTG_FS_IRQHandler
                0x0000000008001b70                SPI3_IRQHandler
                0x0000000008001b70                DMA1_Stream4_IRQHandler
                0x0000000008001b70                I2C1_ER_IRQHandler
                0x0000000008001b70                DMA2_Stream6_IRQHandler
                0x0000000008001b70                DMA1_Stream3_IRQHandler
 *fill*         0x0000000008001b72        0x2 
 .text.HAL_Init
                0x0000000008001b74       0x44 ./Drivers/STM32F4xx_HAL_Driver/Src/stm32f4xx_hal.o
                0x0000000008001b74                HAL_Init
 .text.HAL_InitTick
                0x0000000008001bb8       0x60 ./Drivers/STM32F4xx_HAL_Driver/Src/stm32f4xx_hal.o
                0x0000000008001bb8                HAL_InitTick
 .text.HAL_IncTick
                0x0000000008001c18       0x28 ./Drivers/STM32F4xx_HAL_Driver/Src/stm32f4xx_hal.o
                0x0000000008001c18                HAL_IncTick
 .text.HAL_GetTick
                0x0000000008001c40       0x18 ./Drivers/STM32F4xx_HAL_Driver/Src/stm32f4xx_hal.o
                0x0000000008001c40                HAL_GetTick
 .text.HAL_Delay
                0x0000000008001c58       0x48 ./Drivers/STM32F4xx_HAL_Driver/Src/stm32f4xx_hal.o
                0x0000000008001c58                HAL_Delay
 .text.HAL_ADC_Init
                0x0000000008001ca0       0xcc ./Drivers/STM32F4xx_HAL_Driver/Src/stm32f4xx_hal_adc.o
                0x0000000008001ca0                HAL_ADC_Init
 .text.HAL_ADC_ConvCpltCallback
                0x0000000008001d6c       0x14 ./Drivers/STM32F4xx_HAL_Driver/Src/stm32f4xx_hal_adc.o
                0x0000000008001d6c                HAL_ADC_ConvCpltCallback
 .text.HAL_ADC_ConvHalfCpltCallback
                0x0000000008001d80       0x14 ./Drivers/STM32F4xx_HAL_Driver/Src/stm32f4xx_hal_adc.o
                0x0000000008001d80                HAL_ADC_ConvHalfCpltCallback
 .text.HAL_ADC_LevelOutOfWindowCallback
                0x0000000008001d94       0x14 ./Drivers/STM32F4xx_HAL_Driver/Src/stm32f4xx_hal_adc.o
                0x0000000008001d94                HAL_ADC_LevelOutOfWindowCallback
 .text.HAL_ADC_ErrorCallback
                0x0000000008001da8       0x14 ./Drivers/STM32F4xx_HAL_Driver/Src/stm32f4xx_hal_adc.o
                0x0000000008001da8                HAL_ADC_ErrorCallback
 .text.HAL_ADC_ConfigChannel
                0x0000000008001dbc      0x244 ./Drivers/STM32F4xx_HAL_Driver/Src/stm32f4xx_hal_adc.o
                0x0000000008001dbc                HAL_ADC_ConfigChannel
 .text.ADC_Init
                0x0000000008002000      0x1f8 ./Drivers/STM32F4xx_HAL_Driver/Src/stm32f4xx_hal_adc.o
 .text.HAL_ADCEx_InjectedConvCpltCallback
                0x00000000080021f8       0x14 ./Drivers/STM32F4xx_HAL_Driver/Src/stm32f4xx_hal_adc_ex.o
                0x00000000080021f8                HAL_ADCEx_InjectedConvCpltCallback
 .text.__NVIC_SetPriorityGrouping
                0x000000000800220c       0x48 ./Drivers/STM32F4xx_HAL_Driver/Src/stm32f4xx_hal_cortex.o
 .text.__NVIC_GetPriorityGrouping
                0x0000000008002254       0x1c ./Drivers/STM32F4xx_HAL_Driver/Src/stm32f4xx_hal_cortex.o
 .text.__NVIC_EnableIRQ
                0x0000000008002270       0x3c ./Drivers/STM32F4xx_HAL_Driver/Src/stm32f4xx_hal_cortex.o
 .text.__NVIC_SetPriority
                0x00000000080022ac       0x54 ./Drivers/STM32F4xx_HAL_Driver/Src/stm32f4xx_hal_cortex.o
 .text.NVIC_EncodePriority
                0x0000000008002300       0x66 ./Drivers/STM32F4xx_HAL_Driver/Src/stm32f4xx_hal_cortex.o
 *fill*         0x0000000008002366        0x2 
 .text.SysTick_Config
                0x0000000008002368       0x44 ./Drivers/STM32F4xx_HAL_Driver/Src/stm32f4xx_hal_cortex.o
 .text.HAL_NVIC_SetPriorityGrouping
                0x00000000080023ac       0x16 ./Drivers/STM32F4xx_HAL_Driver/Src/stm32f4xx_hal_cortex.o
                0x00000000080023ac                HAL_NVIC_SetPriorityGrouping
 .text.HAL_NVIC_SetPriority
                0x00000000080023c2       0x38 ./Drivers/STM32F4xx_HAL_Driver/Src/stm32f4xx_hal_cortex.o
                0x00000000080023c2                HAL_NVIC_SetPriority
 .text.HAL_NVIC_EnableIRQ
                0x00000000080023fa       0x1c ./Drivers/STM32F4xx_HAL_Driver/Src/stm32f4xx_hal_cortex.o
                0x00000000080023fa                HAL_NVIC_EnableIRQ
 .text.HAL_SYSTICK_Config
                0x0000000008002416       0x18 ./Drivers/STM32F4xx_HAL_Driver/Src/stm32f4xx_hal_cortex.o
                0x0000000008002416                HAL_SYSTICK_Config
 *fill*         0x000000000800242e        0x2 
 .text.HAL_DMA_Init
                0x0000000008002430      0x15c ./Drivers/STM32F4xx_HAL_Driver/Src/stm32f4xx_hal_dma.o
                0x0000000008002430                HAL_DMA_Init
 .text.HAL_DMA_IRQHandler
                0x000000000800258c      0x314 ./Drivers/STM32F4xx_HAL_Driver/Src/stm32f4xx_hal_dma.o
                0x000000000800258c                HAL_DMA_IRQHandler
 .text.DMA_CalcBaseAndBitshift
                0x00000000080028a0       0x6c ./Drivers/STM32F4xx_HAL_Driver/Src/stm32f4xx_hal_dma.o
 .text.DMA_CheckFifoParam
                0x000000000800290c       0xf8 ./Drivers/STM32F4xx_HAL_Driver/Src/stm32f4xx_hal_dma.o
 .text.HAL_GPIO_Init
                0x0000000008002a04      0x308 ./Drivers/STM32F4xx_HAL_Driver/Src/stm32f4xx_hal_gpio.o
                0x0000000008002a04                HAL_GPIO_Init
 .text.HAL_GPIO_WritePin
                0x0000000008002d0c       0x32 ./Drivers/STM32F4xx_HAL_Driver/Src/stm32f4xx_hal_gpio.o
                0x0000000008002d0c                HAL_GPIO_WritePin
 *fill*         0x0000000008002d3e        0x2 
 .text.HAL_I2C_Init
                0x0000000008002d40      0x288 ./Drivers/STM32F4xx_HAL_Driver/Src/stm32f4xx_hal_i2c.o
                0x0000000008002d40                HAL_I2C_Init
 .text.HAL_RCC_ClockConfig
                0x0000000008002fc8      0x1cc ./Drivers/STM32F4xx_HAL_Driver/Src/stm32f4xx_hal_rcc.o
                0x0000000008002fc8                HAL_RCC_ClockConfig
 .text.HAL_RCC_GetSysClockFreq
                0x0000000008003194      0x208 ./Drivers/STM32F4xx_HAL_Driver/Src/stm32f4xx_hal_rcc.o
                0x0000000008003194                HAL_RCC_GetSysClockFreq
 .text.HAL_RCC_GetHCLKFreq
                0x000000000800339c       0x18 ./Drivers/STM32F4xx_HAL_Driver/Src/stm32f4xx_hal_rcc.o
                0x000000000800339c                HAL_RCC_GetHCLKFreq
 .text.HAL_RCC_GetPCLK1Freq
                0x00000000080033b4       0x28 ./Drivers/STM32F4xx_HAL_Driver/Src/stm32f4xx_hal_rcc.o
                0x00000000080033b4                HAL_RCC_GetPCLK1Freq
 .text.HAL_RCC_GetPCLK2Freq
                0x00000000080033dc       0x28 ./Drivers/STM32F4xx_HAL_Driver/Src/stm32f4xx_hal_rcc.o
                0x00000000080033dc                HAL_RCC_GetPCLK2Freq
 .text.HAL_RCC_OscConfig
                0x0000000008003404      0x508 ./Drivers/STM32F4xx_HAL_Driver/Src/stm32f4xx_hal_rcc_ex.o
                0x0000000008003404                HAL_RCC_OscConfig
 .text.HAL_SPI_Init
                0x000000000800390c      0x112 ./Drivers/STM32F4xx_HAL_Driver/Src/stm32f4xx_hal_spi.o
                0x000000000800390c                HAL_SPI_Init
 .text.HAL_SPI_Transmit
                0x0000000008003a1e      0x278 ./Drivers/STM32F4xx_HAL_Driver/Src/stm32f4xx_hal_spi.o
                0x0000000008003a1e                HAL_SPI_Transmit
 *fill*         0x0000000008003c96        0x2 
 .text.SPI_WaitFlagStateUntilTimeout
                0x0000000008003c98      0x110 ./Drivers/STM32F4xx_HAL_Driver/Src/stm32f4xx_hal_spi.o
 .text.SPI_EndRxTxTransaction
                0x0000000008003da8       0x84 ./Drivers/STM32F4xx_HAL_Driver/Src/stm32f4xx_hal_spi.o
 .text.HAL_TIM_Base_Init
                0x0000000008003e2c       0x9e ./Drivers/STM32F4xx_HAL_Driver/Src/stm32f4xx_hal_tim.o
                0x0000000008003e2c                HAL_TIM_Base_Init
 .text.HAL_TIM_PWM_Init
                0x0000000008003eca       0x9e ./Drivers/STM32F4xx_HAL_Driver/Src/stm32f4xx_hal_tim.o
                0x0000000008003eca                HAL_TIM_PWM_Init
 .text.HAL_TIM_PWM_MspInit
                0x0000000008003f68       0x14 ./Drivers/STM32F4xx_HAL_Driver/Src/stm32f4xx_hal_tim.o
                0x0000000008003f68                HAL_TIM_PWM_MspInit
 .text.HAL_TIM_PWM_Start
                0x0000000008003f7c      0x190 ./Drivers/STM32F4xx_HAL_Driver/Src/stm32f4xx_hal_tim.o
                0x0000000008003f7c                HAL_TIM_PWM_Start
 .text.HAL_TIM_PWM_ConfigChannel
                0x000000000800410c      0x184 ./Drivers/STM32F4xx_HAL_Driver/Src/stm32f4xx_hal_tim.o
                0x000000000800410c                HAL_TIM_PWM_ConfigChannel
 .text.HAL_TIM_ConfigClockSource
                0x0000000008004290      0x18e ./Drivers/STM32F4xx_HAL_Driver/Src/stm32f4xx_hal_tim.o
                0x0000000008004290                HAL_TIM_ConfigClockSource
 *fill*         0x000000000800441e        0x2 
 .text.TIM_Base_SetConfig
                0x0000000008004420      0x140 ./Drivers/STM32F4xx_HAL_Driver/Src/stm32f4xx_hal_tim.o
                0x0000000008004420                TIM_Base_SetConfig
 .text.TIM_OC1_SetConfig
                0x0000000008004560       0xe0 ./Drivers/STM32F4xx_HAL_Driver/Src/stm32f4xx_hal_tim.o
 .text.TIM_OC2_SetConfig
                0x0000000008004640       0xec ./Drivers/STM32F4xx_HAL_Driver/Src/stm32f4xx_hal_tim.o
                0x0000000008004640                TIM_OC2_SetConfig
 .text.TIM_OC3_SetConfig
                0x000000000800472c       0xe8 ./Drivers/STM32F4xx_HAL_Driver/Src/stm32f4xx_hal_tim.o
 .text.TIM_OC4_SetConfig
                0x0000000008004814       0xac ./Drivers/STM32F4xx_HAL_Driver/Src/stm32f4xx_hal_tim.o
 .text.TIM_TI1_ConfigInputStage
                0x00000000080048c0       0x5e ./Drivers/STM32F4xx_HAL_Driver/Src/stm32f4xx_hal_tim.o
 .text.TIM_TI2_ConfigInputStage
                0x000000000800491e       0x60 ./Drivers/STM32F4xx_HAL_Driver/Src/stm32f4xx_hal_tim.o
 .text.TIM_ITRx_SetConfig
                0x000000000800497e       0x36 ./Drivers/STM32F4xx_HAL_Driver/Src/stm32f4xx_hal_tim.o
 .text.TIM_ETR_SetConfig
                0x00000000080049b4       0x40 ./Drivers/STM32F4xx_HAL_Driver/Src/stm32f4xx_hal_tim.o
                0x00000000080049b4                TIM_ETR_SetConfig
 .text.TIM_CCxChannelCmd
                0x00000000080049f4       0x4a ./Drivers/STM32F4xx_HAL_Driver/Src/stm32f4xx_hal_tim.o
                0x00000000080049f4                TIM_CCxChannelCmd
 *fill*         0x0000000008004a3e        0x2 
 .text.HAL_TIMEx_MasterConfigSynchronization
                0x0000000008004a40       0xf8 ./Drivers/STM32F4xx_HAL_Driver/Src/stm32f4xx_hal_tim_ex.o
                0x0000000008004a40                HAL_TIMEx_MasterConfigSynchronization
 .text.HAL_UART_Init
                0x0000000008004b38       0x9a ./Drivers/STM32F4xx_HAL_Driver/Src/stm32f4xx_hal_uart.o
                0x0000000008004b38                HAL_UART_Init
 .text.HAL_UART_Transmit
                0x0000000008004bd2      0x124 ./Drivers/STM32F4xx_HAL_Driver/Src/stm32f4xx_hal_uart.o
                0x0000000008004bd2                HAL_UART_Transmit
 .text.HAL_UART_Receive
                0x0000000008004cf6      0x144 ./Drivers/STM32F4xx_HAL_Driver/Src/stm32f4xx_hal_uart.o
                0x0000000008004cf6                HAL_UART_Receive
 .text.UART_WaitOnFlagUntilTimeout
                0x0000000008004e3a       0xdc ./Drivers/STM32F4xx_HAL_Driver/Src/stm32f4xx_hal_uart.o
 *fill*         0x0000000008004f16        0x2 
 .text.UART_SetConfig
                0x0000000008004f18      0x4e8 ./Drivers/STM32F4xx_HAL_Driver/Src/stm32f4xx_hal_uart.o
 .text._ZdlPvj  0x0000000008005400        0x4 c:/st/stm32cubeide_1.11.0/stm32cubeide/plugins/com.st.stm32cube.ide.mcu.externaltools.gnu-tools-for-stm32.10.3-2021.10.win32_1.0.100.202210260954/tools/bin/../lib/gcc/arm-none-eabi/10.3.1/../../../../arm-none-eabi/lib/thumb/v7e-m+fp/hard\libstdc++_nano.a(del_ops.o)
                0x0000000008005400                operator delete(void*, unsigned int)
 .text._ZdaPv   0x0000000008005404        0x4 c:/st/stm32cubeide_1.11.0/stm32cubeide/plugins/com.st.stm32cube.ide.mcu.externaltools.gnu-tools-for-stm32.10.3-2021.10.win32_1.0.100.202210260954/tools/bin/../lib/gcc/arm-none-eabi/10.3.1/../../../../arm-none-eabi/lib/thumb/v7e-m+fp/hard\libstdc++_nano.a(del_opv.o)
                0x0000000008005404                operator delete[](void*)
 .text._Znwj    0x0000000008005408       0x22 c:/st/stm32cubeide_1.11.0/stm32cubeide/plugins/com.st.stm32cube.ide.mcu.externaltools.gnu-tools-for-stm32.10.3-2021.10.win32_1.0.100.202210260954/tools/bin/../lib/gcc/arm-none-eabi/10.3.1/../../../../arm-none-eabi/lib/thumb/v7e-m+fp/hard\libstdc++_nano.a(new_op.o)
                0x0000000008005408                operator new(unsigned int)
 .text._Znaj    0x000000000800542a        0x4 c:/st/stm32cubeide_1.11.0/stm32cubeide/plugins/com.st.stm32cube.ide.mcu.externaltools.gnu-tools-for-stm32.10.3-2021.10.win32_1.0.100.202210260954/tools/bin/../lib/gcc/arm-none-eabi/10.3.1/../../../../arm-none-eabi/lib/thumb/v7e-m+fp/hard\libstdc++_nano.a(new_opv.o)
                0x000000000800542a                operator new[](unsigned int)
 .text._ZdlPv   0x000000000800542e        0x4 c:/st/stm32cubeide_1.11.0/stm32cubeide/plugins/com.st.stm32cube.ide.mcu.externaltools.gnu-tools-for-stm32.10.3-2021.10.win32_1.0.100.202210260954/tools/bin/../lib/gcc/arm-none-eabi/10.3.1/../../../../arm-none-eabi/lib/thumb/v7e-m+fp/hard\libstdc++_nano.a(del_op.o)
                0x000000000800542e                operator delete(void*)
 *fill*         0x0000000008005432        0x2 
 .text._ZSt15get_new_handlerv
                0x0000000008005434       0x10 c:/st/stm32cubeide_1.11.0/stm32cubeide/plugins/com.st.stm32cube.ide.mcu.externaltools.gnu-tools-for-stm32.10.3-2021.10.win32_1.0.100.202210260954/tools/bin/../lib/gcc/arm-none-eabi/10.3.1/../../../../arm-none-eabi/lib/thumb/v7e-m+fp/hard\libstdc++_nano.a(new_handler.o)
                0x0000000008005434                std::get_new_handler()
 .text.abort    0x0000000008005444        0xe c:/st/stm32cubeide_1.11.0/stm32cubeide/plugins/com.st.stm32cube.ide.mcu.externaltools.gnu-tools-for-stm32.10.3-2021.10.win32_1.0.100.202210260954/tools/bin/../lib/gcc/arm-none-eabi/10.3.1/../../../../arm-none-eabi/lib/thumb/v7e-m+fp/hard\libc_nano.a(lib_a-abort.o)
                0x0000000008005444                abort
 *fill*         0x0000000008005452        0x2 
 .text.__errno  0x0000000008005454        0xc c:/st/stm32cubeide_1.11.0/stm32cubeide/plugins/com.st.stm32cube.ide.mcu.externaltools.gnu-tools-for-stm32.10.3-2021.10.win32_1.0.100.202210260954/tools/bin/../lib/gcc/arm-none-eabi/10.3.1/../../../../arm-none-eabi/lib/thumb/v7e-m+fp/hard\libc_nano.a(lib_a-errno.o)
                0x0000000008005454                __errno
 .text.__libc_init_array
                0x0000000008005460       0x48 c:/st/stm32cubeide_1.11.0/stm32cubeide/plugins/com.st.stm32cube.ide.mcu.externaltools.gnu-tools-for-stm32.10.3-2021.10.win32_1.0.100.202210260954/tools/bin/../lib/gcc/arm-none-eabi/10.3.1/../../../../arm-none-eabi/lib/thumb/v7e-m+fp/hard\libc_nano.a(lib_a-init.o)
                0x0000000008005460                __libc_init_array
 .text.malloc   0x00000000080054a8       0x10 c:/st/stm32cubeide_1.11.0/stm32cubeide/plugins/com.st.stm32cube.ide.mcu.externaltools.gnu-tools-for-stm32.10.3-2021.10.win32_1.0.100.202210260954/tools/bin/../lib/gcc/arm-none-eabi/10.3.1/../../../../arm-none-eabi/lib/thumb/v7e-m+fp/hard\libc_nano.a(lib_a-malloc.o)
                0x00000000080054a8                malloc
 .text.free     0x00000000080054b8       0x10 c:/st/stm32cubeide_1.11.0/stm32cubeide/plugins/com.st.stm32cube.ide.mcu.externaltools.gnu-tools-for-stm32.10.3-2021.10.win32_1.0.100.202210260954/tools/bin/../lib/gcc/arm-none-eabi/10.3.1/../../../../arm-none-eabi/lib/thumb/v7e-m+fp/hard\libc_nano.a(lib_a-malloc.o)
                0x00000000080054b8                free
 .text.memset   0x00000000080054c8       0x10 c:/st/stm32cubeide_1.11.0/stm32cubeide/plugins/com.st.stm32cube.ide.mcu.externaltools.gnu-tools-for-stm32.10.3-2021.10.win32_1.0.100.202210260954/tools/bin/../lib/gcc/arm-none-eabi/10.3.1/../../../../arm-none-eabi/lib/thumb/v7e-m+fp/hard\libc_nano.a(lib_a-memset.o)
                0x00000000080054c8                memset
 .text._free_r  0x00000000080054d8       0x98 c:/st/stm32cubeide_1.11.0/stm32cubeide/plugins/com.st.stm32cube.ide.mcu.externaltools.gnu-tools-for-stm32.10.3-2021.10.win32_1.0.100.202210260954/tools/bin/../lib/gcc/arm-none-eabi/10.3.1/../../../../arm-none-eabi/lib/thumb/v7e-m+fp/hard\libc_nano.a(lib_a-nano-freer.o)
                0x00000000080054d8                _free_r
 .text.sbrk_aligned
                0x0000000008005570       0x40 c:/st/stm32cubeide_1.11.0/stm32cubeide/plugins/com.st.stm32cube.ide.mcu.externaltools.gnu-tools-for-stm32.10.3-2021.10.win32_1.0.100.202210260954/tools/bin/../lib/gcc/arm-none-eabi/10.3.1/../../../../arm-none-eabi/lib/thumb/v7e-m+fp/hard\libc_nano.a(lib_a-nano-mallocr.o)
 .text._malloc_r
                0x00000000080055b0       0xe8 c:/st/stm32cubeide_1.11.0/stm32cubeide/plugins/com.st.stm32cube.ide.mcu.externaltools.gnu-tools-for-stm32.10.3-2021.10.win32_1.0.100.202210260954/tools/bin/../lib/gcc/arm-none-eabi/10.3.1/../../../../arm-none-eabi/lib/thumb/v7e-m+fp/hard\libc_nano.a(lib_a-nano-mallocr.o)
                0x00000000080055b0                _malloc_r
 .text._sbrk_r  0x0000000008005698       0x20 c:/st/stm32cubeide_1.11.0/stm32cubeide/plugins/com.st.stm32cube.ide.mcu.externaltools.gnu-tools-for-stm32.10.3-2021.10.win32_1.0.100.202210260954/tools/bin/../lib/gcc/arm-none-eabi/10.3.1/../../../../arm-none-eabi/lib/thumb/v7e-m+fp/hard\libc_nano.a(lib_a-sbrkr.o)
                0x0000000008005698                _sbrk_r
 .text._raise_r
                0x00000000080056b8       0x50 c:/st/stm32cubeide_1.11.0/stm32cubeide/plugins/com.st.stm32cube.ide.mcu.externaltools.gnu-tools-for-stm32.10.3-2021.10.win32_1.0.100.202210260954/tools/bin/../lib/gcc/arm-none-eabi/10.3.1/../../../../arm-none-eabi/lib/thumb/v7e-m+fp/hard\libc_nano.a(lib_a-signal.o)
                0x00000000080056b8                _raise_r
 .text.raise    0x0000000008005708       0x10 c:/st/stm32cubeide_1.11.0/stm32cubeide/plugins/com.st.stm32cube.ide.mcu.externaltools.gnu-tools-for-stm32.10.3-2021.10.win32_1.0.100.202210260954/tools/bin/../lib/gcc/arm-none-eabi/10.3.1/../../../../arm-none-eabi/lib/thumb/v7e-m+fp/hard\libc_nano.a(lib_a-signal.o)
                0x0000000008005708                raise
 .text._kill_r  0x0000000008005718       0x24 c:/st/stm32cubeide_1.11.0/stm32cubeide/plugins/com.st.stm32cube.ide.mcu.externaltools.gnu-tools-for-stm32.10.3-2021.10.win32_1.0.100.202210260954/tools/bin/../lib/gcc/arm-none-eabi/10.3.1/../../../../arm-none-eabi/lib/thumb/v7e-m+fp/hard\libc_nano.a(lib_a-signalr.o)
                0x0000000008005718                _kill_r
 .text._getpid_r
                0x000000000800573c        0x4 c:/st/stm32cubeide_1.11.0/stm32cubeide/plugins/com.st.stm32cube.ide.mcu.externaltools.gnu-tools-for-stm32.10.3-2021.10.win32_1.0.100.202210260954/tools/bin/../lib/gcc/arm-none-eabi/10.3.1/../../../../arm-none-eabi/lib/thumb/v7e-m+fp/hard\libc_nano.a(lib_a-signalr.o)
                0x000000000800573c                _getpid_r
 .text.__malloc_lock
                0x0000000008005740        0xc c:/st/stm32cubeide_1.11.0/stm32cubeide/plugins/com.st.stm32cube.ide.mcu.externaltools.gnu-tools-for-stm32.10.3-2021.10.win32_1.0.100.202210260954/tools/bin/../lib/gcc/arm-none-eabi/10.3.1/../../../../arm-none-eabi/lib/thumb/v7e-m+fp/hard\libc_nano.a(lib_a-mlock.o)
                0x0000000008005740                __malloc_lock
 .text.__malloc_unlock
                0x000000000800574c        0xc c:/st/stm32cubeide_1.11.0/stm32cubeide/plugins/com.st.stm32cube.ide.mcu.externaltools.gnu-tools-for-stm32.10.3-2021.10.win32_1.0.100.202210260954/tools/bin/../lib/gcc/arm-none-eabi/10.3.1/../../../../arm-none-eabi/lib/thumb/v7e-m+fp/hard\libc_nano.a(lib_a-mlock.o)
                0x000000000800574c                __malloc_unlock
 .text.__retarget_lock_acquire_recursive
                0x0000000008005758        0x2 c:/st/stm32cubeide_1.11.0/stm32cubeide/plugins/com.st.stm32cube.ide.mcu.externaltools.gnu-tools-for-stm32.10.3-2021.10.win32_1.0.100.202210260954/tools/bin/../lib/gcc/arm-none-eabi/10.3.1/../../../../arm-none-eabi/lib/thumb/v7e-m+fp/hard\libc_nano.a(lib_a-lock.o)
                0x0000000008005758                __retarget_lock_acquire_recursive
 .text.__retarget_lock_release_recursive
                0x000000000800575a        0x2 c:/st/stm32cubeide_1.11.0/stm32cubeide/plugins/com.st.stm32cube.ide.mcu.externaltools.gnu-tools-for-stm32.10.3-2021.10.win32_1.0.100.202210260954/tools/bin/../lib/gcc/arm-none-eabi/10.3.1/../../../../arm-none-eabi/lib/thumb/v7e-m+fp/hard\libc_nano.a(lib_a-lock.o)
                0x000000000800575a                __retarget_lock_release_recursive
 *(.glue_7)
 .glue_7        0x000000000800575c        0x0 linker stubs
 *(.glue_7t)
 .glue_7t       0x000000000800575c        0x0 linker stubs
 *(.eh_frame)
 .eh_frame      0x000000000800575c        0x0 c:/st/stm32cubeide_1.11.0/stm32cubeide/plugins/com.st.stm32cube.ide.mcu.externaltools.gnu-tools-for-stm32.10.3-2021.10.win32_1.0.100.202210260954/tools/bin/../lib/gcc/arm-none-eabi/10.3.1/thumb/v7e-m+fp/hard/crtbegin.o
 *(.init)
 .init          0x000000000800575c        0x4 c:/st/stm32cubeide_1.11.0/stm32cubeide/plugins/com.st.stm32cube.ide.mcu.externaltools.gnu-tools-for-stm32.10.3-2021.10.win32_1.0.100.202210260954/tools/bin/../lib/gcc/arm-none-eabi/10.3.1/thumb/v7e-m+fp/hard/crti.o
                0x000000000800575c                _init
 .init          0x0000000008005760        0x8 c:/st/stm32cubeide_1.11.0/stm32cubeide/plugins/com.st.stm32cube.ide.mcu.externaltools.gnu-tools-for-stm32.10.3-2021.10.win32_1.0.100.202210260954/tools/bin/../lib/gcc/arm-none-eabi/10.3.1/thumb/v7e-m+fp/hard/crtn.o
 *(.fini)
 .fini          0x0000000008005768        0x4 c:/st/stm32cubeide_1.11.0/stm32cubeide/plugins/com.st.stm32cube.ide.mcu.externaltools.gnu-tools-for-stm32.10.3-2021.10.win32_1.0.100.202210260954/tools/bin/../lib/gcc/arm-none-eabi/10.3.1/thumb/v7e-m+fp/hard/crti.o
                0x0000000008005768                _fini
 .fini          0x000000000800576c        0x8 c:/st/stm32cubeide_1.11.0/stm32cubeide/plugins/com.st.stm32cube.ide.mcu.externaltools.gnu-tools-for-stm32.10.3-2021.10.win32_1.0.100.202210260954/tools/bin/../lib/gcc/arm-none-eabi/10.3.1/thumb/v7e-m+fp/hard/crtn.o
                0x0000000008005774                . = ALIGN (0x4)
                0x0000000008005774                _etext = .

.vfp11_veneer   0x0000000008005774        0x0
 .vfp11_veneer  0x0000000008005774        0x0 linker stubs

.v4_bx          0x0000000008005774        0x0
 .v4_bx         0x0000000008005774        0x0 linker stubs

.iplt           0x0000000008005774        0x0
 .iplt          0x0000000008005774        0x0 c:/st/stm32cubeide_1.11.0/stm32cubeide/plugins/com.st.stm32cube.ide.mcu.externaltools.gnu-tools-for-stm32.10.3-2021.10.win32_1.0.100.202210260954/tools/bin/../lib/gcc/arm-none-eabi/10.3.1/thumb/v7e-m+fp/hard/crtbegin.o

.rodata         0x0000000008005774       0xdc
                0x0000000008005774                . = ALIGN (0x4)
 *(.rodata)
 .rodata        0x0000000008005774       0x98 ./Core/Src/Nextion.o
 *(.rodata*)
 .rodata._ZL8NEXT_END
                0x000000000800580c        0x3 ./Core/Src/Nextion.o
 *fill*         0x000000000800580f        0x1 
 .rodata._ZTV7Nextion
                0x0000000008005810       0x10 ./Core/Src/Nextion.o
                0x0000000008005810                vtable for Nextion
 .rodata._ZTV9ShiftRegs
                0x0000000008005820       0x10 ./Core/Src/ShiftRegs.o
                0x0000000008005820                vtable for ShiftRegs
 .rodata.AHBPrescTable
                0x0000000008005830       0x10 ./Core/Src/system_stm32f4xx.o
                0x0000000008005830                AHBPrescTable
 .rodata.APBPrescTable
                0x0000000008005840        0x8 ./Core/Src/system_stm32f4xx.o
                0x0000000008005840                APBPrescTable
 .rodata.flagBitshiftOffset.0
                0x0000000008005848        0x8 ./Drivers/STM32F4xx_HAL_Driver/Src/stm32f4xx_hal_dma.o
                0x0000000008005850                . = ALIGN (0x4)

.ARM.extab      0x0000000008005850        0x0
                0x0000000008005850                . = ALIGN (0x4)
 *(.ARM.extab* .gnu.linkonce.armextab.*)
                0x0000000008005850                . = ALIGN (0x4)

.ARM            0x0000000008005850        0x8
                0x0000000008005850                . = ALIGN (0x4)
                0x0000000008005850                __exidx_start = .
 *(.ARM.exidx*)
 .ARM.exidx     0x0000000008005850        0x8 c:/st/stm32cubeide_1.11.0/stm32cubeide/plugins/com.st.stm32cube.ide.mcu.externaltools.gnu-tools-for-stm32.10.3-2021.10.win32_1.0.100.202210260954/tools/bin/../lib/gcc/arm-none-eabi/10.3.1/thumb/v7e-m+fp/hard\libgcc.a(_udivmoddi4.o)
                0x0000000008005858                __exidx_end = .
                0x0000000008005858                . = ALIGN (0x4)

.rel.dyn        0x0000000008005858        0x0
 .rel.iplt      0x0000000008005858        0x0 c:/st/stm32cubeide_1.11.0/stm32cubeide/plugins/com.st.stm32cube.ide.mcu.externaltools.gnu-tools-for-stm32.10.3-2021.10.win32_1.0.100.202210260954/tools/bin/../lib/gcc/arm-none-eabi/10.3.1/thumb/v7e-m+fp/hard/crtbegin.o

.preinit_array  0x0000000008005858        0x0
                0x0000000008005858                . = ALIGN (0x4)
                0x0000000008005858                PROVIDE (__preinit_array_start = .)
 *(.preinit_array*)
                0x0000000008005858                PROVIDE (__preinit_array_end = .)
                0x0000000008005858                . = ALIGN (0x4)

.init_array     0x0000000008005858        0x8
                0x0000000008005858                . = ALIGN (0x4)
                0x0000000008005858                PROVIDE (__init_array_start = .)
 *(SORT_BY_NAME(.init_array.*))
 *(.init_array*)
 .init_array    0x0000000008005858        0x4 c:/st/stm32cubeide_1.11.0/stm32cubeide/plugins/com.st.stm32cube.ide.mcu.externaltools.gnu-tools-for-stm32.10.3-2021.10.win32_1.0.100.202210260954/tools/bin/../lib/gcc/arm-none-eabi/10.3.1/thumb/v7e-m+fp/hard/crtbegin.o
 .init_array    0x000000000800585c        0x4 ./Core/Src/MainWrapper.o
                0x0000000008005860                PROVIDE (__init_array_end = .)
                0x0000000008005860                . = ALIGN (0x4)

.fini_array     0x0000000008005860        0x8
                0x0000000008005860                . = ALIGN (0x4)
                [!provide]                        PROVIDE (__fini_array_start = .)
 *(SORT_BY_NAME(.fini_array.*))
 *(.fini_array*)
 .fini_array    0x0000000008005860        0x4 c:/st/stm32cubeide_1.11.0/stm32cubeide/plugins/com.st.stm32cube.ide.mcu.externaltools.gnu-tools-for-stm32.10.3-2021.10.win32_1.0.100.202210260954/tools/bin/../lib/gcc/arm-none-eabi/10.3.1/thumb/v7e-m+fp/hard/crtbegin.o
 .fini_array    0x0000000008005864        0x4 ./Core/Src/MainWrapper.o
                [!provide]                        PROVIDE (__fini_array_end = .)
                0x0000000008005868                . = ALIGN (0x4)
                0x0000000008005868                _sidata = LOADADDR (.data)

.data           0x0000000020000000       0x70 load address 0x0000000008005868
                0x0000000020000000                . = ALIGN (0x4)
                0x0000000020000000                _sdata = .
 *(.data)
 *(.data*)
 .data.SystemCoreClock
                0x0000000020000000        0x4 ./Core/Src/system_stm32f4xx.o
                0x0000000020000000                SystemCoreClock
 .data.uwTickPrio
                0x0000000020000004        0x4 ./Drivers/STM32F4xx_HAL_Driver/Src/stm32f4xx_hal.o
                0x0000000020000004                uwTickPrio
 .data.uwTickFreq
                0x0000000020000008        0x1 ./Drivers/STM32F4xx_HAL_Driver/Src/stm32f4xx_hal.o
                0x0000000020000008                uwTickFreq
 *fill*         0x0000000020000009        0x3 
 .data._impure_ptr
                0x000000002000000c        0x4 c:/st/stm32cubeide_1.11.0/stm32cubeide/plugins/com.st.stm32cube.ide.mcu.externaltools.gnu-tools-for-stm32.10.3-2021.10.win32_1.0.100.202210260954/tools/bin/../lib/gcc/arm-none-eabi/10.3.1/../../../../arm-none-eabi/lib/thumb/v7e-m+fp/hard\libc_nano.a(lib_a-impure.o)
                0x000000002000000c                _impure_ptr
 .data.impure_data
                0x0000000020000010       0x60 c:/st/stm32cubeide_1.11.0/stm32cubeide/plugins/com.st.stm32cube.ide.mcu.externaltools.gnu-tools-for-stm32.10.3-2021.10.win32_1.0.100.202210260954/tools/bin/../lib/gcc/arm-none-eabi/10.3.1/../../../../arm-none-eabi/lib/thumb/v7e-m+fp/hard\libc_nano.a(lib_a-impure.o)
 *(.RamFunc)
 *(.RamFunc*)
                0x0000000020000070                . = ALIGN (0x4)
                0x0000000020000070                _edata = .

.igot.plt       0x0000000020000070        0x0 load address 0x00000000080058d8
 .igot.plt      0x0000000020000070        0x0 c:/st/stm32cubeide_1.11.0/stm32cubeide/plugins/com.st.stm32cube.ide.mcu.externaltools.gnu-tools-for-stm32.10.3-2021.10.win32_1.0.100.202210260954/tools/bin/../lib/gcc/arm-none-eabi/10.3.1/thumb/v7e-m+fp/hard/crtbegin.o
                0x0000000020000070                . = ALIGN (0x4)

.bss            0x0000000020000070      0x384 load address 0x00000000080058d8
                0x0000000020000070                _sbss = .
                0x0000000020000070                __bss_start__ = _sbss
 *(.bss)
 .bss           0x0000000020000070       0x1c c:/st/stm32cubeide_1.11.0/stm32cubeide/plugins/com.st.stm32cube.ide.mcu.externaltools.gnu-tools-for-stm32.10.3-2021.10.win32_1.0.100.202210260954/tools/bin/../lib/gcc/arm-none-eabi/10.3.1/thumb/v7e-m+fp/hard/crtbegin.o
 *(.bss*)
 .bss.currentADCHandle
                0x000000002000008c        0x4 ./Core/Src/MainWrapper.o
                0x000000002000008c                currentADCHandle
 .bss.currentADCMemHandle
                0x0000000020000090        0x4 ./Core/Src/MainWrapper.o
                0x0000000020000090                currentADCMemHandle
 .bss.i2cHandle
                0x0000000020000094        0x4 ./Core/Src/MainWrapper.o
                0x0000000020000094                i2cHandle
 .bss.graphHandle
                0x0000000020000098        0x4 ./Core/Src/MainWrapper.o
                0x0000000020000098                graphHandle
 .bss.spiHandle
                0x000000002000009c        0x4 ./Core/Src/MainWrapper.o
                0x000000002000009c                spiHandle
 .bss.pwm2Handle
                0x00000000200000a0        0x4 ./Core/Src/MainWrapper.o
                0x00000000200000a0                pwm2Handle
 .bss.pwm3Handle
                0x00000000200000a4        0x4 ./Core/Src/MainWrapper.o
                0x00000000200000a4                pwm3Handle
 .bss.screenHandle
                0x00000000200000a8        0x4 ./Core/Src/MainWrapper.o
                0x00000000200000a8                screenHandle
 .bss.midiHandle
                0x00000000200000ac        0x4 ./Core/Src/MainWrapper.o
                0x00000000200000ac                midiHandle
 .bss.shiftReg  0x00000000200000b0       0x2c ./Core/Src/MainWrapper.o
                0x00000000200000b0                shiftReg
 .bss.screen    0x00000000200000dc       0x18 ./Core/Src/MainWrapper.o
                0x00000000200000dc                screen
 .bss.ledCount  0x00000000200000f4        0x1 ./Core/Src/MainWrapper.o
                0x00000000200000f4                ledCount
 *fill*         0x00000000200000f5        0x3 
 .bss.hadc1     0x00000000200000f8       0x64 ./Core/Src/main.o
                0x00000000200000f8                hadc1
 .bss.hdma_adc1
                0x000000002000015c       0x60 ./Core/Src/main.o
                0x000000002000015c                hdma_adc1
 .bss.hi2c1     0x00000000200001bc       0x54 ./Core/Src/main.o
                0x00000000200001bc                hi2c1
 .bss.hspi2     0x0000000020000210       0x58 ./Core/Src/main.o
                0x0000000020000210                hspi2
 .bss.hspi5     0x0000000020000268       0x58 ./Core/Src/main.o
                0x0000000020000268                hspi5
 .bss.htim2     0x00000000200002c0       0x48 ./Core/Src/main.o
                0x00000000200002c0                htim2
 .bss.htim3     0x0000000020000308       0x48 ./Core/Src/main.o
                0x0000000020000308                htim3
 .bss.huart1    0x0000000020000350       0x44 ./Core/Src/main.o
                0x0000000020000350                huart1
 .bss.huart2    0x0000000020000394       0x44 ./Core/Src/main.o
                0x0000000020000394                huart2
 .bss.__sbrk_heap_end
                0x00000000200003d8        0x4 ./Core/Src/sysmem.o
 .bss.uwTick    0x00000000200003dc        0x4 ./Drivers/STM32F4xx_HAL_Driver/Src/stm32f4xx_hal.o
                0x00000000200003dc                uwTick
 .bss._ZN12_GLOBAL__N_113__new_handlerE
                0x00000000200003e0        0x4 c:/st/stm32cubeide_1.11.0/stm32cubeide/plugins/com.st.stm32cube.ide.mcu.externaltools.gnu-tools-for-stm32.10.3-2021.10.win32_1.0.100.202210260954/tools/bin/../lib/gcc/arm-none-eabi/10.3.1/../../../../arm-none-eabi/lib/thumb/v7e-m+fp/hard\libstdc++_nano.a(new_handler.o)
 .bss.__malloc_free_list
                0x00000000200003e4        0x4 c:/st/stm32cubeide_1.11.0/stm32cubeide/plugins/com.st.stm32cube.ide.mcu.externaltools.gnu-tools-for-stm32.10.3-2021.10.win32_1.0.100.202210260954/tools/bin/../lib/gcc/arm-none-eabi/10.3.1/../../../../arm-none-eabi/lib/thumb/v7e-m+fp/hard\libc_nano.a(lib_a-nano-mallocr.o)
                0x00000000200003e4                __malloc_free_list
 .bss.__malloc_sbrk_start
                0x00000000200003e8        0x4 c:/st/stm32cubeide_1.11.0/stm32cubeide/plugins/com.st.stm32cube.ide.mcu.externaltools.gnu-tools-for-stm32.10.3-2021.10.win32_1.0.100.202210260954/tools/bin/../lib/gcc/arm-none-eabi/10.3.1/../../../../arm-none-eabi/lib/thumb/v7e-m+fp/hard\libc_nano.a(lib_a-nano-mallocr.o)
                0x00000000200003e8                __malloc_sbrk_start
 .bss.errno     0x00000000200003ec        0x4 c:/st/stm32cubeide_1.11.0/stm32cubeide/plugins/com.st.stm32cube.ide.mcu.externaltools.gnu-tools-for-stm32.10.3-2021.10.win32_1.0.100.202210260954/tools/bin/../lib/gcc/arm-none-eabi/10.3.1/../../../../arm-none-eabi/lib/thumb/v7e-m+fp/hard\libc_nano.a(lib_a-reent.o)
                0x00000000200003ec                errno
 .bss.__lock___malloc_recursive_mutex
                0x00000000200003f0        0x1 c:/st/stm32cubeide_1.11.0/stm32cubeide/plugins/com.st.stm32cube.ide.mcu.externaltools.gnu-tools-for-stm32.10.3-2021.10.win32_1.0.100.202210260954/tools/bin/../lib/gcc/arm-none-eabi/10.3.1/../../../../arm-none-eabi/lib/thumb/v7e-m+fp/hard\libc_nano.a(lib_a-lock.o)
                0x00000000200003f0                __lock___malloc_recursive_mutex
 *(COMMON)
                0x00000000200003f4                . = ALIGN (0x4)
 *fill*         0x00000000200003f1        0x3 
                0x00000000200003f4                _ebss = .
                0x00000000200003f4                __bss_end__ = _ebss

._user_heap_stack
                0x00000000200003f4      0x604 load address 0x00000000080058d8
                0x00000000200003f8                . = ALIGN (0x8)
 *fill*         0x00000000200003f4        0x4 
                [!provide]                        PROVIDE (end = .)
                0x00000000200003f8                PROVIDE (_end = .)
                0x00000000200005f8                . = (. + _Min_Heap_Size)
 *fill*         0x00000000200003f8      0x200 
                0x00000000200009f8                . = (. + _Min_Stack_Size)
 *fill*         0x00000000200005f8      0x400 
                0x00000000200009f8                . = ALIGN (0x8)

/DISCARD/
 libc.a(*)
 libm.a(*)
 libgcc.a(*)

.ARM.attributes
                0x0000000000000000       0x30
 *(.ARM.attributes)
 .ARM.attributes
                0x0000000000000000       0x1e c:/st/stm32cubeide_1.11.0/stm32cubeide/plugins/com.st.stm32cube.ide.mcu.externaltools.gnu-tools-for-stm32.10.3-2021.10.win32_1.0.100.202210260954/tools/bin/../lib/gcc/arm-none-eabi/10.3.1/thumb/v7e-m+fp/hard/crti.o
 .ARM.attributes
                0x000000000000001e       0x34 c:/st/stm32cubeide_1.11.0/stm32cubeide/plugins/com.st.stm32cube.ide.mcu.externaltools.gnu-tools-for-stm32.10.3-2021.10.win32_1.0.100.202210260954/tools/bin/../lib/gcc/arm-none-eabi/10.3.1/thumb/v7e-m+fp/hard/crtbegin.o
 .ARM.attributes
                0x0000000000000052       0x34 ./Core/Src/MainWrapper.o
 .ARM.attributes
                0x0000000000000086       0x34 ./Core/Src/Nextion.o
 .ARM.attributes
                0x00000000000000ba       0x34 ./Core/Src/ShiftRegs.o
 .ARM.attributes
                0x00000000000000ee       0x34 ./Core/Src/Utils.o
 .ARM.attributes
                0x0000000000000122       0x34 ./Core/Src/main.o
 .ARM.attributes
                0x0000000000000156       0x34 ./Core/Src/stm32f4xx_hal_msp.o
 .ARM.attributes
                0x000000000000018a       0x34 ./Core/Src/stm32f4xx_it.o
 .ARM.attributes
                0x00000000000001be       0x34 ./Core/Src/syscalls.o
 .ARM.attributes
                0x00000000000001f2       0x34 ./Core/Src/sysmem.o
 .ARM.attributes
                0x0000000000000226       0x34 ./Core/Src/system_stm32f4xx.o
 .ARM.attributes
                0x000000000000025a       0x21 ./Core/Startup/startup_stm32f412vetx.o
 .ARM.attributes
                0x000000000000027b       0x34 ./Drivers/STM32F4xx_HAL_Driver/Src/stm32f4xx_hal.o
 .ARM.attributes
                0x00000000000002af       0x34 ./Drivers/STM32F4xx_HAL_Driver/Src/stm32f4xx_hal_adc.o
 .ARM.attributes
                0x00000000000002e3       0x34 ./Drivers/STM32F4xx_HAL_Driver/Src/stm32f4xx_hal_adc_ex.o
 .ARM.attributes
                0x0000000000000317       0x34 ./Drivers/STM32F4xx_HAL_Driver/Src/stm32f4xx_hal_cortex.o
 .ARM.attributes
                0x000000000000034b       0x34 ./Drivers/STM32F4xx_HAL_Driver/Src/stm32f4xx_hal_dma.o
 .ARM.attributes
                0x000000000000037f       0x34 ./Drivers/STM32F4xx_HAL_Driver/Src/stm32f4xx_hal_gpio.o
 .ARM.attributes
                0x00000000000003b3       0x34 ./Drivers/STM32F4xx_HAL_Driver/Src/stm32f4xx_hal_i2c.o
 .ARM.attributes
                0x00000000000003e7       0x34 ./Drivers/STM32F4xx_HAL_Driver/Src/stm32f4xx_hal_rcc.o
 .ARM.attributes
                0x000000000000041b       0x34 ./Drivers/STM32F4xx_HAL_Driver/Src/stm32f4xx_hal_rcc_ex.o
 .ARM.attributes
                0x000000000000044f       0x34 ./Drivers/STM32F4xx_HAL_Driver/Src/stm32f4xx_hal_spi.o
 .ARM.attributes
                0x0000000000000483       0x34 ./Drivers/STM32F4xx_HAL_Driver/Src/stm32f4xx_hal_tim.o
 .ARM.attributes
                0x00000000000004b7       0x34 ./Drivers/STM32F4xx_HAL_Driver/Src/stm32f4xx_hal_tim_ex.o
 .ARM.attributes
                0x00000000000004eb       0x34 ./Drivers/STM32F4xx_HAL_Driver/Src/stm32f4xx_hal_uart.o
 .ARM.attributes
                0x000000000000051f       0x34 c:/st/stm32cubeide_1.11.0/stm32cubeide/plugins/com.st.stm32cube.ide.mcu.externaltools.gnu-tools-for-stm32.10.3-2021.10.win32_1.0.100.202210260954/tools/bin/../lib/gcc/arm-none-eabi/10.3.1/../../../../arm-none-eabi/lib/thumb/v7e-m+fp/hard\libstdc++_nano.a(del_ops.o)
 .ARM.attributes
                0x0000000000000553       0x34 c:/st/stm32cubeide_1.11.0/stm32cubeide/plugins/com.st.stm32cube.ide.mcu.externaltools.gnu-tools-for-stm32.10.3-2021.10.win32_1.0.100.202210260954/tools/bin/../lib/gcc/arm-none-eabi/10.3.1/../../../../arm-none-eabi/lib/thumb/v7e-m+fp/hard\libstdc++_nano.a(del_opv.o)
 .ARM.attributes
                0x0000000000000587       0x34 c:/st/stm32cubeide_1.11.0/stm32cubeide/plugins/com.st.stm32cube.ide.mcu.externaltools.gnu-tools-for-stm32.10.3-2021.10.win32_1.0.100.202210260954/tools/bin/../lib/gcc/arm-none-eabi/10.3.1/../../../../arm-none-eabi/lib/thumb/v7e-m+fp/hard\libstdc++_nano.a(new_op.o)
 .ARM.attributes
                0x00000000000005bb       0x34 c:/st/stm32cubeide_1.11.0/stm32cubeide/plugins/com.st.stm32cube.ide.mcu.externaltools.gnu-tools-for-stm32.10.3-2021.10.win32_1.0.100.202210260954/tools/bin/../lib/gcc/arm-none-eabi/10.3.1/../../../../arm-none-eabi/lib/thumb/v7e-m+fp/hard\libstdc++_nano.a(new_opv.o)
 .ARM.attributes
                0x00000000000005ef       0x34 c:/st/stm32cubeide_1.11.0/stm32cubeide/plugins/com.st.stm32cube.ide.mcu.externaltools.gnu-tools-for-stm32.10.3-2021.10.win32_1.0.100.202210260954/tools/bin/../lib/gcc/arm-none-eabi/10.3.1/../../../../arm-none-eabi/lib/thumb/v7e-m+fp/hard\libstdc++_nano.a(del_op.o)
 .ARM.attributes
                0x0000000000000623       0x34 c:/st/stm32cubeide_1.11.0/stm32cubeide/plugins/com.st.stm32cube.ide.mcu.externaltools.gnu-tools-for-stm32.10.3-2021.10.win32_1.0.100.202210260954/tools/bin/../lib/gcc/arm-none-eabi/10.3.1/../../../../arm-none-eabi/lib/thumb/v7e-m+fp/hard\libstdc++_nano.a(new_handler.o)
 .ARM.attributes
                0x0000000000000657       0x34 c:/st/stm32cubeide_1.11.0/stm32cubeide/plugins/com.st.stm32cube.ide.mcu.externaltools.gnu-tools-for-stm32.10.3-2021.10.win32_1.0.100.202210260954/tools/bin/../lib/gcc/arm-none-eabi/10.3.1/../../../../arm-none-eabi/lib/thumb/v7e-m+fp/hard\libc_nano.a(lib_a-abort.o)
 .ARM.attributes
                0x000000000000068b       0x34 c:/st/stm32cubeide_1.11.0/stm32cubeide/plugins/com.st.stm32cube.ide.mcu.externaltools.gnu-tools-for-stm32.10.3-2021.10.win32_1.0.100.202210260954/tools/bin/../lib/gcc/arm-none-eabi/10.3.1/../../../../arm-none-eabi/lib/thumb/v7e-m+fp/hard\libc_nano.a(lib_a-errno.o)
 .ARM.attributes
                0x00000000000006bf       0x34 c:/st/stm32cubeide_1.11.0/stm32cubeide/plugins/com.st.stm32cube.ide.mcu.externaltools.gnu-tools-for-stm32.10.3-2021.10.win32_1.0.100.202210260954/tools/bin/../lib/gcc/arm-none-eabi/10.3.1/../../../../arm-none-eabi/lib/thumb/v7e-m+fp/hard\libc_nano.a(lib_a-impure.o)
 .ARM.attributes
                0x00000000000006f3       0x34 c:/st/stm32cubeide_1.11.0/stm32cubeide/plugins/com.st.stm32cube.ide.mcu.externaltools.gnu-tools-for-stm32.10.3-2021.10.win32_1.0.100.202210260954/tools/bin/../lib/gcc/arm-none-eabi/10.3.1/../../../../arm-none-eabi/lib/thumb/v7e-m+fp/hard\libc_nano.a(lib_a-init.o)
 .ARM.attributes
                0x0000000000000727       0x34 c:/st/stm32cubeide_1.11.0/stm32cubeide/plugins/com.st.stm32cube.ide.mcu.externaltools.gnu-tools-for-stm32.10.3-2021.10.win32_1.0.100.202210260954/tools/bin/../lib/gcc/arm-none-eabi/10.3.1/../../../../arm-none-eabi/lib/thumb/v7e-m+fp/hard\libc_nano.a(lib_a-malloc.o)
 .ARM.attributes
                0x000000000000075b       0x34 c:/st/stm32cubeide_1.11.0/stm32cubeide/plugins/com.st.stm32cube.ide.mcu.externaltools.gnu-tools-for-stm32.10.3-2021.10.win32_1.0.100.202210260954/tools/bin/../lib/gcc/arm-none-eabi/10.3.1/../../../../arm-none-eabi/lib/thumb/v7e-m+fp/hard\libc_nano.a(lib_a-memset.o)
 .ARM.attributes
                0x000000000000078f       0x34 c:/st/stm32cubeide_1.11.0/stm32cubeide/plugins/com.st.stm32cube.ide.mcu.externaltools.gnu-tools-for-stm32.10.3-2021.10.win32_1.0.100.202210260954/tools/bin/../lib/gcc/arm-none-eabi/10.3.1/../../../../arm-none-eabi/lib/thumb/v7e-m+fp/hard\libc_nano.a(lib_a-nano-freer.o)
 .ARM.attributes
                0x00000000000007c3       0x34 c:/st/stm32cubeide_1.11.0/stm32cubeide/plugins/com.st.stm32cube.ide.mcu.externaltools.gnu-tools-for-stm32.10.3-2021.10.win32_1.0.100.202210260954/tools/bin/../lib/gcc/arm-none-eabi/10.3.1/../../../../arm-none-eabi/lib/thumb/v7e-m+fp/hard\libc_nano.a(lib_a-nano-mallocr.o)
 .ARM.attributes
                0x00000000000007f7       0x34 c:/st/stm32cubeide_1.11.0/stm32cubeide/plugins/com.st.stm32cube.ide.mcu.externaltools.gnu-tools-for-stm32.10.3-2021.10.win32_1.0.100.202210260954/tools/bin/../lib/gcc/arm-none-eabi/10.3.1/../../../../arm-none-eabi/lib/thumb/v7e-m+fp/hard\libc_nano.a(lib_a-sbrkr.o)
 .ARM.attributes
                0x000000000000082b       0x34 c:/st/stm32cubeide_1.11.0/stm32cubeide/plugins/com.st.stm32cube.ide.mcu.externaltools.gnu-tools-for-stm32.10.3-2021.10.win32_1.0.100.202210260954/tools/bin/../lib/gcc/arm-none-eabi/10.3.1/../../../../arm-none-eabi/lib/thumb/v7e-m+fp/hard\libc_nano.a(lib_a-signal.o)
 .ARM.attributes
                0x000000000000085f       0x34 c:/st/stm32cubeide_1.11.0/stm32cubeide/plugins/com.st.stm32cube.ide.mcu.externaltools.gnu-tools-for-stm32.10.3-2021.10.win32_1.0.100.202210260954/tools/bin/../lib/gcc/arm-none-eabi/10.3.1/../../../../arm-none-eabi/lib/thumb/v7e-m+fp/hard\libc_nano.a(lib_a-signalr.o)
 .ARM.attributes
                0x0000000000000893       0x17 c:/st/stm32cubeide_1.11.0/stm32cubeide/plugins/com.st.stm32cube.ide.mcu.externaltools.gnu-tools-for-stm32.10.3-2021.10.win32_1.0.100.202210260954/tools/bin/../lib/gcc/arm-none-eabi/10.3.1/../../../../arm-none-eabi/lib/thumb/v7e-m+fp/hard\libc_nano.a(lib_a-strlen.o)
 .ARM.attributes
                0x00000000000008aa       0x34 c:/st/stm32cubeide_1.11.0/stm32cubeide/plugins/com.st.stm32cube.ide.mcu.externaltools.gnu-tools-for-stm32.10.3-2021.10.win32_1.0.100.202210260954/tools/bin/../lib/gcc/arm-none-eabi/10.3.1/../../../../arm-none-eabi/lib/thumb/v7e-m+fp/hard\libc_nano.a(lib_a-mlock.o)
 .ARM.attributes
                0x00000000000008de       0x34 c:/st/stm32cubeide_1.11.0/stm32cubeide/plugins/com.st.stm32cube.ide.mcu.externaltools.gnu-tools-for-stm32.10.3-2021.10.win32_1.0.100.202210260954/tools/bin/../lib/gcc/arm-none-eabi/10.3.1/../../../../arm-none-eabi/lib/thumb/v7e-m+fp/hard\libc_nano.a(lib_a-reent.o)
 .ARM.attributes
                0x0000000000000912       0x34 c:/st/stm32cubeide_1.11.0/stm32cubeide/plugins/com.st.stm32cube.ide.mcu.externaltools.gnu-tools-for-stm32.10.3-2021.10.win32_1.0.100.202210260954/tools/bin/../lib/gcc/arm-none-eabi/10.3.1/../../../../arm-none-eabi/lib/thumb/v7e-m+fp/hard\libc_nano.a(lib_a-lock.o)
 .ARM.attributes
                0x0000000000000946       0x1e c:/st/stm32cubeide_1.11.0/stm32cubeide/plugins/com.st.stm32cube.ide.mcu.externaltools.gnu-tools-for-stm32.10.3-2021.10.win32_1.0.100.202210260954/tools/bin/../lib/gcc/arm-none-eabi/10.3.1/thumb/v7e-m+fp/hard\libgcc.a(_aeabi_uldivmod.o)
 .ARM.attributes
                0x0000000000000964       0x34 c:/st/stm32cubeide_1.11.0/stm32cubeide/plugins/com.st.stm32cube.ide.mcu.externaltools.gnu-tools-for-stm32.10.3-2021.10.win32_1.0.100.202210260954/tools/bin/../lib/gcc/arm-none-eabi/10.3.1/thumb/v7e-m+fp/hard\libgcc.a(_udivmoddi4.o)
 .ARM.attributes
                0x0000000000000998       0x1e c:/st/stm32cubeide_1.11.0/stm32cubeide/plugins/com.st.stm32cube.ide.mcu.externaltools.gnu-tools-for-stm32.10.3-2021.10.win32_1.0.100.202210260954/tools/bin/../lib/gcc/arm-none-eabi/10.3.1/thumb/v7e-m+fp/hard\libgcc.a(_dvmd_tls.o)
 .ARM.attributes
                0x00000000000009b6       0x1e c:/st/stm32cubeide_1.11.0/stm32cubeide/plugins/com.st.stm32cube.ide.mcu.externaltools.gnu-tools-for-stm32.10.3-2021.10.win32_1.0.100.202210260954/tools/bin/../lib/gcc/arm-none-eabi/10.3.1/thumb/v7e-m+fp/hard/crtn.o
OUTPUT(LightDrum.elf elf32-littlearm)
LOAD linker stubs
LOAD c:/st/stm32cubeide_1.11.0/stm32cubeide/plugins/com.st.stm32cube.ide.mcu.externaltools.gnu-tools-for-stm32.10.3-2021.10.win32_1.0.100.202210260954/tools/bin/../lib/gcc/arm-none-eabi/10.3.1/../../../../arm-none-eabi/lib/thumb/v7e-m+fp/hard\libc.a
LOAD c:/st/stm32cubeide_1.11.0/stm32cubeide/plugins/com.st.stm32cube.ide.mcu.externaltools.gnu-tools-for-stm32.10.3-2021.10.win32_1.0.100.202210260954/tools/bin/../lib/gcc/arm-none-eabi/10.3.1/../../../../arm-none-eabi/lib/thumb/v7e-m+fp/hard\libm.a
LOAD c:/st/stm32cubeide_1.11.0/stm32cubeide/plugins/com.st.stm32cube.ide.mcu.externaltools.gnu-tools-for-stm32.10.3-2021.10.win32_1.0.100.202210260954/tools/bin/../lib/gcc/arm-none-eabi/10.3.1/thumb/v7e-m+fp/hard\libgcc.a

.debug_info     0x0000000000000000    0x1db48
 .debug_info    0x0000000000000000     0x31fc ./Core/Src/MainWrapper.o
 .debug_info    0x00000000000031fc     0x266e ./Core/Src/Nextion.o
 .debug_info    0x000000000000586a     0x2f19 ./Core/Src/ShiftRegs.o
 .debug_info    0x0000000000008783      0x3d1 ./Core/Src/Utils.o
 .debug_info    0x0000000000008b54     0x1ed7 ./Core/Src/main.o
 .debug_info    0x000000000000aa2b     0x18f4 ./Core/Src/stm32f4xx_hal_msp.o
 .debug_info    0x000000000000c31f      0x3ec ./Core/Src/stm32f4xx_it.o
 .debug_info    0x000000000000c70b      0x6e0 ./Core/Src/syscalls.o
 .debug_info    0x000000000000cdeb      0x171 ./Core/Src/sysmem.o
 .debug_info    0x000000000000cf5c      0x55b ./Core/Src/system_stm32f4xx.o
 .debug_info    0x000000000000d4b7       0x22 ./Core/Startup/startup_stm32f412vetx.o
 .debug_info    0x000000000000d4d9      0x9a2 ./Drivers/STM32F4xx_HAL_Driver/Src/stm32f4xx_hal.o
 .debug_info    0x000000000000de7b      0xef0 ./Drivers/STM32F4xx_HAL_Driver/Src/stm32f4xx_hal_adc.o
 .debug_info    0x000000000000ed6b      0xc52 ./Drivers/STM32F4xx_HAL_Driver/Src/stm32f4xx_hal_adc_ex.o
 .debug_info    0x000000000000f9bd      0xe09 ./Drivers/STM32F4xx_HAL_Driver/Src/stm32f4xx_hal_cortex.o
 .debug_info    0x00000000000107c6      0x94f ./Drivers/STM32F4xx_HAL_Driver/Src/stm32f4xx_hal_dma.o
 .debug_info    0x0000000000011115      0x7be ./Drivers/STM32F4xx_HAL_Driver/Src/stm32f4xx_hal_gpio.o
 .debug_info    0x00000000000118d3     0x2617 ./Drivers/STM32F4xx_HAL_Driver/Src/stm32f4xx_hal_i2c.o
 .debug_info    0x0000000000013eea      0x9ab ./Drivers/STM32F4xx_HAL_Driver/Src/stm32f4xx_hal_rcc.o
 .debug_info    0x0000000000014895      0x801 ./Drivers/STM32F4xx_HAL_Driver/Src/stm32f4xx_hal_rcc_ex.o
 .debug_info    0x0000000000015096     0x1758 ./Drivers/STM32F4xx_HAL_Driver/Src/stm32f4xx_hal_spi.o
 .debug_info    0x00000000000167ee     0x2bbe ./Drivers/STM32F4xx_HAL_Driver/Src/stm32f4xx_hal_tim.o
 .debug_info    0x00000000000193ac     0x15e0 ./Drivers/STM32F4xx_HAL_Driver/Src/stm32f4xx_hal_tim_ex.o
 .debug_info    0x000000000001a98c     0x31bc ./Drivers/STM32F4xx_HAL_Driver/Src/stm32f4xx_hal_uart.o

.debug_abbrev   0x0000000000000000     0x396b
 .debug_abbrev  0x0000000000000000      0x4cb ./Core/Src/MainWrapper.o
 .debug_abbrev  0x00000000000004cb      0x3c4 ./Core/Src/Nextion.o
 .debug_abbrev  0x000000000000088f      0x5d3 ./Core/Src/ShiftRegs.o
 .debug_abbrev  0x0000000000000e62      0x1e5 ./Core/Src/Utils.o
 .debug_abbrev  0x0000000000001047      0x2c7 ./Core/Src/main.o
 .debug_abbrev  0x000000000000130e      0x245 ./Core/Src/stm32f4xx_hal_msp.o
 .debug_abbrev  0x0000000000001553      0x15f ./Core/Src/stm32f4xx_it.o
 .debug_abbrev  0x00000000000016b2      0x1b3 ./Core/Src/syscalls.o
 .debug_abbrev  0x0000000000001865       0xbb ./Core/Src/sysmem.o
 .debug_abbrev  0x0000000000001920      0x116 ./Core/Src/system_stm32f4xx.o
 .debug_abbrev  0x0000000000001a36       0x12 ./Core/Startup/startup_stm32f412vetx.o
 .debug_abbrev  0x0000000000001a48      0x20d ./Drivers/STM32F4xx_HAL_Driver/Src/stm32f4xx_hal.o
 .debug_abbrev  0x0000000000001c55      0x244 ./Drivers/STM32F4xx_HAL_Driver/Src/stm32f4xx_hal_adc.o
 .debug_abbrev  0x0000000000001e99      0x25f ./Drivers/STM32F4xx_HAL_Driver/Src/stm32f4xx_hal_adc_ex.o
 .debug_abbrev  0x00000000000020f8      0x316 ./Drivers/STM32F4xx_HAL_Driver/Src/stm32f4xx_hal_cortex.o
 .debug_abbrev  0x000000000000240e      0x25b ./Drivers/STM32F4xx_HAL_Driver/Src/stm32f4xx_hal_dma.o
 .debug_abbrev  0x0000000000002669      0x1c4 ./Drivers/STM32F4xx_HAL_Driver/Src/stm32f4xx_hal_gpio.o
 .debug_abbrev  0x000000000000282d      0x297 ./Drivers/STM32F4xx_HAL_Driver/Src/stm32f4xx_hal_i2c.o
 .debug_abbrev  0x0000000000002ac4      0x2aa ./Drivers/STM32F4xx_HAL_Driver/Src/stm32f4xx_hal_rcc.o
 .debug_abbrev  0x0000000000002d6e      0x1d9 ./Drivers/STM32F4xx_HAL_Driver/Src/stm32f4xx_hal_rcc_ex.o
 .debug_abbrev  0x0000000000002f47      0x26e ./Drivers/STM32F4xx_HAL_Driver/Src/stm32f4xx_hal_spi.o
 .debug_abbrev  0x00000000000031b5      0x25d ./Drivers/STM32F4xx_HAL_Driver/Src/stm32f4xx_hal_tim.o
 .debug_abbrev  0x0000000000003412      0x265 ./Drivers/STM32F4xx_HAL_Driver/Src/stm32f4xx_hal_tim_ex.o
 .debug_abbrev  0x0000000000003677      0x2f4 ./Drivers/STM32F4xx_HAL_Driver/Src/stm32f4xx_hal_uart.o

.debug_aranges  0x0000000000000000     0x1568
 .debug_aranges
                0x0000000000000000       0x78 ./Core/Src/MainWrapper.o
 .debug_aranges
                0x0000000000000078       0xc0 ./Core/Src/Nextion.o
 .debug_aranges
                0x0000000000000138       0x78 ./Core/Src/ShiftRegs.o
 .debug_aranges
                0x00000000000001b0       0x38 ./Core/Src/Utils.o
 .debug_aranges
                0x00000000000001e8       0x80 ./Core/Src/main.o
 .debug_aranges
                0x0000000000000268       0x78 ./Core/Src/stm32f4xx_hal_msp.o
 .debug_aranges
                0x00000000000002e0       0x68 ./Core/Src/stm32f4xx_it.o
 .debug_aranges
                0x0000000000000348       0xa8 ./Core/Src/syscalls.o
 .debug_aranges
                0x00000000000003f0       0x20 ./Core/Src/sysmem.o
 .debug_aranges
                0x0000000000000410       0x28 ./Core/Src/system_stm32f4xx.o
 .debug_aranges
                0x0000000000000438       0x28 ./Core/Startup/startup_stm32f412vetx.o
 .debug_aranges
                0x0000000000000460       0xf0 ./Drivers/STM32F4xx_HAL_Driver/Src/stm32f4xx_hal.o
 .debug_aranges
                0x0000000000000550       0xf8 ./Drivers/STM32F4xx_HAL_Driver/Src/stm32f4xx_hal_adc.o
 .debug_aranges
                0x0000000000000648       0x90 ./Drivers/STM32F4xx_HAL_Driver/Src/stm32f4xx_hal_adc_ex.o
 .debug_aranges
                0x00000000000006d8      0x118 ./Drivers/STM32F4xx_HAL_Driver/Src/stm32f4xx_hal_cortex.o
 .debug_aranges
                0x00000000000007f0       0x90 ./Drivers/STM32F4xx_HAL_Driver/Src/stm32f4xx_hal_dma.o
 .debug_aranges
                0x0000000000000880       0x58 ./Drivers/STM32F4xx_HAL_Driver/Src/stm32f4xx_hal_gpio.o
 .debug_aranges
                0x00000000000008d8      0x2a0 ./Drivers/STM32F4xx_HAL_Driver/Src/stm32f4xx_hal_i2c.o
 .debug_aranges
                0x0000000000000b78       0x88 ./Drivers/STM32F4xx_HAL_Driver/Src/stm32f4xx_hal_rcc.o
 .debug_aranges
                0x0000000000000c00       0x60 ./Drivers/STM32F4xx_HAL_Driver/Src/stm32f4xx_hal_rcc_ex.o
 .debug_aranges
                0x0000000000000c60      0x1d0 ./Drivers/STM32F4xx_HAL_Driver/Src/stm32f4xx_hal_spi.o
 .debug_aranges
                0x0000000000000e30      0x3d0 ./Drivers/STM32F4xx_HAL_Driver/Src/stm32f4xx_hal_tim.o
 .debug_aranges
                0x0000000000001200      0x168 ./Drivers/STM32F4xx_HAL_Driver/Src/stm32f4xx_hal_tim_ex.o
 .debug_aranges
                0x0000000000001368      0x200 ./Drivers/STM32F4xx_HAL_Driver/Src/stm32f4xx_hal_uart.o

.debug_ranges   0x0000000000000000     0x1438
 .debug_ranges  0x0000000000000000       0x68 ./Core/Src/MainWrapper.o
 .debug_ranges  0x0000000000000068       0xb0 ./Core/Src/Nextion.o
 .debug_ranges  0x0000000000000118       0x68 ./Core/Src/ShiftRegs.o
 .debug_ranges  0x0000000000000180       0x28 ./Core/Src/Utils.o
 .debug_ranges  0x00000000000001a8       0x70 ./Core/Src/main.o
 .debug_ranges  0x0000000000000218       0x68 ./Core/Src/stm32f4xx_hal_msp.o
 .debug_ranges  0x0000000000000280       0x58 ./Core/Src/stm32f4xx_it.o
 .debug_ranges  0x00000000000002d8       0x98 ./Core/Src/syscalls.o
 .debug_ranges  0x0000000000000370       0x10 ./Core/Src/sysmem.o
 .debug_ranges  0x0000000000000380       0x18 ./Core/Src/system_stm32f4xx.o
 .debug_ranges  0x0000000000000398       0x20 ./Core/Startup/startup_stm32f412vetx.o
 .debug_ranges  0x00000000000003b8       0xe0 ./Drivers/STM32F4xx_HAL_Driver/Src/stm32f4xx_hal.o
 .debug_ranges  0x0000000000000498       0xe8 ./Drivers/STM32F4xx_HAL_Driver/Src/stm32f4xx_hal_adc.o
 .debug_ranges  0x0000000000000580       0x80 ./Drivers/STM32F4xx_HAL_Driver/Src/stm32f4xx_hal_adc_ex.o
 .debug_ranges  0x0000000000000600      0x108 ./Drivers/STM32F4xx_HAL_Driver/Src/stm32f4xx_hal_cortex.o
 .debug_ranges  0x0000000000000708       0x80 ./Drivers/STM32F4xx_HAL_Driver/Src/stm32f4xx_hal_dma.o
 .debug_ranges  0x0000000000000788       0x48 ./Drivers/STM32F4xx_HAL_Driver/Src/stm32f4xx_hal_gpio.o
 .debug_ranges  0x00000000000007d0      0x2a8 ./Drivers/STM32F4xx_HAL_Driver/Src/stm32f4xx_hal_i2c.o
 .debug_ranges  0x0000000000000a78       0x78 ./Drivers/STM32F4xx_HAL_Driver/Src/stm32f4xx_hal_rcc.o
 .debug_ranges  0x0000000000000af0       0x50 ./Drivers/STM32F4xx_HAL_Driver/Src/stm32f4xx_hal_rcc_ex.o
 .debug_ranges  0x0000000000000b40      0x1c0 ./Drivers/STM32F4xx_HAL_Driver/Src/stm32f4xx_hal_spi.o
 .debug_ranges  0x0000000000000d00      0x3c0 ./Drivers/STM32F4xx_HAL_Driver/Src/stm32f4xx_hal_tim.o
 .debug_ranges  0x00000000000010c0      0x158 ./Drivers/STM32F4xx_HAL_Driver/Src/stm32f4xx_hal_tim_ex.o
 .debug_ranges  0x0000000000001218      0x220 ./Drivers/STM32F4xx_HAL_Driver/Src/stm32f4xx_hal_uart.o

.debug_macro    0x0000000000000000    0x2735c
 .debug_macro   0x0000000000000000      0x398 ./Core/Src/MainWrapper.o
 .debug_macro   0x0000000000000398      0xb50 ./Core/Src/MainWrapper.o
 .debug_macro   0x0000000000000ee8      0x18a ./Core/Src/MainWrapper.o
 .debug_macro   0x0000000000001072       0x10 ./Core/Src/MainWrapper.o
 .debug_macro   0x0000000000001082      0x3d1 ./Core/Src/MainWrapper.o
 .debug_macro   0x0000000000001453       0x18 ./Core/Src/MainWrapper.o
 .debug_macro   0x000000000000146b       0x22 ./Core/Src/MainWrapper.o
 .debug_macro   0x000000000000148d       0x4c ./Core/Src/MainWrapper.o
 .debug_macro   0x00000000000014d9       0x1e ./Core/Src/MainWrapper.o
 .debug_macro   0x00000000000014f7       0x94 ./Core/Src/MainWrapper.o
 .debug_macro   0x000000000000158b       0x3c ./Core/Src/MainWrapper.o
 .debug_macro   0x00000000000015c7       0x34 ./Core/Src/MainWrapper.o
 .debug_macro   0x00000000000015fb      0x17b ./Core/Src/MainWrapper.o
 .debug_macro   0x0000000000001776       0x16 ./Core/Src/MainWrapper.o
 .debug_macro   0x000000000000178c       0x43 ./Core/Src/MainWrapper.o
 .debug_macro   0x00000000000017cf       0x57 ./Core/Src/MainWrapper.o
 .debug_macro   0x0000000000001826       0x34 ./Core/Src/MainWrapper.o
 .debug_macro   0x000000000000185a       0x10 ./Core/Src/MainWrapper.o
 .debug_macro   0x000000000000186a       0x58 ./Core/Src/MainWrapper.o
 .debug_macro   0x00000000000018c2       0x71 ./Core/Src/MainWrapper.o
 .debug_macro   0x0000000000001933       0x16 ./Core/Src/MainWrapper.o
 .debug_macro   0x0000000000001949      0x12a ./Core/Src/MainWrapper.o
 .debug_macro   0x0000000000001a73      0x364 ./Core/Src/MainWrapper.o
 .debug_macro   0x0000000000001dd7      0x194 ./Core/Src/MainWrapper.o
 .debug_macro   0x0000000000001f6b       0x10 ./Core/Src/MainWrapper.o
 .debug_macro   0x0000000000001f7b       0x16 ./Core/Src/MainWrapper.o
 .debug_macro   0x0000000000001f91       0x35 ./Core/Src/MainWrapper.o
 .debug_macro   0x0000000000001fc6       0x16 ./Core/Src/MainWrapper.o
 .debug_macro   0x0000000000001fdc       0x29 ./Core/Src/MainWrapper.o
 .debug_macro   0x0000000000002005       0x10 ./Core/Src/MainWrapper.o
 .debug_macro   0x0000000000002015      0x3c7 ./Core/Src/MainWrapper.o
 .debug_macro   0x00000000000023dc      0x2ad ./Core/Src/MainWrapper.o
 .debug_macro   0x0000000000002689       0x2e ./Core/Src/MainWrapper.o
 .debug_macro   0x00000000000026b7       0x28 ./Core/Src/MainWrapper.o
 .debug_macro   0x00000000000026df       0x1c ./Core/Src/MainWrapper.o
 .debug_macro   0x00000000000026fb      0x103 ./Core/Src/MainWrapper.o
 .debug_macro   0x00000000000027fe       0x6a ./Core/Src/MainWrapper.o
 .debug_macro   0x0000000000002868      0x1df ./Core/Src/MainWrapper.o
 .debug_macro   0x0000000000002a47       0x1c ./Core/Src/MainWrapper.o
 .debug_macro   0x0000000000002a63       0x22 ./Core/Src/MainWrapper.o
 .debug_macro   0x0000000000002a85       0xd9 ./Core/Src/MainWrapper.o
 .debug_macro   0x0000000000002b5e     0x102d ./Core/Src/MainWrapper.o
 .debug_macro   0x0000000000003b8b      0x11f ./Core/Src/MainWrapper.o
 .debug_macro   0x0000000000003caa    0x146e9 ./Core/Src/MainWrapper.o
 .debug_macro   0x0000000000018393       0x6d ./Core/Src/MainWrapper.o
 .debug_macro   0x0000000000018400     0x367e ./Core/Src/MainWrapper.o
 .debug_macro   0x000000000001ba7e       0x56 ./Core/Src/MainWrapper.o
 .debug_macro   0x000000000001bad4      0x917 ./Core/Src/MainWrapper.o
 .debug_macro   0x000000000001c3eb      0x9fe ./Core/Src/MainWrapper.o
 .debug_macro   0x000000000001cde9      0x115 ./Core/Src/MainWrapper.o
 .debug_macro   0x000000000001cefe      0x192 ./Core/Src/MainWrapper.o
 .debug_macro   0x000000000001d090       0xa5 ./Core/Src/MainWrapper.o
 .debug_macro   0x000000000001d135      0x15f ./Core/Src/MainWrapper.o
 .debug_macro   0x000000000001d294      0x287 ./Core/Src/MainWrapper.o
 .debug_macro   0x000000000001d51b       0x5f ./Core/Src/MainWrapper.o
 .debug_macro   0x000000000001d57a      0x236 ./Core/Src/MainWrapper.o
 .debug_macro   0x000000000001d7b0      0x9e1 ./Core/Src/MainWrapper.o
 .debug_macro   0x000000000001e191      0x392 ./Core/Src/MainWrapper.o
 .debug_macro   0x000000000001e523      0x176 ./Core/Src/MainWrapper.o
 .debug_macro   0x000000000001e699       0xf9 ./Core/Src/MainWrapper.o
 .debug_macro   0x000000000001e792      0x132 ./Core/Src/MainWrapper.o
 .debug_macro   0x000000000001e8c4      0x29c ./Core/Src/MainWrapper.o
 .debug_macro   0x000000000001eb60       0x2e ./Core/Src/MainWrapper.o
 .debug_macro   0x000000000001eb8e      0x1b5 ./Core/Src/MainWrapper.o
 .debug_macro   0x000000000001ed43       0x22 ./Core/Src/MainWrapper.o
 .debug_macro   0x000000000001ed65       0xd6 ./Core/Src/MainWrapper.o
 .debug_macro   0x000000000001ee3b      0x11a ./Core/Src/MainWrapper.o
 .debug_macro   0x000000000001ef55       0x91 ./Core/Src/MainWrapper.o
 .debug_macro   0x000000000001efe6       0x89 ./Core/Src/MainWrapper.o
 .debug_macro   0x000000000001f06f      0x225 ./Core/Src/MainWrapper.o
 .debug_macro   0x000000000001f294      0x8e6 ./Core/Src/MainWrapper.o
 .debug_macro   0x000000000001fb7a       0x47 ./Core/Src/MainWrapper.o
 .debug_macro   0x000000000001fbc1      0x295 ./Core/Src/MainWrapper.o
 .debug_macro   0x000000000001fe56      0x126 ./Core/Src/MainWrapper.o
 .debug_macro   0x000000000001ff7c      0x1f3 ./Core/Src/MainWrapper.o
 .debug_macro   0x000000000002016f       0x10 ./Core/Src/MainWrapper.o
 .debug_macro   0x000000000002017f      0x48b ./Core/Src/Nextion.o
 .debug_macro   0x000000000002060a       0x16 ./Core/Src/Nextion.o
 .debug_macro   0x0000000000020620       0x97 ./Core/Src/Nextion.o
 .debug_macro   0x00000000000206b7      0x104 ./Core/Src/Nextion.o
 .debug_macro   0x00000000000207bb       0x10 ./Core/Src/Nextion.o
 .debug_macro   0x00000000000207cb       0x10 ./Core/Src/Nextion.o
 .debug_macro   0x00000000000207db       0x1c ./Core/Src/Nextion.o
 .debug_macro   0x00000000000207f7       0x52 ./Core/Src/Nextion.o
 .debug_macro   0x0000000000020849       0x22 ./Core/Src/Nextion.o
 .debug_macro   0x000000000002086b       0x10 ./Core/Src/Nextion.o
 .debug_macro   0x000000000002087b       0x52 ./Core/Src/Nextion.o
 .debug_macro   0x00000000000208cd       0xd5 ./Core/Src/Nextion.o
 .debug_macro   0x00000000000209a2       0x1c ./Core/Src/Nextion.o
 .debug_macro   0x00000000000209be       0x3d ./Core/Src/Nextion.o
 .debug_macro   0x00000000000209fb       0x16 ./Core/Src/Nextion.o
 .debug_macro   0x0000000000020a11      0x137 ./Core/Src/Nextion.o
 .debug_macro   0x0000000000020b48       0xf4 ./Core/Src/Nextion.o
 .debug_macro   0x0000000000020c3c       0x16 ./Core/Src/Nextion.o
 .debug_macro   0x0000000000020c52       0x20 ./Core/Src/Nextion.o
 .debug_macro   0x0000000000020c72      0x76a ./Core/Src/ShiftRegs.o
 .debug_macro   0x00000000000213dc       0x8e ./Core/Src/ShiftRegs.o
 .debug_macro   0x000000000002146a       0x51 ./Core/Src/ShiftRegs.o
 .debug_macro   0x00000000000214bb       0x5c ./Core/Src/ShiftRegs.o
 .debug_macro   0x0000000000021517       0x1c ./Core/Src/ShiftRegs.o
 .debug_macro   0x0000000000021533       0x4f ./Core/Src/ShiftRegs.o
 .debug_macro   0x0000000000021582       0x41 ./Core/Src/ShiftRegs.o
 .debug_macro   0x00000000000215c3       0x12 ./Core/Src/ShiftRegs.o
 .debug_macro   0x00000000000215d5       0x28 ./Core/Src/ShiftRegs.o
 .debug_macro   0x00000000000215fd       0x2e ./Core/Src/ShiftRegs.o
 .debug_macro   0x000000000002162b       0x19 ./Core/Src/ShiftRegs.o
 .debug_macro   0x0000000000021644       0x88 ./Core/Src/ShiftRegs.o
 .debug_macro   0x00000000000216cc       0x19 ./Core/Src/ShiftRegs.o
 .debug_macro   0x00000000000216e5       0x52 ./Core/Src/ShiftRegs.o
 .debug_macro   0x0000000000021737       0x1c ./Core/Src/ShiftRegs.o
 .debug_macro   0x0000000000021753       0x3c ./Core/Src/ShiftRegs.o
 .debug_macro   0x000000000002178f       0x10 ./Core/Src/ShiftRegs.o
 .debug_macro   0x000000000002179f       0x33 ./Core/Src/ShiftRegs.o
 .debug_macro   0x00000000000217d2      0x173 ./Core/Src/ShiftRegs.o
 .debug_macro   0x0000000000021945       0x10 ./Core/Src/ShiftRegs.o
 .debug_macro   0x0000000000021955       0x11 ./Core/Src/ShiftRegs.o
 .debug_macro   0x0000000000021966       0x10 ./Core/Src/ShiftRegs.o
 .debug_macro   0x0000000000021976       0x5e ./Core/Src/ShiftRegs.o
 .debug_macro   0x00000000000219d4       0x16 ./Core/Src/ShiftRegs.o
 .debug_macro   0x00000000000219ea       0x52 ./Core/Src/ShiftRegs.o
 .debug_macro   0x0000000000021a3c       0x5e ./Core/Src/ShiftRegs.o
 .debug_macro   0x0000000000021a9a       0x11 ./Core/Src/ShiftRegs.o
 .debug_macro   0x0000000000021aab       0x11 ./Core/Src/ShiftRegs.o
 .debug_macro   0x0000000000021abc       0x2f ./Core/Src/ShiftRegs.o
 .debug_macro   0x0000000000021aeb       0x16 ./Core/Src/ShiftRegs.o
 .debug_macro   0x0000000000021b01       0x10 ./Core/Src/ShiftRegs.o
 .debug_macro   0x0000000000021b11       0x1c ./Core/Src/ShiftRegs.o
 .debug_macro   0x0000000000021b2d       0xde ./Core/Src/ShiftRegs.o
 .debug_macro   0x0000000000021c0b       0x1c ./Core/Src/ShiftRegs.o
 .debug_macro   0x0000000000021c27      0x130 ./Core/Src/ShiftRegs.o
 .debug_macro   0x0000000000021d57      0x11d ./Core/Src/ShiftRegs.o
 .debug_macro   0x0000000000021e74       0x10 ./Core/Src/ShiftRegs.o
 .debug_macro   0x0000000000021e84      0x241 ./Core/Src/ShiftRegs.o
 .debug_macro   0x00000000000220c5       0x17 ./Core/Src/ShiftRegs.o
 .debug_macro   0x00000000000220dc       0x2b ./Core/Src/ShiftRegs.o
 .debug_macro   0x0000000000022107      0x245 ./Core/Src/Utils.o
 .debug_macro   0x000000000002234c      0x244 ./Core/Src/main.o
 .debug_macro   0x0000000000022590      0xa78 ./Core/Src/main.o
 .debug_macro   0x0000000000023008     0x102d ./Core/Src/main.o
 .debug_macro   0x0000000000024035      0x174 ./Core/Src/main.o
 .debug_macro   0x00000000000241a9      0x240 ./Core/Src/stm32f4xx_hal_msp.o
 .debug_macro   0x00000000000243e9      0x24a ./Core/Src/stm32f4xx_it.o
 .debug_macro   0x0000000000024633      0x24c ./Core/Src/syscalls.o
 .debug_macro   0x000000000002487f       0x34 ./Core/Src/syscalls.o
 .debug_macro   0x00000000000248b3      0x341 ./Core/Src/syscalls.o
 .debug_macro   0x0000000000024bf4       0x43 ./Core/Src/syscalls.o
 .debug_macro   0x0000000000024c37       0x1c ./Core/Src/syscalls.o
 .debug_macro   0x0000000000024c53       0x10 ./Core/Src/syscalls.o
 .debug_macro   0x0000000000024c63       0x35 ./Core/Src/syscalls.o
 .debug_macro   0x0000000000024c98       0x10 ./Core/Src/syscalls.o
 .debug_macro   0x0000000000024ca8       0x10 ./Core/Src/syscalls.o
 .debug_macro   0x0000000000024cb8       0x35 ./Core/Src/syscalls.o
 .debug_macro   0x0000000000024ced      0x12c ./Core/Src/syscalls.o
 .debug_macro   0x0000000000024e19       0x10 ./Core/Src/syscalls.o
 .debug_macro   0x0000000000024e29      0x145 ./Core/Src/syscalls.o
 .debug_macro   0x0000000000024f6e      0x189 ./Core/Src/syscalls.o
 .debug_macro   0x00000000000250f7       0x16 ./Core/Src/syscalls.o
 .debug_macro   0x000000000002510d       0xce ./Core/Src/syscalls.o
 .debug_macro   0x00000000000251db       0xff ./Core/Src/sysmem.o
 .debug_macro   0x00000000000252da      0x23b ./Core/Src/sysmem.o
 .debug_macro   0x0000000000025515      0x219 ./Core/Src/system_stm32f4xx.o
 .debug_macro   0x000000000002572e      0x279 ./Drivers/STM32F4xx_HAL_Driver/Src/stm32f4xx_hal.o
 .debug_macro   0x00000000000259a7      0x21a ./Drivers/STM32F4xx_HAL_Driver/Src/stm32f4xx_hal_adc.o
 .debug_macro   0x0000000000025bc1      0x219 ./Drivers/STM32F4xx_HAL_Driver/Src/stm32f4xx_hal_adc_ex.o
 .debug_macro   0x0000000000025dda      0x219 ./Drivers/STM32F4xx_HAL_Driver/Src/stm32f4xx_hal_cortex.o
 .debug_macro   0x0000000000025ff3      0x21f ./Drivers/STM32F4xx_HAL_Driver/Src/stm32f4xx_hal_dma.o
 .debug_macro   0x0000000000026212      0x21f ./Drivers/STM32F4xx_HAL_Driver/Src/stm32f4xx_hal_gpio.o
 .debug_macro   0x0000000000026431      0x260 ./Drivers/STM32F4xx_HAL_Driver/Src/stm32f4xx_hal_i2c.o
 .debug_macro   0x0000000000026691      0x23d ./Drivers/STM32F4xx_HAL_Driver/Src/stm32f4xx_hal_rcc.o
 .debug_macro   0x00000000000268ce      0x219 ./Drivers/STM32F4xx_HAL_Driver/Src/stm32f4xx_hal_rcc_ex.o
 .debug_macro   0x0000000000026ae7      0x228 ./Drivers/STM32F4xx_HAL_Driver/Src/stm32f4xx_hal_spi.o
 .debug_macro   0x0000000000026d0f      0x21a ./Drivers/STM32F4xx_HAL_Driver/Src/stm32f4xx_hal_tim.o
 .debug_macro   0x0000000000026f29      0x219 ./Drivers/STM32F4xx_HAL_Driver/Src/stm32f4xx_hal_tim_ex.o
 .debug_macro   0x0000000000027142      0x21a ./Drivers/STM32F4xx_HAL_Driver/Src/stm32f4xx_hal_uart.o

.debug_line     0x0000000000000000    0x1b458
 .debug_line    0x0000000000000000      0xe7c ./Core/Src/MainWrapper.o
 .debug_line    0x0000000000000e7c     0x1074 ./Core/Src/Nextion.o