../Core/Src/main.c:89:5:main	8	static
../Core/Src/main.c:144:6:SystemClock_Config	88	static
../Core/Src/main.c:191:13:MX_ADC1_Init	24	static
../Core/Src/main.c:243:13:MX_I2C1_Init	8	static
../Core/Src/main.c:277:13:MX_SPI2_Init	8	static
../Core/Src/main.c:315:13:MX_SPI5_Init	8	static
../Core/Src/main.c:353:13:MX_TIM1_Init	32	static
../Core/Src/main.c:399:13:MX_TIM2_Init	64	static
../Core/Src/main.c:462:13:MX_TIM3_Init	48	static
../Core/Src/main.c:523:13:MX_TIM9_Init	40	static
../Core/Src/main.c:565:13:MX_USART1_UART_Init	8	static
../Core/Src/main.c:598:13:MX_USART2_UART_Init	8	static
../Core/Src/main.c:629:13:MX_DMA_Init	16	static
../Core/Src/main.c:647:13:MX_GPIO_Init	56	static
../Core/Src/main.c:740:6:Error_Handler	4	static,ignoring_inline_asm
