../Core/Inc/Utils.h:24:2:Pin::Pin()	16	static
../Core/Inc/Utils.h:25:2:Pin::Pin(GPIO_TypeDef*, uint16_t)	24	static
../Core/Inc/ShiftRegs.h:37:2:ShiftRegs::ShiftRegs()	16	static
../Core/Src/MainWrapper.cpp:61:6:void ToggleTest(uint8_t, int)	24	static
../Core/Src/MainWrapper.cpp:72:6:void EaseInDebug()	16	static
../Core/Src/MainWrapper.cpp:81:6:void EaseInStatus()	16	static
../Core/Inc/ShiftRegs.h:34:7:constexpr ShiftRegs& ShiftRegs::operator=(const ShiftRegs&)	16	static
../Core/Src/MainWrapper.cpp:94:6:void Init(ADC_HandleTypeDef*, DMA_HandleTypeDef*, I2C_HandleTypeDef*, SPI_HandleTypeDef*, SPI_HandleTypeDef*, TIM_HandleTypeDef*, TIM_HandleTypeDef*, UART_HandleTypeDef*, UART_HandleTypeDef*)	96	static
../Core/Src/MainWrapper.cpp:126:6:void InitTest()	8	static
../Core/Src/MainWrapper.cpp:135:6:void Main()	8	static
../Core/Src/MainWrapper.cpp:182:6:void MenuUpInterruptCallback()	8	static
../Core/Src/MainWrapper.cpp:186:6:void MenuDownInterruptCallback()	8	static
../Core/Src/MainWrapper.cpp:196:6:void MenuRightInterruptCallback()	8	static
../Core/Src/MainWrapper.cpp:200:6:void MenuActInterruptCallback()	8	static
../Core/Src/MainWrapper.cpp:204:6:void MenuBackInterruptCallback()	8	static
../Core/Src/MainWrapper.cpp:208:6:void Enc1SwInterruptCallback()	8	static
../Core/Src/MainWrapper.cpp:212:6:void Enc2SwInterruptCallback()	8	static
../Core/Src/MainWrapper.cpp:216:6:void Enc1TurnInterruptCallback()	4	static
../Core/Src/MainWrapper.cpp:225:6:void Enc2TurnInterruptCallback()	4	static
../Core/Src/MainWrapper.cpp:229:1:void __static_initialization_and_destruction_0(int, int)	16	static
../Core/Src/MainWrapper.cpp:229:1:cpp)	8	static
../Core/Src/MainWrapper.cpp:229:1:cpp)	8	static
