../Core/Src/main.c:85:5:main	32	static
../Core/Src/main.c:153:6:SystemClock_Config	88	static
../Core/Src/main.c:200:13:MX_ADC1_Init	24	static
../Core/Src/main.c:252:13:MX_I2C1_Init	8	static
../Core/Src/main.c:286:13:MX_SPI2_Init	8	static
../Core/Src/main.c:324:13:MX_SPI5_Init	8	static
../Core/Src/main.c:362:13:MX_TIM2_Init	64	static
../Core/Src/main.c:425:13:MX_TIM3_Init	64	static
../Core/Src/main.c:498:13:MX_USART1_UART_Init	8	static
../Core/Src/main.c:531:13:MX_USART2_UART_Init	8	static
../Core/Src/main.c:562:13:MX_DMA_Init	16	static
../Core/Src/main.c:580:13:MX_GPIO_Init	56	static
../Core/Src/main.c:673:6:Error_Handler	4	static,ignoring_inline_asm
