../Core/Src/Nextion.cpp:14:1:Nextion::Nextion()	16	static
../Core/Src/Nextion.cpp:22:1:Nextion::~Nextion()	16	static
../Core/Src/Nextion.cpp:22:1:virtual Nextion::~Nextion()	16	static
../Core/Src/Nextion.cpp:29:6:void Nextion::Startup(UART_HandleTypeDef*)	16	static
../Core/Src/Nextion.cpp:37:6:bool Nextion::CommandCheck()	16	static
../Core/Src/Nextion.cpp:46:6:bool Nextion::SendCommand()	24	static
../Core/Src/Nextion.cpp:55:6:bool Nextion::SendCommand(const char*)	24	static
../Core/Src/Nextion.cpp:64:6:void Nextion::SetBaud(int, bool)	40	static
../Core/Src/Nextion.cpp:71:6:void Nextion::ToggleSleep()	24	static
../Core/Src/Nextion.cpp:81:6:void Nextion::ToggleSleep(bool)	16	static
../Core/Src/Nextion.cpp:90:6:void Nextion::HomePage()	16	static
../Core/Src/Nextion.cpp:95:6:void Nextion::SetPage(uint8_t)	16	static
../Core/Src/Nextion.cpp:101:6:void Nextion::SetBrightness(uint8_t, bool)	32	static
../Core/Src/Nextion.cpp:111:6:void Nextion::FullBrightness(bool)	16	static
../Core/Src/Nextion.cpp:116:6:void Nextion::SetNumber(uint8_t, int)	32	static
../Core/Src/Nextion.cpp:122:6:void Nextion::SetProgressBar(uint8_t, uint8_t)	24	static
../Core/Src/Nextion.cpp:128:6:void Nextion::SetGauge(uint8_t, uint16_t)	24	static
../Core/Src/Nextion.cpp:134:6:void Nextion::UpdateGraph(uint8_t, uint8_t, uint8_t)	24	static
../Core/Src/Nextion.cpp:140:6:void Nextion::ClearGraph(uint8_t, uint8_t)	24	static
../Core/Src/Nextion.cpp:146:6:void Nextion::SetGraphScale(uint8_t, uint16_t)	24	static
../Core/Src/Nextion.cpp:152:6:void Nextion::SetClick(uint8_t, bool)	24	static
